Archive member included to satisfy reference by file (symbol)

C:/ST/STM32CubeIDE_2.0.0/STM32CubeIDE/plugins/com.st.stm32cube.ide.mcu.externaltools.gnu-tools-for-stm32.13.3.rel1.win32_1.0.100.202509120712/tools/bin/../lib/gcc/arm-none-eabi/13.3.1/../../../../arm-none-eabi/lib/thumb/v7-m/nofp\libc_nano.a(libc_a-exit.o)
                              C:/ST/STM32CubeIDE_2.0.0/STM32CubeIDE/plugins/com.st.stm32cube.ide.mcu.externaltools.gnu-tools-for-stm32.13.3.rel1.win32_1.0.100.202509120712/tools/bin/../lib/gcc/arm-none-eabi/13.3.1/../../../../arm-none-eabi/lib/thumb/v7-m/nofp/crt0.o (exit)
C:/ST/STM32CubeIDE_2.0.0/STM32CubeIDE/plugins/com.st.stm32cube.ide.mcu.externaltools.gnu-tools-for-stm32.13.3.rel1.win32_1.0.100.202509120712/tools/bin/../lib/gcc/arm-none-eabi/13.3.1/../../../../arm-none-eabi/lib/thumb/v7-m/nofp\libc_nano.a(libc_a-strtoul.o)
                              ./Core/Src/app/app.o (strtoul)
C:/ST/STM32CubeIDE_2.0.0/STM32CubeIDE/plugins/com.st.stm32cube.ide.mcu.externaltools.gnu-tools-for-stm32.13.3.rel1.win32_1.0.100.202509120712/tools/bin/../lib/gcc/arm-none-eabi/13.3.1/../../../../arm-none-eabi/lib/thumb/v7-m/nofp\libc_nano.a(libc_a-ctype_.o)
                              C:/ST/STM32CubeIDE_2.0.0/STM32CubeIDE/plugins/com.st.stm32cube.ide.mcu.externaltools.gnu-tools-for-stm32.13.3.rel1.win32_1.0.100.202509120712/tools/bin/../lib/gcc/arm-none-eabi/13.3.1/../../../../arm-none-eabi/lib/thumb/v7-m/nofp\libc_nano.a(libc_a-strtoul.o) (_ctype_)
C:/ST/STM32CubeIDE_2.0.0/STM32CubeIDE/plugins/com.st.stm32cube.ide.mcu.externaltools.gnu-tools-for-stm32.13.3.rel1.win32_1.0.100.202509120712/tools/bin/../lib/gcc/arm-none-eabi/13.3.1/../../../../arm-none-eabi/lib/thumb/v7-m/nofp\libc_nano.a(libc_a-findfp.o)
                              C:/ST/STM32CubeIDE_2.0.0/STM32CubeIDE/plugins/com.st.stm32cube.ide.mcu.externaltools.gnu-tools-for-stm32.13.3.rel1.win32_1.0.100.202509120712/tools/bin/../lib/gcc/arm-none-eabi/13.3.1/../../../../arm-none-eabi/lib/thumb/v7-m/nofp\libc_nano.a(libc_a-exit.o) (__stdio_exit_handler)
C:/ST/STM32CubeIDE_2.0.0/STM32CubeIDE/plugins/com.st.stm32cube.ide.mcu.externaltools.gnu-tools-for-stm32.13.3.rel1.win32_1.0.100.202509120712/tools/bin/../lib/gcc/arm-none-eabi/13.3.1/../../../../arm-none-eabi/lib/thumb/v7-m/nofp\libc_nano.a(libc_a-fwalk.o)
                              C:/ST/STM32CubeIDE_2.0.0/STM32CubeIDE/plugins/com.st.stm32cube.ide.mcu.externaltools.gnu-tools-for-stm32.13.3.rel1.win32_1.0.100.202509120712/tools/bin/../lib/gcc/arm-none-eabi/13.3.1/../../../../arm-none-eabi/lib/thumb/v7-m/nofp\libc_nano.a(libc_a-findfp.o) (_fwalk_sglue)
C:/ST/STM32CubeIDE_2.0.0/STM32CubeIDE/plugins/com.st.stm32cube.ide.mcu.externaltools.gnu-tools-for-stm32.13.3.rel1.win32_1.0.100.202509120712/tools/bin/../lib/gcc/arm-none-eabi/13.3.1/../../../../arm-none-eabi/lib/thumb/v7-m/nofp\libc_nano.a(libc_a-snprintf.o)
                              ./Core/Src/app/bt_link.o (snprintf)
C:/ST/STM32CubeIDE_2.0.0/STM32CubeIDE/plugins/com.st.stm32cube.ide.mcu.externaltools.gnu-tools-for-stm32.13.3.rel1.win32_1.0.100.202509120712/tools/bin/../lib/gcc/arm-none-eabi/13.3.1/../../../../arm-none-eabi/lib/thumb/v7-m/nofp\libc_nano.a(libc_a-stdio.o)
                              C:/ST/STM32CubeIDE_2.0.0/STM32CubeIDE/plugins/com.st.stm32cube.ide.mcu.externaltools.gnu-tools-for-stm32.13.3.rel1.win32_1.0.100.202509120712/tools/bin/../lib/gcc/arm-none-eabi/13.3.1/../../../../arm-none-eabi/lib/thumb/v7-m/nofp\libc_nano.a(libc_a-findfp.o) (__sread)
C:/ST/STM32CubeIDE_2.0.0/STM32CubeIDE/plugins/com.st.stm32cube.ide.mcu.externaltools.gnu-tools-for-stm32.13.3.rel1.win32_1.0.100.202509120712/tools/bin/../lib/gcc/arm-none-eabi/13.3.1/../../../../arm-none-eabi/lib/thumb/v7-m/nofp\libc_nano.a(libc_a-vsnprintf.o)
                              ./Core/Src/app/app.o (vsnprintf)
C:/ST/STM32CubeIDE_2.0.0/STM32CubeIDE/plugins/com.st.stm32cube.ide.mcu.externaltools.gnu-tools-for-stm32.13.3.rel1.win32_1.0.100.202509120712/tools/bin/../lib/gcc/arm-none-eabi/13.3.1/../../../../arm-none-eabi/lib/thumb/v7-m/nofp\libc_nano.a(libc_a-memset.o)
                              C:/ST/STM32CubeIDE_2.0.0/STM32CubeIDE/plugins/com.st.stm32cube.ide.mcu.externaltools.gnu-tools-for-stm32.13.3.rel1.win32_1.0.100.202509120712/tools/bin/../lib/gcc/arm-none-eabi/13.3.1/../../../../arm-none-eabi/lib/thumb/v7-m/nofp/crt0.o (memset)
C:/ST/STM32CubeIDE_2.0.0/STM32CubeIDE/plugins/com.st.stm32cube.ide.mcu.externaltools.gnu-tools-for-stm32.13.3.rel1.win32_1.0.100.202509120712/tools/bin/../lib/gcc/arm-none-eabi/13.3.1/../../../../arm-none-eabi/lib/thumb/v7-m/nofp\libc_nano.a(libc_a-strncmp.o)
                              ./Core/Src/app/app.o (strncmp)
C:/ST/STM32CubeIDE_2.0.0/STM32CubeIDE/plugins/com.st.stm32cube.ide.mcu.externaltools.gnu-tools-for-stm32.13.3.rel1.win32_1.0.100.202509120712/tools/bin/../lib/gcc/arm-none-eabi/13.3.1/../../../../arm-none-eabi/lib/thumb/v7-m/nofp\libc_nano.a(libc_a-strncpy.o)
                              ./Core/Src/app/app.o (strncpy)
[...]
Memory Configuration

Name             Origin             Length             Attributes
RAM              0x20000000         0x00005000         xrw
FLASH            0x08000000         0x00020000         xr
*default*        0x00000000         0xffffffff

Linker script and memory map

LOAD C:/ST/STM32CubeIDE_2.0.0/STM32CubeIDE/plugins/com.st.stm32cube.ide.mcu.externaltools.gnu-tools-for-stm32.13.3.rel1.win32_1.0.100.202509120712/tools/bin/../lib/gcc/arm-none-eabi/13.3.1/thumb/v7-m/nofp/crti.o
LOAD C:/ST/STM32CubeIDE_2.0.0/STM32CubeIDE/plugins/com.st.stm32cube.ide.mcu.externaltools.gnu-tools-for-stm32.13.3.rel1.win32_1.0.100.202509120712/tools/bin/../lib/gcc/arm-none-eabi/13.3.1/thumb/v7-m/nofp/crtbegin.o
LOAD C:/ST/STM32CubeIDE_2.0.0/STM32CubeIDE/plugins/com.st.stm32cube.ide.mcu.externaltools.gnu-tools-for-stm32.13.3.rel1.win32_1.0.100.202509120712/tools/bin/../lib/gcc/arm-none-eabi/13.3.1/../../../../arm-none-eabi/lib/thumb/v7-m/nofp/crt0.o
LOAD ./Core/Src/app/app.o
LOAD ./Core/Src/app/bt_link.o
LOAD ./Core/Src/app/button_input.o
LOAD ./Core/Src/app/buzzer.o
LOAD ./Core/Src/app/led_ui.o
LOAD ./Core/Src/app/light_sensor.o
LOAD ./Core/Src/app/morse_decoder.o
LOAD ./Core/Src/app/nv_store.o
LOAD ./Core/Src/app/oled_ui.o
LOAD ./Core/Src/app/setup_btn.o
LOAD ./Core/Src/drivers/ldr.o
LOAD ./Core/Src/drivers/ssd1306.o
LOAD ./Core/Src/main.o
LOAD ./Core/Src/stm32f1xx_hal_msp.o
LOAD ./Core/Src/stm32f1xx_it.o
LOAD ./Core/Src/syscalls.o
LOAD ./Core/Src/sysmem.o
LOAD ./Core/Src/system_stm32f1xx.o
LOAD ./Core/Startup/startup_stm32f103rbtx.o
LOAD ./Drivers/STM32F1xx_HAL_Driver/Src/stm32f1xx_hal.o
LOAD ./Drivers/STM32F1xx_HAL_Driver/Src/stm32f1xx_hal_adc.o
LOAD ./Drivers/STM32F1xx_HAL_Driver/Src/stm32f1xx_hal_adc_ex.o
LOAD ./Drivers/STM32F1xx_HAL_Driver/Src/stm32f1xx_hal_cortex.o
LOAD ./Drivers/STM32F1xx_HAL_Driver/Src/stm32f1xx_hal_dma.o
LOAD ./Drivers/STM32F1xx_HAL_Driver/Src/stm32f1xx_hal_exti.o
LOAD ./Drivers/STM32F1xx_HAL_Driver/Src/stm32f1xx_hal_flash.o
LOAD ./Drivers/STM32F1xx_HAL_Driver/Src/stm32f1xx_hal_flash_ex.o
LOAD ./Drivers/STM32F1xx_HAL_Driver/Src/stm32f1xx_hal_gpio.o
LOAD ./Drivers/STM32F1xx_HAL_Driver/Src/stm32f1xx_hal_gpio_ex.o
LOAD ./Drivers/STM32F1xx_HAL_Driver/Src/stm32f1xx_hal_pwr.o
LOAD ./Drivers/STM32F1xx_HAL_Driver/Src/stm32f1xx_hal_rcc.o
LOAD ./Drivers/STM32F1xx_HAL_Driver/Src/stm32f1xx_hal_rcc_ex.o
LOAD ./Drivers/STM32F1xx_HAL_Driver/Src/stm32f1xx_hal_spi.o
LOAD ./Drivers/STM32F1xx_HAL_Driver/Src/stm32f1xx_hal_uart.o
START GROUP
LOAD C:/ST/STM32CubeIDE_2.0.0/STM32CubeIDE/plugins/com.st.stm32cube.ide.mcu.externaltools.gnu-tools-for-stm32.13.3.rel1.win32_1.0.100.202509120712/tools/bin/../lib/gcc/arm-none-eabi/13.3.1/../../../../arm-none-eabi/lib/thumb/v7-m/nofp\libc_nano.a
LOAD C:/ST/STM32CubeIDE_2.0.0/STM32CubeIDE/plugins/com.st.stm32cube.ide.mcu.externaltools.gnu-tools-for-stm32.13.3.rel1.win32_1.0.100.202509120712/tools/bin/../lib/gcc/arm-none-eabi/13.3.1/../../../../arm-none-eabi/lib/thumb/v7-m/nofp\libm.a
END GROUP
START GROUP
LOAD C:/ST/STM32CubeIDE_2.0.0/STM32CubeIDE/plugins/com.st.stm32cube.ide.mcu.externaltools.gnu-tools-for-stm32.13.3.rel1.win32_1.0.100.202509120712/tools/bin/../lib/gcc/arm-none-eabi/13.3.1/thumb/v7-m/nofp\libgcc.a
LOAD C:/ST/STM32CubeIDE_2.0.0/STM32CubeIDE/plugins/com.st.stm32cube.ide.mcu.externaltools.gnu-tools-for-stm32.13.3.rel1.win32_1.0.100.202509120712/tools/bin/../lib/gcc/arm-none-eabi/13.3.1/../../../../arm-none-eabi/lib/thumb/v7-m/nofp\libc_nano.a
END GROUP
START GROUP
LOAD C:/ST/STM32CubeIDE_2.0.0/STM32CubeIDE/plugins/com.st.stm32cube.ide.mcu.externaltools.gnu-tools-for-stm32.13.3.rel1.win32_1.0.100.202509120712/tools/bin/../lib/gcc/arm-none-eabi/13.3.1/thumb/v7-m/nofp\libgcc.a
LOAD C:/ST/STM32CubeIDE_2.0.0/STM32CubeIDE/plugins/com.st.stm32cube.ide.mcu.externaltools.gnu-tools-for-stm32.13.3.rel1.win32_1.0.100.202509120712/tools/bin/../lib/gcc/arm-none-eabi/13.3.1/../../../../arm-none-eabi/lib/thumb/v7-m/nofp\libc_nano.a
LOAD C:/ST/STM32CubeIDE_2.0.0/STM32CubeIDE/plugins/com.st.stm32cube.ide.mcu.externaltools.gnu-tools-for-stm32.13.3.rel1.win32_1.0.100.202509120712/tools/bin/../lib/gcc/arm-none-eabi/13.3.1/../../../../arm-none-eabi/lib/thumb/v7-m/nofp\libnosys.a
END GROUP
START GROUP
LOAD C:/ST/STM32CubeIDE_2.0.0/STM32CubeIDE/plugins/com.st.stm32cube.ide.mcu.externaltools.gnu-tools-for-stm32.13.3.rel1.win32_1.0.100.202509120712/tools/bin/../lib/gcc/arm-none-eabi/13.3.1/thumb/v7-m/nofp\libgcc.a
LOAD C:/ST/STM32CubeIDE_2.0.0/STM32CubeIDE/plugins/com.st.stm32cube.ide.mcu.externaltools.gnu-tools-for-stm32.13.3.rel1.win32_1.0.100.202509120712/tools/bin/../lib/gcc/arm-none-eabi/13.3.1/../../../../arm-none-eabi/lib/thumb/v7-m/nofp\libc_nano.a
LOAD C:/ST/STM32CubeIDE_2.0.0/STM32CubeIDE/plugins/com.st.stm32cube.ide.mcu.externaltools.gnu-tools-for-stm32.13.3.rel1.win32_1.0.100.202509120712/tools/bin/../lib/gcc/arm-none-eabi/13.3.1/../../../../arm-none-eabi/lib/thumb/v7-m/nofp\libnosys.a
END GROUP
LOAD C:/ST/STM32CubeIDE_2.0.0/STM32CubeIDE/plugins/com.st.stm32cube.ide.mcu.externaltools.gnu-tools-for-stm32.13.3.rel1.win32_1.0.100.202509120712/tools/bin/../lib/gcc/arm-none-eabi/13.3.1/thumb/v7-m/nofp/crtend.o
LOAD C:/ST/STM32CubeIDE_2.0.0/STM32CubeIDE/plugins/com.st.stm32cube.ide.mcu.externaltools.gnu-tools-for-stm32.13.3.rel1.win32_1.0.100.202509120712/tools/bin/../lib/gcc/arm-none-eabi/13.3.1/thumb/v7-m/nofp/crtn.o
                0x20005000                        _estack = (ORIGIN (RAM) + LENGTH (RAM))
                0x00000200                        _Min_Heap_Size = 0x200
                0x00000400                        _Min_Stack_Size = 0x400

.isr_vector     0x08000000      0x10c
                0x08000000                        . = ALIGN (0x4)
 *(.isr_vector)
 .isr_vector    0x08000000      0x10c ./Core/Startup/startup_stm32f103rbtx.o
                0x08000000                g_pfnVectors
                0x0800010c                        . = ALIGN (0x4)

.text           0x0800010c     0x7f34
                0x0800010c                        . = ALIGN (0x4)
 *(.text)
 .text          0x0800010c       0x40 C:/ST/STM32CubeIDE_2.0.0/STM32CubeIDE/plugins/com.st.stm32cube.ide.mcu.externaltools.gnu-tools-for-stm32.13.3.rel1.win32_1.0.100.202509120712/tools/bin/../lib/gcc/arm-none-eabi/13.3.1/thumb/v7-m/nofp/crtbegin.o
 .text          0x0800014c       0x14 C:/ST/STM32CubeIDE_2.0.0/STM32CubeIDE/plugins/com.st.stm32cube.ide.mcu.externaltools.gnu-tools-for-stm32.13.3.rel1.win32_1.0.100.202509120712/tools/bin/../lib/gcc/arm-none-eabi/13.3.1/../../../../arm-none-eabi/lib/thumb/v7-m/nofp\libc_nano.a(libc_a-strcmp.o)
                0x0800014c                strcmp
 .text          0x08000160       0x10 C:/ST/STM32CubeIDE_2.0.0/STM32CubeIDE/plugins/com.st.stm32cube.ide.mcu.externaltools.gnu-tools-for-stm32.13.3.rel1.win32_1.0.100.202509120712/tools/bin/../lib/gcc/arm-none-eabi/13.3.1/../../../../arm-none-eabi/lib/thumb/v7-m/nofp\libc_nano.a(libc_a-strlen.o)
                0x08000160                strlen
 .text          0x08000170      0x168 C:/ST/STM32CubeIDE_2.0.0/STM32CubeIDE/plugins/com.st.stm32cube.ide.mcu.externaltools.gnu-tools-for-stm32.13.3.rel1.win32_1.0.100.202509120712/tools/bin/../lib/gcc/arm-none-eabi/13.3.1/thumb/v7-m/nofp\libgcc.a(_arm_mulsf3.o)
                0x08000170                __aeabi_fmul
                0x08000170                __mulsf3
 .text          0x080002d8      0x21c C:/ST/STM32CubeIDE_2.0.0/STM32CubeIDE/plugins/com.st.stm32cube.ide.mcu.externaltools.gnu-tools-for-stm32.13.3.rel1.win32_1.0.100.202509120712/tools/bin/../lib/gcc/arm-none-eabi/13.3.1/thumb/v7-m/nofp\libgcc.a(_arm_addsubsf3.o)
                0x080002d8                __aeabi_frsub
                0x080002e0                __subsf3
                0x080002e0                __aeabi_fsub
                0x080002e4                __aeabi_fadd
                0x080002e4                __addsf3
                0x08000444                __aeabi_ui2f
                0x08000444                __floatunsisf
                0x0800044c                __aeabi_i2f
                0x0800044c                __floatsisf
                0x08000468                __aeabi_ul2f
                0x08000468                __floatundisf
                0x08000478                __aeabi_l2f
                0x08000478                __floatdisf
 .text          0x080004f4       0x40 C:/ST/STM32CubeIDE_2.0.0/STM32CubeIDE/plugins/com.st.stm32cube.ide.mcu.externaltools.gnu-tools-for-stm32.13.3.rel1.win32_1.0.100.202509120712/tools/bin/../lib/gcc/arm-none-eabi/13.3.1/thumb/v7-m/nofp\libgcc.a(_arm_fixunssfsi.o)
                0x080004f4                __fixunssfsi
                0x080004f4                __aeabi_f2uiz
 *(.text*)
 .text.uart_tx_mask
                0x08000534       0x60 ./Core/Src/app/app.o
 .text.uart_tx_raw
                0x08000594       0x20 ./Core/Src/app/app.o
 .text.uart_vprintf_mask
                0x080005b4       0x8a ./Core/Src/app/app.o
 .text.uart_printf_mask
                0x0800063e       0x2c ./Core/Src/app/app.o
 .text.uart_printf
                0x0800066a       0x26 ./Core/Src/app/app.o
 .text.symdbg_reset
                0x08000690       0x20 ./Core/Src/app/app.o
 .text.symdbg_push
                0x080006b0       0x44 ./Core/Src/app/app.o
 .text.symdbg_show
                0x080006f4       0x18 ./Core/Src/app/app.o
 .text.phrase_reset
                0x0800070c       0x48 ./Core/Src/app/app.o
 .text.phrase_append
                0x08000754       0x68 ./Core/Src/app/app.o
 .text.print_char_immediate
                0x080007bc       0x34 ./Core/Src/app/app.o
 .text.App_SyncPrevLevel
                0x080007f0       0x8c ./Core/Src/app/app.o
 .text.phrase_try_print_on_idle
                0x0800087c       0xe8 ./Core/Src/app/app.o
 .text.App_ModeBanner
                0x08000964       0x5c ./Core/Src/app/app.o
 .text.CLI_HandleLine
                0x080009c0      0x554 ./Core/Src/app/app.o
 .text.CLI_PrintHelp
                0x08000f14       0x8c ./Core/Src/app/app.o
 .text.CLI_Task
                0x08000fa0       0x8c ./Core/Src/app/app.o
 .text.App_OnUartRxByte
                0x0800102c      0x178 ./Core/Src/app/app.o
                0x0800102c                App_OnUartRxByte
 .text.App_Task_MorseFromLevel
                0x080011a4      0x238 ./Core/Src/app/app.o
 .text.App_Task_Morse
                0x080013dc       0x22 ./Core/Src/app/app.o
 *fill*         0x080013fe        0x2 
 .text.App_Task_LdrMonitor
                0x08001400      0x13c ./Core/Src/app/app.o
 .text.App_Task_LightMorse
                0x0800153c       0x8c ./Core/Src/app/app.o
 .text.App_PrintBanner
                0x080015c8       0x40 ./Core/Src/app/app.o
 .text.BtState_Read
                0x08001608       0x20 ./Core/Src/app/app.o
 .text.BtState_Init
                0x08001628       0x98 ./Core/Src/app/app.o
 .text.BtState_Task
                0x080016c0       0xfc ./Core/Src/app/app.o
 .text.App_Init
                0x080017bc       0xd8 ./Core/Src/app/app.o
                0x080017bc                App_Init
 .text.App_Task
                0x08001894      0x1b4 ./Core/Src/app/app.o
                0x08001894                App_Task
 .text.bt_tx_raw
                0x08001a48       0x4c ./Core/Src/app/bt_link.o
 .text.bt_maybe_emit_symbol_before_prompt
                0x08001a94       0x9c ./Core/Src/app/bt_link.o
 .text.BtLink_Init
                0x08001b30       0x5c ./Core/Src/app/bt_link.o
                0x08001b30                BtLink_Init
 .text.BtLink_SetEnabled
                0x08001b8c       0x28 ./Core/Src/app/bt_link.o
                0x08001b8c                BtLink_SetEnabled
 .text.BtLink_IsEnabled
                0x08001bb4       0x2c ./Core/Src/app/bt_link.o
                0x08001bb4                BtLink_IsEnabled
 .text.is_symbol_update
                0x08001be0       0x4c ./Core/Src/app/bt_link.o
 .text.cache_symbol_from_update
                0x08001c2c      0x10c ./Core/Src/app/bt_link.o
 .text.BtLink_Write
                0x08001d38      0x17e ./Core/Src/app/bt_link.o
                0x08001d38                BtLink_Write
 *fill*         0x08001eb6        0x2 
 .text.ButtonInput_Init
                0x08001eb8       0x48 ./Core/Src/app/button_input.o
                0x08001eb8                ButtonInput_Init
 .text.ButtonInput_GetStable
                0x08001f00       0x68 ./Core/Src/app/button_input.o
                0x08001f00                ButtonInput_GetStable
 .text.Buzzer_Init
                0x08001f68       0x54 ./Core/Src/app/buzzer.o
                0x08001f68                Buzzer_Init
 .text.Buzzer_Beep
                0x08001fbc       0x50 ./Core/Src/app/buzzer.o
                0x08001fbc                Buzzer_Beep
 .text.Buzzer_Task
                0x0800200c       0x54 ./Core/Src/app/buzzer.o
                0x0800200c                Buzzer_Task
 .text.led_write
                0x08002060       0x40 ./Core/Src/app/led_ui.o
 .text.LedUI_Init
                0x080020a0       0x60 ./Core/Src/app/led_ui.o
                0x080020a0                LedUI_Init
 .text.LedUI_SetLevel
                0x08002100       0x3c ./Core/Src/app/led_ui.o
                0x08002100                LedUI_SetLevel
 .text.LedUI_Event
                0x0800213c       0x40 ./Core/Src/app/led_ui.o
                0x0800213c                LedUI_Event
 .text.LedUI_Task
                0x0800217c      0x164 ./Core/Src/app/led_ui.o
                0x0800217c                LedUI_Task
 .text.LightSensor_Init
                0x080022e0       0x4c ./Core/Src/app/light_sensor.o
                0x080022e0                LightSensor_Init
 .text.LightSensor_GetThLow
                0x0800232c       0x14 ./Core/Src/app/light_sensor.o
                0x0800232c                LightSensor_GetThLow
 .text.LightSensor_GetThHigh
                0x08002340       0x14 ./Core/Src/app/light_sensor.o
                0x08002340                LightSensor_GetThHigh
 .text.LightSensor_GetLevel
                0x08002354       0x14 ./Core/Src/app/light_sensor.o
                0x08002354                LightSensor_GetLevel
 .text.LightSensor_UpdateLevel
                0x08002368       0x50 ./Core/Src/app/light_sensor.o
                0x08002368                LightSensor_UpdateLevel
 .text.LightSensor_ComputePercent
                0x080023b8       0xa0 ./Core/Src/app/light_sensor.o
                0x080023b8                LightSensor_ComputePercent
 .text.LightSensor_SyncLevel
                0x08002458       0x4c ./Core/Src/app/light_sensor.o
                0x08002458                LightSensor_SyncLevel
 .text.LightSensor_CalibSetLow
                0x080024a4       0x38 ./Core/Src/app/light_sensor.o
                0x080024a4                LightSensor_CalibSetLow
 .text.LightSensor_CalibSetHigh
                0x080024dc       0x38 ./Core/Src/app/light_sensor.o
                0x080024dc                LightSensor_CalibSetHigh
 .text.qpush    0x08002514       0x54 ./Core/Src/app/morse_decoder.o
 .text.qpop     0x08002568       0x58 ./Core/Src/app/morse_decoder.o
 .text.decode_symbol
                0x080025c0       0x4c ./Core/Src/app/morse_decoder.o
 .text.Morse_Init
                0x0800260c       0x48 ./Core/Src/app/morse_decoder.o
                0x0800260c                Morse_Init
 .text.Morse_GetTu
                0x08002654       0x14 ./Core/Src/app/morse_decoder.o
                0x08002654                Morse_GetTu
 .text.Morse_OnPulse
                0x08002668       0x6c ./Core/Src/app/morse_decoder.o
                0x08002668                Morse_OnPulse
 .text.Morse_OffGap
                0x080026d4       0xec ./Core/Src/app/morse_decoder.o
                0x080026d4                Morse_OffGap
 .text.Morse_PopChar
                0x080027c0       0x18 ./Core/Src/app/morse_decoder.o
                0x080027c0                Morse_PopChar
 .text.nv_crc_xor
                0x080027d8       0x3e ./Core/Src/app/nv_store.o
 *fill*         0x08002816        0x2 
 .text.nv_flash_size_bytes
                0x08002818       0x20 ./Core/Src/app/nv_store.o
 .text.nv_base_addr
                0x08002838       0x1e ./Core/Src/app/nv_store.o
 .text.NvStore_Clear
                0x08002856       0x4c ./Core/Src/app/nv_store.o
                0x08002856                NvStore_Clear
 *fill*         0x080028a2        0x2 
 .text.NvStore_Save
                0x080028a4       0xec ./Core/Src/app/nv_store.o
                0x080028a4                NvStore_Save
 .text.NvStore_Load
                0x08002990       0xd4 ./Core/Src/app/nv_store.o
                0x08002990                NvStore_Load
 .text.SSD1306_DrawString5x7At
                0x08002a64       0x2e ./Core/Src/app/oled_ui.o
 *fill*         0x08002a92        0x2 
 .text.mode_str
                0x08002a94       0x68 ./Core/Src/app/oled_ui.o
 .text.draw_line
                0x08002afc       0x30 ./Core/Src/app/oled_ui.o
 .text.draw_wrapped_phrase_2lines
                0x08002b2c       0x82 ./Core/Src/app/oled_ui.o
 *fill*         0x08002bae        0x2 
 .text.OledUI_Init
                0x08002bb0       0x54 ./Core/Src/app/oled_ui.o
                0x08002bb0                OledUI_Init
 .text.OledUI_SetSnapshot
                0x08002c04       0xac ./Core/Src/app/oled_ui.o
                0x08002c04                OledUI_SetSnapshot
 .text.oled_draw
                0x08002cb0      0x18c ./Core/Src/app/oled_ui.o
 .text.OledUI_Task
                0x08002e3c       0xbc ./Core/Src/app/oled_ui.o
                0x08002e3c                OledUI_Task
 .text.setup_printf
                0x08002ef8       0x84 ./Core/Src/app/setup_btn.o
 .text.btn_clicked
                0x08002f7c       0x38 ./Core/Src/app/setup_btn.o
 .text.SetupBtn_Init
                0x08002fb4       0x34 ./Core/Src/app/setup_btn.o
                0x08002fb4                SetupBtn_Init
 .text.SetupBtn_Start
                0x08002fe8       0x50 ./Core/Src/app/setup_btn.o
                0x08002fe8                SetupBtn_Start
 .text.SetupBtn_Task
                0x08003038      0x1d0 ./Core/Src/app/setup_btn.o
                0x08003038                SetupBtn_Task
 .text.LDR_Init
                0x08003208       0x34 ./Core/Src/drivers/ldr.o
                0x08003208                LDR_Init
 .text.LDR_ReadRaw
                0x0800323c       0x58 ./Core/Src/drivers/ldr.o
                0x0800323c                LDR_ReadRaw
 .text.LDR_ReadFiltered
                0x08003294       0x7c ./Core/Src/drivers/ldr.o
                0x08003294                LDR_ReadFiltered
 .text.LDR_GetLastRaw
                0x08003310       0x14 ./Core/Src/drivers/ldr.o
                0x08003310                LDR_GetLastRaw
 .text.cs_low   0x08003324       0x20 ./Core/Src/drivers/ssd1306.o
 .text.cs_high  0x08003344       0x20 ./Core/Src/drivers/ssd1306.o
 .text.dc_cmd   0x08003364       0x20 ./Core/Src/drivers/ssd1306.o
 .text.dc_data  0x08003384       0x20 ./Core/Src/drivers/ssd1306.o
 .text.res_low  0x080033a4       0x20 ./Core/Src/drivers/ssd1306.o
 .text.res_high
                0x080033c4       0x20 ./Core/Src/drivers/ssd1306.o
 .text.spi_tx   0x080033e4       0x26 ./Core/Src/drivers/ssd1306.o
 .text.write_cmd1
                0x0800340a       0x38 ./Core/Src/drivers/ssd1306.o
 .text.write_cmd2
                0x08003442       0x46 ./Core/Src/drivers/ssd1306.o
 .text.write_cmd3
                0x08003488       0x54 ./Core/Src/drivers/ssd1306.o
 .text.write_data
                0x080034dc       0x36 ./Core/Src/drivers/ssd1306.o
 .text.hw_reset
                0x08003512       0x28 ./Core/Src/drivers/ssd1306.o
 .text.SSD1306_Init
                0x0800353a      0x20e ./Core/Src/drivers/ssd1306.o
                0x0800353a                SSD1306_Init
 .text.SSD1306_Clear
                0x08003748       0x34 ./Core/Src/drivers/ssd1306.o
                0x08003748                SSD1306_Clear
 .text.SSD1306_Update
                0x0800377c       0x80 ./Core/Src/drivers/ssd1306.o
                0x0800377c                SSD1306_Update
 .text.SSD1306_DrawPixel
                0x080037fc       0xb0 ./Core/Src/drivers/ssd1306.o
                0x080037fc                SSD1306_DrawPixel
 .text.SSD1306_SetCursor
                0x080038ac       0x2e ./Core/Src/drivers/ssd1306.o
                0x080038ac                SSD1306_SetCursor
 *fill*         0x080038da        0x2 
 .text.SSD1306_DrawChar5x7
                0x080038dc       0xd8 ./Core/Src/drivers/ssd1306.o
                0x080038dc                SSD1306_DrawChar5x7
 .text.SSD1306_DrawString5x7
                0x080039b4       0x98 ./Core/Src/drivers/ssd1306.o
                0x080039b4                SSD1306_DrawString5x7
 .text.rxq_push_isr
                0x08003a4c       0x6c ./Core/Src/main.o
 .text.rxq_pop  0x08003ab8       0x68 ./Core/Src/main.o
 .text.HAL_UART_RxCpltCallback
                0x08003b20       0x6c ./Core/Src/main.o
                0x08003b20                HAL_UART_RxCpltCallback
 .text.main     0x08003b8c       0x88 ./Core/Src/main.o
                0x08003b8c                main
 .text.SystemClock_Config
                0x08003c14       0xb6 ./Core/Src/main.o
                0x08003c14                SystemClock_Config
 *fill*         0x08003cca        0x2 
 .text.MX_ADC1_Init
                0x08003ccc       0x7c ./Core/Src/main.o
 .text.MX_SPI1_Init
                0x08003d48       0x6c ./Core/Src/main.o
 .text.MX_USART1_UART_Init
                0x08003db4       0x54 ./Core/Src/main.o
 .text.MX_USART2_UART_Init
                0x08003e08       0x54 ./Core/Src/main.o
 .text.MX_GPIO_Init
                0x08003e5c      0x138 ./Core/Src/main.o
 .text.Error_Handler
                0x08003f94        0xc ./Core/Src/main.o
                0x08003f94                Error_Handler
 .text.HAL_MspInit
                0x08003fa0       0x64 ./Core/Src/stm32f1xx_hal_msp.o
                0x08003fa0                HAL_MspInit
 .text.HAL_ADC_MspInit
                0x08004004       0x78 ./Core/Src/stm32f1xx_hal_msp.o
                0x08004004                HAL_ADC_MspInit
 .text.HAL_SPI_MspInit
                0x0800407c       0x7c ./Core/Src/stm32f1xx_hal_msp.o
                0x0800407c                HAL_SPI_MspInit
 .text.HAL_UART_MspInit
                0x080040f8      0x110 ./Core/Src/stm32f1xx_hal_msp.o
                0x080040f8                HAL_UART_MspInit
 .text.NMI_Handler
                0x08004208        0x8 ./Core/Src/stm32f1xx_it.o
                0x08004208                NMI_Handler
 .text.HardFault_Handler
                0x08004210        0x8 ./Core/Src/stm32f1xx_it.o
                0x08004210                HardFault_Handler
 .text.MemManage_Handler
                0x08004218        0x8 ./Core/Src/stm32f1xx_it.o
                0x08004218                MemManage_Handler
 .text.BusFault_Handler
                0x08004220        0x8 ./Core/Src/stm32f1xx_it.o
                0x08004220                BusFault_Handler
 .text.UsageFault_Handler
                0x08004228        0x8 ./Core/Src/stm32f1xx_it.o
                0x08004228                UsageFault_Handler
 .text.SVC_Handler
                0x08004230        0xc ./Core/Src/stm32f1xx_it.o
                0x08004230                SVC_Handler
 .text.DebugMon_Handler
                0x0800423c        0xc ./Core/Src/stm32f1xx_it.o
                0x0800423c                DebugMon_Handler
 .text.PendSV_Handler
                0x08004248        0xc ./Core/Src/stm32f1xx_it.o
                0x08004248                PendSV_Handler
 .text.SysTick_Handler
                0x08004254        0xc ./Core/Src/stm32f1xx_it.o
                0x08004254                SysTick_Handler
 .text.USART1_IRQHandler
                0x08004260       0x14 ./Core/Src/stm32f1xx_it.o
                0x08004260                USART1_IRQHandler
 .text.USART2_IRQHandler
                0x08004274       0x14 ./Core/Src/stm32f1xx_it.o
                0x08004274                USART2_IRQHandler
 .text._sbrk    0x08004288       0x6c ./Core/Src/sysmem.o
                0x08004288                _sbrk
 .text.SystemInit
                0x080042f4        0xc ./Core/Src/system_stm32f1xx.o
                0x080042f4                SystemInit
 .text.Reset_Handler
                0x08004300       0x48 ./Core/Startup/startup_stm32f103rbtx.o
                0x08004300                Reset_Handler
 .text.Default_Handler
                0x08004348        0x2 ./Core/Startup/startup_stm32f103rbtx.o
                0x08004348                RTC_Alarm_IRQHandler
                0x08004348                EXTI2_IRQHandler
                0x08004348                TIM1_CC_IRQHandler
                0x08004348                PVD_IRQHandler
                0x08004348                EXTI3_IRQHandler
                0x08004348                EXTI0_IRQHandler
                0x08004348                I2C2_EV_IRQHandler
                0x08004348                ADC1_2_IRQHandler
                0x08004348                SPI1_IRQHandler
                0x08004348                TAMPER_IRQHandler
                0x08004348                DMA1_Channel4_IRQHandler
                0x08004348                USART3_IRQHandler
                0x08004348                RTC_IRQHandler
                0x08004348                DMA1_Channel7_IRQHandler
                0x08004348                CAN1_RX1_IRQHandler
                0x08004348                TIM4_IRQHandler
                0x08004348                I2C1_EV_IRQHandler
                0x08004348                DMA1_Channel6_IRQHandler
                0x08004348                TIM3_IRQHandler
                0x08004348                RCC_IRQHandler
                0x08004348                TIM1_TRG_COM_IRQHandler
                0x08004348                DMA1_Channel1_IRQHandler
                0x08004348                Default_Handler
                0x08004348                EXTI15_10_IRQHandler
                0x08004348                EXTI9_5_IRQHandler
                0x08004348                SPI2_IRQHandler
                0x08004348                DMA1_Channel5_IRQHandler
                0x08004348                EXTI4_IRQHandler
                0x08004348                USB_LP_CAN1_RX0_IRQHandler
                0x08004348                USB_HP_CAN1_TX_IRQHandler
                0x08004348                DMA1_Channel3_IRQHandler
                0x08004348                TIM1_UP_IRQHandler
                0x08004348                WWDG_IRQHandler
                0x08004348                TIM2_IRQHandler
                0x08004348                TIM1_BRK_IRQHandler
                0x08004348                EXTI1_IRQHandler
                0x08004348                I2C2_ER_IRQHandler
                0x08004348                DMA1_Channel2_IRQHandler
                0x08004348                CAN1_SCE_IRQHandler
                0x08004348                FLASH_IRQHandler
                0x08004348                I2C1_ER_IRQHandler
                0x08004348                USBWakeUp_IRQHandler
 *fill*         0x0800434a        0x2 
 .text.HAL_Init
                0x0800434c       0x2c ./Drivers/STM32F1xx_HAL_Driver/Src/stm32f1xx_hal.o
                0x0800434c                HAL_Init
 .text.HAL_InitTick
                0x08004378       0x60 ./Drivers/STM32F1xx_HAL_Driver/Src/stm32f1xx_hal.o
                0x08004378                HAL_InitTick
 .text.HAL_IncTick
                0x080043d8       0x24 ./Drivers/STM32F1xx_HAL_Driver/Src/stm32f1xx_hal.o
                0x080043d8                HAL_IncTick
 .text.HAL_GetTick
                0x080043fc       0x14 ./Drivers/STM32F1xx_HAL_Driver/Src/stm32f1xx_hal.o
                0x080043fc                HAL_GetTick
 .text.HAL_Delay
                0x08004410       0x48 ./Drivers/STM32F1xx_HAL_Driver/Src/stm32f1xx_hal.o
                0x08004410                HAL_Delay
 .text.HAL_ADC_Init
                0x08004458      0x1b0 ./Drivers/STM32F1xx_HAL_Driver/Src/stm32f1xx_hal_adc.o
                0x08004458                HAL_ADC_Init
 .text.HAL_ADC_Start
                0x08004608      0x15c ./Drivers/STM32F1xx_HAL_Driver/Src/stm32f1xx_hal_adc.o
                0x08004608                HAL_ADC_Start
 .text.HAL_ADC_Stop
                0x08004764       0x58 ./Drivers/STM32F1xx_HAL_Driver/Src/stm32f1xx_hal_adc.o
                0x08004764                HAL_ADC_Stop
 .text.HAL_ADC_PollForConversion
                0x080047bc      0x20c ./Drivers/STM32F1xx_HAL_Driver/Src/stm32f1xx_hal_adc.o
                0x080047bc                HAL_ADC_PollForConversion
 .text.HAL_ADC_GetValue
                0x080049c8       0x18 ./Drivers/STM32F1xx_HAL_Driver/Src/stm32f1xx_hal_adc.o
                0x080049c8                HAL_ADC_GetValue
 .text.HAL_ADC_ConfigChannel
                0x080049e0      0x1f0 ./Drivers/STM32F1xx_HAL_Driver/Src/stm32f1xx_hal_adc.o
                0x080049e0                HAL_ADC_ConfigChannel
 .text.ADC_Enable
                0x08004bd0       0xb4 ./Drivers/STM32F1xx_HAL_Driver/Src/stm32f1xx_hal_adc.o
                0x08004bd0                ADC_Enable
 .text.ADC_ConversionStop_Disable
                0x08004c84       0x82 ./Drivers/STM32F1xx_HAL_Driver/Src/stm32f1xx_hal_adc.o
                0x08004c84                ADC_ConversionStop_Disable
 *fill*         0x08004d06        0x2 
 .text.__NVIC_SetPriorityGrouping
                0x08004d08       0x48 ./Drivers/STM32F1xx_HAL_Driver/Src/stm32f1xx_hal_cortex.o
 .text.__NVIC_GetPriorityGrouping
                0x08004d50       0x1c ./Drivers/STM32F1xx_HAL_Driver/Src/stm32f1xx_hal_cortex.o
 .text.__NVIC_EnableIRQ
                0x08004d6c       0x38 ./Drivers/STM32F1xx_HAL_Driver/Src/stm32f1xx_hal_cortex.o
 .text.__NVIC_SetPriority
                0x08004da4       0x54 ./Drivers/STM32F1xx_HAL_Driver/Src/stm32f1xx_hal_cortex.o
 .text.NVIC_EncodePriority
                0x08004df8       0x64 ./Drivers/STM32F1xx_HAL_Driver/Src/stm32f1xx_hal_cortex.o
 .text.SysTick_Config
                0x08004e5c       0x44 ./Drivers/STM32F1xx_HAL_Driver/Src/stm32f1xx_hal_cortex.o
 .text.HAL_NVIC_SetPriorityGrouping
                0x08004ea0       0x16 ./Drivers/STM32F1xx_HAL_Driver/Src/stm32f1xx_hal_cortex.o
                0x08004ea0                HAL_NVIC_SetPriorityGrouping
 .text.HAL_NVIC_SetPriority
                0x08004eb6       0x38 ./Drivers/STM32F1xx_HAL_Driver/Src/stm32f1xx_hal_cortex.o
                0x08004eb6                HAL_NVIC_SetPriority
 .text.HAL_NVIC_EnableIRQ
                0x08004eee       0x1c ./Drivers/STM32F1xx_HAL_Driver/Src/stm32f1xx_hal_cortex.o
                0x08004eee                HAL_NVIC_EnableIRQ
 .text.HAL_SYSTICK_Config
                0x08004f0a       0x18 ./Drivers/STM32F1xx_HAL_Driver/Src/stm32f1xx_hal_cortex.o
                0x08004f0a                HAL_SYSTICK_Config
 .text.HAL_DMA_Abort
                0x08004f22       0x76 ./Drivers/STM32F1xx_HAL_Driver/Src/stm32f1xx_hal_dma.o
                0x08004f22                HAL_DMA_Abort
 .text.HAL_DMA_Abort_IT
                0x08004f98       0xf0 ./Drivers/STM32F1xx_HAL_Driver/Src/stm32f1xx_hal_dma.o
                0x08004f98                HAL_DMA_Abort_IT
 .text.HAL_FLASH_Program
                0x08005088       0xe0 ./Drivers/STM32F1xx_HAL_Driver/Src/stm32f1xx_hal_flash.o
                0x08005088                HAL_FLASH_Program
 .text.HAL_FLASH_Unlock
                0x08005168       0x4c ./Drivers/STM32F1xx_HAL_Driver/Src/stm32f1xx_hal_flash.o
                0x08005168                HAL_FLASH_Unlock
 .text.HAL_FLASH_Lock
                0x080051b4       0x20 ./Drivers/STM32F1xx_HAL_Driver/Src/stm32f1xx_hal_flash.o
                0x080051b4                HAL_FLASH_Lock
 .text.FLASH_Program_HalfWord
                0x080051d4       0x38 ./Drivers/STM32F1xx_HAL_Driver/Src/stm32f1xx_hal_flash.o
 .text.FLASH_WaitForLastOperation
                0x0800520c       0x8c ./Drivers/STM32F1xx_HAL_Driver/Src/stm32f1xx_hal_flash.o
                0x0800520c                FLASH_WaitForLastOperation
 .text.FLASH_SetErrorCode
                0x08005298       0xa0 ./Drivers/STM32F1xx_HAL_Driver/Src/stm32f1xx_hal_flash.o
 .text.HAL_FLASHEx_Erase
                0x08005338       0xd8 ./Drivers/STM32F1xx_HAL_Driver/Src/stm32f1xx_hal_flash_ex.o
                0x08005338                HAL_FLASHEx_Erase
 .text.FLASH_MassErase
                0x08005410       0x38 ./Drivers/STM32F1xx_HAL_Driver/Src/stm32f1xx_hal_flash_ex.o
 .text.FLASH_PageErase
                0x08005448       0x40 ./Drivers/STM32F1xx_HAL_Driver/Src/stm32f1xx_hal_flash_ex.o
                0x08005448                FLASH_PageErase
 .text.HAL_GPIO_Init
                0x08005488      0x308 ./Drivers/STM32F1xx_HAL_Driver/Src/stm32f1xx_hal_gpio.o
                0x08005488                HAL_GPIO_Init
 .text.HAL_GPIO_ReadPin
                0x08005790       0x2e ./Drivers/STM32F1xx_HAL_Driver/Src/stm32f1xx_hal_gpio.o
                0x08005790                HAL_GPIO_ReadPin
 .text.HAL_GPIO_WritePin
                0x080057be       0x30 ./Drivers/STM32F1xx_HAL_Driver/Src/stm32f1xx_hal_gpio.o
                0x080057be                HAL_GPIO_WritePin
 *fill*         0x080057ee        0x2 
 .text.HAL_RCC_OscConfig
                0x080057f0      0x504 ./Drivers/STM32F1xx_HAL_Driver/Src/stm32f1xx_hal_rcc.o
                0x080057f0                HAL_RCC_OscConfig
 .text.HAL_RCC_ClockConfig
                0x08005cf4      0x1d4 ./Drivers/STM32F1xx_HAL_Driver/Src/stm32f1xx_hal_rcc.o
                0x08005cf4                HAL_RCC_ClockConfig
 .text.HAL_RCC_GetSysClockFreq
                0x08005ec8       0xa8 ./Drivers/STM32F1xx_HAL_Driver/Src/stm32f1xx_hal_rcc.o
                0x08005ec8                HAL_RCC_GetSysClockFreq
 .text.HAL_RCC_GetHCLKFreq
                0x08005f70       0x14 ./Drivers/STM32F1xx_HAL_Driver/Src/stm32f1xx_hal_rcc.o
                0x08005f70                HAL_RCC_GetHCLKFreq
 .text.HAL_RCC_GetPCLK1Freq
                0x08005f84       0x28 ./Drivers/STM32F1xx_HAL_Driver/Src/stm32f1xx_hal_rcc.o
                0x08005f84                HAL_RCC_GetPCLK1Freq
 .text.HAL_RCC_GetPCLK2Freq
                0x08005fac       0x28 ./Drivers/STM32F1xx_HAL_Driver/Src/stm32f1xx_hal_rcc.o
                0x08005fac                HAL_RCC_GetPCLK2Freq
 .text.RCC_Delay
                0x08005fd4       0x3c ./Drivers/STM32F1xx_HAL_Driver/Src/stm32f1xx_hal_rcc.o
 .text.HAL_RCCEx_PeriphCLKConfig
                0x08006010      0x16c ./Drivers/STM32F1xx_HAL_Driver/Src/stm32f1xx_hal_rcc_ex.o
                0x08006010                HAL_RCCEx_PeriphCLKConfig
 .text.HAL_RCCEx_GetPeriphCLKFreq
                0x0800617c      0x16c ./Drivers/STM32F1xx_HAL_Driver/Src/stm32f1xx_hal_rcc_ex.o
                0x0800617c                HAL_RCCEx_GetPeriphCLKFreq
 .text.HAL_SPI_Init
                0x080062e8      0x108 ./Drivers/STM32F1xx_HAL_Driver/Src/stm32f1xx_hal_spi.o
                0x080062e8                HAL_SPI_Init
 .text.HAL_SPI_Transmit
                0x080063f0      0x288 ./Drivers/STM32F1xx_HAL_Driver/Src/stm32f1xx_hal_spi.o
                0x080063f0                HAL_SPI_Transmit
 .text.SPI_WaitFlagStateUntilTimeout
                0x08006678      0x110 ./Drivers/STM32F1xx_HAL_Driver/Src/stm32f1xx_hal_spi.o
 .text.SPI_EndRxTxTransaction
                0x08006788       0x62 ./Drivers/STM32F1xx_HAL_Driver/Src/stm32f1xx_hal_spi.o
 .text.HAL_UART_Init
                0x080067ea       0xa0 ./Drivers/STM32F1xx_HAL_Driver/Src/stm32f1xx_hal_uart.o
                0x080067ea                HAL_UART_Init
 .text.HAL_UART_Transmit
                0x0800688a      0x116 ./Drivers/STM32F1xx_HAL_Driver/Src/stm32f1xx_hal_uart.o
                0x0800688a                HAL_UART_Transmit
 .text.HAL_UART_Receive_IT
                0x080069a0       0x4a ./Drivers/STM32F1xx_HAL_Driver/Src/stm32f1xx_hal_uart.o
                0x080069a0                HAL_UART_Receive_IT
 *fill*         0x080069ea        0x2 
 .text.HAL_UART_IRQHandler
                0x080069ec      0x524 ./Drivers/STM32F1xx_HAL_Driver/Src/stm32f1xx_hal_uart.o
                0x080069ec                HAL_UART_IRQHandler
 .text.HAL_UART_TxCpltCallback
                0x08006f10       0x12 ./Drivers/STM32F1xx_HAL_Driver/Src/stm32f1xx_hal_uart.o
                0x08006f10                HAL_UART_TxCpltCallback
 .text.HAL_UART_ErrorCallback
                0x08006f22       0x12 ./Drivers/STM32F1xx_HAL_Driver/Src/stm32f1xx_hal_uart.o
                0x08006f22                HAL_UART_ErrorCallback
 .text.HAL_UARTEx_RxEventCallback
                0x08006f34       0x16 ./Drivers/STM32F1xx_HAL_Driver/Src/stm32f1xx_hal_uart.o
                0x08006f34                HAL_UARTEx_RxEventCallback
 .text.UART_WaitOnFlagUntilTimeout
                0x08006f4a       0xb2 ./Drivers/STM32F1xx_HAL_Driver/Src/stm32f1xx_hal_uart.o
 .text.UART_Start_Receive_IT
                0x08006ffc       0x72 ./Drivers/STM32F1xx_HAL_Driver/Src/stm32f1xx_hal_uart.o
                0x08006ffc                UART_Start_Receive_IT
 .text.UART_EndRxTransfer
                0x0800706e       0xc4 ./Drivers/STM32F1xx_HAL_Driver/Src/stm32f1xx_hal_uart.o
 .text.UART_DMAAbortOnError
                0x08007132       0x28 ./Drivers/STM32F1xx_HAL_Driver/Src/stm32f1xx_hal_uart.o
 .text.UART_Transmit_IT
                0x0800715a       0x9e ./Drivers/STM32F1xx_HAL_Driver/Src/stm32f1xx_hal_uart.o
 .text.UART_EndTransmit_IT
                0x080071f8       0x30 ./Drivers/STM32F1xx_HAL_Driver/Src/stm32f1xx_hal_uart.o
 .text.UART_Receive_IT
                0x08007228      0x17c ./Drivers/STM32F1xx_HAL_Driver/Src/stm32f1xx_hal_uart.o
 .text.UART_SetConfig
                0x080073a4      0x11c ./Drivers/STM32F1xx_HAL_Driver/Src/stm32f1xx_hal_uart.o
 .text._strtoul_l.isra.0
                0x080074c0       0xdc C:/ST/STM32CubeIDE_2.0.0/STM32CubeIDE/plugins/com.st.stm32cube.ide.mcu.externaltools.gnu-tools-for-stm32.13.3.rel1.win32_1.0.100.202509120712/tools/bin/../lib/gcc/arm-none-eabi/13.3.1/../../../../arm-none-eabi/lib/thumb/v7-m/nofp\libc_nano.a(libc_a-strtoul.o)
 .text.strtoul  0x0800759c       0x14 C:/ST/STM32CubeIDE_2.0.0/STM32CubeIDE/plugins/com.st.stm32cube.ide.mcu.externaltools.gnu-tools-for-stm32.13.3.rel1.win32_1.0.100.202509120712/tools/bin/../lib/gcc/arm-none-eabi/13.3.1/../../../../arm-none-eabi/lib/thumb/v7-m/nofp\libc_nano.a(libc_a-strtoul.o)
                0x0800759c                strtoul
 .text.snprintf
                0x080075b0       0x6c C:/ST/STM32CubeIDE_2.0.0/STM32CubeIDE/plugins/com.st.stm32cube.ide.mcu.externaltools.gnu-tools-for-stm32.13.3.rel1.win32_1.0.100.202509120712/tools/bin/../lib/gcc/arm-none-eabi/13.3.1/../../../../arm-none-eabi/lib/thumb/v7-m/nofp\libc_nano.a(libc_a-snprintf.o)
                0x080075b0                sniprintf
                0x080075b0                snprintf
 .text._vsnprintf_r
                0x0800761c       0x5c C:/ST/STM32CubeIDE_2.0.0/STM32CubeIDE/plugins/com.st.stm32cube.ide.mcu.externaltools.gnu-tools-for-stm32.13.3.rel1.win32_1.0.100.202509120712/tools/bin/../lib/gcc/arm-none-eabi/13.3.1/../../../../arm-none-eabi/lib/thumb/v7-m/nofp\libc_nano.a(libc_a-vsnprintf.o)
                0x0800761c                _vsniprintf_r
                0x0800761c                _vsnprintf_r
 .text.vsnprintf
                0x08007678       0x1c C:/ST/STM32CubeIDE_2.0.0/STM32CubeIDE/plugins/com.st.stm32cube.ide.mcu.externaltools.gnu-tools-for-stm32.13.3.rel1.win32_1.0.100.202509120712/tools/bin/../lib/gcc/arm-none-eabi/13.3.1/../../../../arm-none-eabi/lib/thumb/v7-m/nofp\libc_nano.a(libc_a-vsnprintf.o)
                0x08007678                vsniprintf
                0x08007678                vsnprintf
 .text.memset   0x08007694       0x10 C:/ST/STM32CubeIDE_2.0.0/STM32CubeIDE/plugins/com.st.stm32cube.ide.mcu.externaltools.gnu-tools-for-stm32.13.3.rel1.win32_1.0.100.202509120712/tools/bin/../lib/gcc/arm-none-eabi/13.3.1/../../../../arm-none-eabi/lib/thumb/v7-m/nofp\libc_nano.a(libc_a-memset.o)
                0x08007694                memset
 .text.strncmp  0x080076a4       0x24 C:/ST/STM32CubeIDE_2.0.0/STM32CubeIDE/plugins/com.st.stm32cube.ide.mcu.externaltools.gnu-tools-for-stm32.13.3.rel1.win32_1.0.100.202509120712/tools/bin/../lib/gcc/arm-none-eabi/13.3.1/../../../../arm-none-eabi/lib/thumb/v7-m/nofp\libc_nano.a(libc_a-strncmp.o)
                0x080076a4                strncmp
 .text.strncpy  0x080076c8       0x26 C:/ST/STM32CubeIDE_2.0.0/STM32CubeIDE/plugins/com.st.stm32cube.ide.mcu.externaltools.gnu-tools-for-stm32.13.3.rel1.win32_1.0.100.202509120712/tools/bin/../lib/gcc/arm-none-eabi/13.3.1/../../../../arm-none-eabi/lib/thumb/v7-m/nofp\libc_nano.a(libc_a-strncpy.o)
                0x080076c8                strncpy
 .text.strstr   0x080076ee       0x2c C:/ST/STM32CubeIDE_2.0.0/STM32CubeIDE/plugins/com.st.stm32cube.ide.mcu.externaltools.gnu-tools-for-stm32.13.3.rel1.win32_1.0.100.202509120712/tools/bin/../lib/gcc/arm-none-eabi/13.3.1/../../../../arm-none-eabi/lib/thumb/v7-m/nofp\libc_nano.a(libc_a-strstr.o)
                0x080076ee                strstr
 *fill*         0x0800771a        0x2 
 .text.__errno  0x0800771c        0xc C:/ST/STM32CubeIDE_2.0.0/STM32CubeIDE/plugins/com.st.stm32cube.ide.mcu.externaltools.gnu-tools-for-stm32.13.3.rel1.win32_1.0.100.202509120712/tools/bin/../lib/gcc/arm-none-eabi/13.3.1/../../../../arm-none-eabi/lib/thumb/v7-m/nofp\libc_nano.a(libc_a-errno.o)
                0x0800771c                __errno
 .text.__libc_init_array
                0x08007728       0x48 C:/ST/STM32CubeIDE_2.0.0/STM32CubeIDE/plugins/com.st.stm32cube.ide.mcu.externaltools.gnu-tools-for-stm32.13.3.rel1.win32_1.0.100.202509120712/tools/bin/../lib/gcc/arm-none-eabi/13.3.1/../../../../arm-none-eabi/lib/thumb/v7-m/nofp\libc_nano.a(libc_a-init.o)
                0x08007728                __libc_init_array
 .text.__retarget_lock_acquire_recursive
                0x08007770        0x2 C:/ST/STM32CubeIDE_2.0.0/STM32CubeIDE/plugins/com.st.stm32cube.ide.mcu.externaltools.gnu-tools-for-stm32.13.3.rel1.win32_1.0.100.202509120712/tools/bin/../lib/gcc/arm-none-eabi/13.3.1/../../../../arm-none-eabi/lib/thumb/v7-m/nofp\libc_nano.a(libc_a-lock.o)
                0x08007770                __retarget_lock_acquire_recursive
 .text.__retarget_lock_release_recursive
                0x08007772        0x2 C:/ST/STM32CubeIDE_2.0.0/STM32CubeIDE/plugins/com.st.stm32cube.ide.mcu.externaltools.gnu-tools-for-stm32.13.3.rel1.win32_1.0.100.202509120712/tools/bin/../lib/gcc/arm-none-eabi/13.3.1/../../../../arm-none-eabi/lib/thumb/v7-m/nofp\libc_nano.a(libc_a-lock.o)
                0x08007772                __retarget_lock_release_recursive
 .text.memcpy   0x08007774       0x1c C:/ST/STM32CubeIDE_2.0.0/STM32CubeIDE/plugins/com.st.stm32cube.ide.mcu.externaltools.gnu-tools-for-stm32.13.3.rel1.win32_1.0.100.202509120712/tools/bin/../lib/gcc/arm-none-eabi/13.3.1/../../../../arm-none-eabi/lib/thumb/v7-m/nofp\libc_nano.a(libc_a-memcpy-stub.o)
                0x08007774                memcpy
 .text._free_r  0x08007790       0x90 C:/ST/STM32CubeIDE_2.0.0/STM32CubeIDE/plugins/com.st.stm32cube.ide.mcu.externaltools.gnu-tools-for-stm32.13.3.rel1.win32_1.0.100.202509120712/tools/bin/../lib/gcc/arm-none-eabi/13.3.1/../../../../arm-none-eabi/lib/thumb/v7-m/nofp\libc_nano.a(libc_a-freer.o)
                0x08007790                _free_r
 .text.sbrk_aligned
                0x08007820       0x44 C:/ST/STM32CubeIDE_2.0.0/STM32CubeIDE/plugins/com.st.stm32cube.ide.mcu.externaltools.gnu-tools-for-stm32.13.3.rel1.win32_1.0.100.202509120712/tools/bin/../lib/gcc/arm-none-eabi/13.3.1/../../../../arm-none-eabi/lib/thumb/v7-m/nofp\libc_nano.a(libc_a-mallocr.o)
 .text._malloc_r
                0x08007864      0x100 C:/ST/STM32CubeIDE_2.0.0/STM32CubeIDE/plugins/com.st.stm32cube.ide.mcu.externaltools.gnu-tools-for-stm32.13.3.rel1.win32_1.0.100.202509120712/tools/bin/../lib/gcc/arm-none-eabi/13.3.1/../../../../arm-none-eabi/lib/thumb/v7-m/nofp\libc_nano.a(libc_a-mallocr.o)
                0x08007864                _malloc_r
 .text.__malloc_lock
                0x08007964        0xc C:/ST/STM32CubeIDE_2.0.0/STM32CubeIDE/plugins/com.st.stm32cube.ide.mcu.externaltools.gnu-tools-for-stm32.13.3.rel1.win32_1.0.100.202509120712/tools/bin/../lib/gcc/arm-none-eabi/13.3.1/../../../../arm-none-eabi/lib/thumb/v7-m/nofp\libc_nano.a(libc_a-mlock.o)
                0x08007964                __malloc_lock
 .text.__malloc_unlock
                0x08007970        0xc C:/ST/STM32CubeIDE_2.0.0/STM32CubeIDE/plugins/com.st.stm32cube.ide.mcu.externaltools.gnu-tools-for-stm32.13.3.rel1.win32_1.0.100.202509120712/tools/bin/../lib/gcc/arm-none-eabi/13.3.1/../../../../arm-none-eabi/lib/thumb/v7-m/nofp\libc_nano.a(libc_a-mlock.o)
                0x08007970                __malloc_unlock
 .text.__ssputs_r
                0x0800797c       0xb6 C:/ST/STM32CubeIDE_2.0.0/STM32CubeIDE/plugins/com.st.stm32cube.ide.mcu.externaltools.gnu-tools-for-stm32.13.3.rel1.win32_1.0.100.202509120712/tools/bin/../lib/gcc/arm-none-eabi/13.3.1/../../../../arm-none-eabi/lib/thumb/v7-m/nofp\libc_nano.a(libc_a-nano-svfprintf.o)
                0x0800797c                __ssputs_r
 *fill*         0x08007a32        0x2 
 .text._svfprintf_r
                0x08007a34      0x1f8 C:/ST/STM32CubeIDE_2.0.0/STM32CubeIDE/plugins/com.st.stm32cube.ide.mcu.externaltools.gnu-tools-for-stm32.13.3.rel1.win32_1.0.100.202509120712/tools/bin/../lib/gcc/arm-none-eabi/13.3.1/../../../../arm-none-eabi/lib/thumb/v7-m/nofp\libc_nano.a(libc_a-nano-svfprintf.o)
                0x08007a34                _svfiprintf_r
                0x08007a34                _svfprintf_r
 .text._printf_common
                0x08007c2c       0xe4 C:/ST/STM32CubeIDE_2.0.0/STM32CubeIDE/plugins/com.st.stm32cube.ide.mcu.externaltools.gnu-tools-for-stm32.13.3.rel1.win32_1.0.100.202509120712/tools/bin/../lib/gcc/arm-none-eabi/13.3.1/../../../../arm-none-eabi/lib/thumb/v7-m/nofp\libc_nano.a(libc_a-nano-vfprintf_i.o)
                0x08007c2c                _printf_common
 .text._printf_i
                0x08007d10      0x23c C:/ST/STM32CubeIDE_2.0.0/STM32CubeIDE/plugins/com.st.stm32cube.ide.mcu.externaltools.gnu-tools-for-stm32.13.3.rel1.win32_1.0.100.202509120712/tools/bin/../lib/gcc/arm-none-eabi/13.3.1/../../../../arm-none-eabi/lib/thumb/v7-m/nofp\libc_nano.a(libc_a-nano-vfprintf_i.o)
                0x08007d10                _printf_i
 .text.memmove  0x08007f4c       0x34 C:/ST/STM32CubeIDE_2.0.0/STM32CubeIDE/plugins/com.st.stm32cube.ide.mcu.externaltools.gnu-tools-for-stm32.13.3.rel1.win32_1.0.100.202509120712/tools/bin/../lib/gcc/arm-none-eabi/13.3.1/../../../../arm-none-eabi/lib/thumb/v7-m/nofp\libc_nano.a(libc_a-memmove.o)
                0x08007f4c                memmove
 .text._sbrk_r  0x08007f80       0x20 C:/ST/STM32CubeIDE_2.0.0/STM32CubeIDE/plugins/com.st.stm32cube.ide.mcu.externaltools.gnu-tools-for-stm32.13.3.rel1.win32_1.0.100.202509120712/tools/bin/../lib/gcc/arm-none-eabi/13.3.1/../../../../arm-none-eabi/lib/thumb/v7-m/nofp\libc_nano.a(libc_a-sbrkr.o)
                0x08007f80                _sbrk_r
 .text.memchr   0x08007fa0       0x1c C:/ST/STM32CubeIDE_2.0.0/STM32CubeIDE/plugins/com.st.stm32cube.ide.mcu.externaltools.gnu-tools-for-stm32.13.3.rel1.win32_1.0.100.202509120712/tools/bin/../lib/gcc/arm-none-eabi/13.3.1/../../../../arm-none-eabi/lib/thumb/v7-m/nofp\libc_nano.a(libc_a-memchr-stub.o)
                0x08007fa0                memchr
 .text._realloc_r
                0x08007fbc       0x5c C:/ST/STM32CubeIDE_2.0.0/STM32CubeIDE/plugins/com.st.stm32cube.ide.mcu.externaltools.gnu-tools-for-stm32.13.3.rel1.win32_1.0.100.202509120712/tools/bin/../lib/gcc/arm-none-eabi/13.3.1/../../../../arm-none-eabi/lib/thumb/v7-m/nofp\libc_nano.a(libc_a-reallocr.o)
                0x08007fbc                _realloc_r
 .text._malloc_usable_size_r
                0x08008018       0x10 C:/ST/STM32CubeIDE_2.0.0/STM32CubeIDE/plugins/com.st.stm32cube.ide.mcu.externaltools.gnu-tools-for-stm32.13.3.rel1.win32_1.0.100.202509120712/tools/bin/../lib/gcc/arm-none-eabi/13.3.1/../../../../arm-none-eabi/lib/thumb/v7-m/nofp\libc_nano.a(libc_a-msizer.o)
                0x08008018                _malloc_usable_size_r
 *(.glue_7)
 .glue_7        0x08008028        0x0 linker stubs
 *(.glue_7t)
 .glue_7t       0x08008028        0x0 linker stubs
 *(.eh_frame)
 .eh_frame      0x08008028        0x0 C:/ST/STM32CubeIDE_2.0.0/STM32CubeIDE/plugins/com.st.stm32cube.ide.mcu.externaltools.gnu-tools-for-stm32.13.3.rel1.win32_1.0.100.202509120712/tools/bin/../lib/gcc/arm-none-eabi/13.3.1/thumb/v7-m/nofp/crtbegin.o
 *(.init)
 .init          0x08008028        0x4 C:/ST/STM32CubeIDE_2.0.0/STM32CubeIDE/plugins/com.st.stm32cube.ide.mcu.externaltools.gnu-tools-for-stm32.13.3.rel1.win32_1.0.100.202509120712/tools/bin/../lib/gcc/arm-none-eabi/13.3.1/thumb/v7-m/nofp/crti.o
                0x08008028                _init
 .init          0x0800802c        0x8 C:/ST/STM32CubeIDE_2.0.0/STM32CubeIDE/plugins/com.st.stm32cube.ide.mcu.externaltools.gnu-tools-for-stm32.13.3.rel1.win32_1.0.100.202509120712/tools/bin/../lib/gcc/arm-none-eabi/13.3.1/thumb/v7-m/nofp/crtn.o
 *(.fini)
 .fini          0x08008034        0x4 C:/ST/STM32CubeIDE_2.0.0/STM32CubeIDE/plugins/com.st.stm32cube.ide.mcu.externaltools.gnu-tools-for-stm32.13.3.rel1.win32_1.0.100.202509120712/tools/bin/../lib/gcc/arm-none-eabi/13.3.1/thumb/v7-m/nofp/crti.o
                0x08008034                _fini
 .fini          0x08008038        0x8 C:/ST/STM32CubeIDE_2.0.0/STM32CubeIDE/plugins/com.st.stm32cube.ide.mcu.externaltools.gnu-tools-for-stm32.13.3.rel1.win32_1.0.100.202509120712/tools/bin/../lib/gcc/arm-none-eabi/13.3.1/thumb/v7-m/nofp/crtn.o
                0x08008040                        . = ALIGN (0x4)
                0x08008040                        _etext = .

.vfp11_veneer   0x08008040        0x0
 .vfp11_veneer  0x08008040        0x0 linker stubs

.v4_bx          0x08008040        0x0
 .v4_bx         0x08008040        0x0 linker stubs

.iplt           0x08008040        0x0
 .iplt          0x08008040        0x0 C:/ST/STM32CubeIDE_2.0.0/STM32CubeIDE/plugins/com.st.stm32cube.ide.mcu.externaltools.gnu-tools-for-stm32.13.3.rel1.win32_1.0.100.202509120712/tools/bin/../lib/gcc/arm-none-eabi/13.3.1/thumb/v7-m/nofp/crtbegin.o

.rodata         0x08008040     0x1244
                0x08008040                        . = ALIGN (0x4)
 *(.rodata)
 .rodata        0x08008040      0x98d ./Core/Src/app/app.o
 *fill*         0x080089cd        0x3 
 .rodata        0x080089d0       0x19 ./Core/Src/app/bt_link.o
 *fill*         0x080089e9        0x3 
 .rodata        0x080089ec       0xe6 ./Core/Src/app/morse_decoder.o
 *fill*         0x08008ad2        0x2 
 .rodata        0x08008ad4       0x7f ./Core/Src/app/oled_ui.o
 *fill*         0x08008b53        0x1 
 .rodata        0x08008b54      0x2bf ./Core/Src/app/setup_btn.o
 *(.rodata*)
 *fill*         0x08008e13        0x1 
 .rodata.table  0x08008e14      0x120 ./Core/Src/app/morse_decoder.o
 .rodata.font5x7
                0x08008f34      0x1db ./Core/Src/drivers/ssd1306.o
 *fill*         0x0800910f        0x1 
 .rodata.AHBPrescTable
                0x08009110       0x10 ./Core/Src/system_stm32f1xx.o
                0x08009110                AHBPrescTable
 .rodata.APBPrescTable
                0x08009120        0x8 ./Core/Src/system_stm32f1xx.o
                0x08009120                APBPrescTable
 .rodata.aPLLMULFactorTable.1
                0x08009128       0x10 ./Drivers/STM32F1xx_HAL_Driver/Src/stm32f1xx_hal_rcc.o
 .rodata.aPredivFactorTable.0
                0x08009138        0x2 ./Drivers/STM32F1xx_HAL_Driver/Src/stm32f1xx_hal_rcc.o
 *fill*         0x0800913a        0x2 
 .rodata.aPLLMULFactorTable.1
                0x0800913c       0x10 ./Drivers/STM32F1xx_HAL_Driver/Src/stm32f1xx_hal_rcc_ex.o
 .rodata.aPredivFactorTable.0
                0x0800914c        0x2 ./Drivers/STM32F1xx_HAL_Driver/Src/stm32f1xx_hal_rcc_ex.o
 .rodata._ctype_
                0x0800914e      0x101 C:/ST/STM32CubeIDE_2.0.0/STM32CubeIDE/plugins/com.st.stm32cube.ide.mcu.externaltools.gnu-tools-for-stm32.13.3.rel1.win32_1.0.100.202509120712/tools/bin/../lib/gcc/arm-none-eabi/13.3.1/../../../../arm-none-eabi/lib/thumb/v7-m/nofp\libc_nano.a(libc_a-ctype_.o)
                0x0800914e                _ctype_
 .rodata._svfprintf_r.str1.1
                0x0800924f       0x33 C:/ST/STM32CubeIDE_2.0.0/STM32CubeIDE/plugins/com.st.stm32cube.ide.mcu.externaltools.gnu-tools-for-stm32.13.3.rel1.win32_1.0.100.202509120712/tools/bin/../lib/gcc/arm-none-eabi/13.3.1/../../../../arm-none-eabi/lib/thumb/v7-m/nofp\libc_nano.a(libc_a-nano-svfprintf.o)
                                 0x11 (size before relaxing)
 .rodata._printf_i.str1.1
                0x08009282        0x0 C:/ST/STM32CubeIDE_2.0.0/STM32CubeIDE/plugins/com.st.stm32cube.ide.mcu.externaltools.gnu-tools-for-stm32.13.3.rel1.win32_1.0.100.202509120712/tools/bin/../lib/gcc/arm-none-eabi/13.3.1/../../../../arm-none-eabi/lib/thumb/v7-m/nofp\libc_nano.a(libc_a-nano-vfprintf_i.o)
                                 0x22 (size before relaxing)
                0x08009284                        . = ALIGN (0x4)
 *fill*         0x08009282        0x2 

.ARM.extab      0x08009284        0x0
                0x08009284                        . = ALIGN (0x4)
 *(.ARM.extab* .gnu.linkonce.armextab.*)
                0x08009284                        . = ALIGN (0x4)

.ARM            0x08009284        0x8
                0x08009284                        . = ALIGN (0x4)
                0x08009284                        __exidx_start = .
 *(.ARM.exidx*)
 .ARM.exidx     0x08009284        0x8 C:/ST/STM32CubeIDE_2.0.0/STM32CubeIDE/plugins/com.st.stm32cube.ide.mcu.externaltools.gnu-tools-for-stm32.13.3.rel1.win32_1.0.100.202509120712/tools/bin/../lib/gcc/arm-none-eabi/13.3.1/../../../../arm-none-eabi/lib/thumb/v7-m/nofp\libc_nano.a(libc_a-strcmp.o)
 .ARM.exidx     0x0800928c        0x0 C:/ST/STM32CubeIDE_2.0.0/STM32CubeIDE/plugins/com.st.stm32cube.ide.mcu.externaltools.gnu-tools-for-stm32.13.3.rel1.win32_1.0.100.202509120712/tools/bin/../lib/gcc/arm-none-eabi/13.3.1/../../../../arm-none-eabi/lib/thumb/v7-m/nofp\libc_nano.a(libc_a-strlen.o)
                                  0x8 (size before relaxing)
                0x0800928c                        __exidx_end = .
                0x0800928c                        . = ALIGN (0x4)

.preinit_array  0x0800928c        0x0
                0x0800928c                        . = ALIGN (0x4)
                0x0800928c                        PROVIDE (__preinit_array_start = .)
 *(.preinit_array*)
                0x0800928c                        PROVIDE (__preinit_array_end = .)
                0x0800928c                        . = ALIGN (0x4)

.init_array     0x0800928c        0x4
                0x0800928c                        . = ALIGN (0x4)
                0x0800928c                        PROVIDE (__init_array_start = .)
 *(SORT_BY_NAME(.init_array.*))
 *(.init_array*)
 .init_array    0x0800928c        0x4 C:/ST/STM32CubeIDE_2.0.0/STM32CubeIDE/plugins/com.st.stm32cube.ide.mcu.externaltools.gnu-tools-for-stm32.13.3.rel1.win32_1.0.100.202509120712/tools/bin/../lib/gcc/arm-none-eabi/13.3.1/thumb/v7-m/nofp/crtbegin.o
                0x08009290                        PROVIDE (__init_array_end = .)
                0x08009290                        . = ALIGN (0x4)

.fini_array     0x08009290        0x4
                0x08009290                        . = ALIGN (0x4)
                [!provide]                        PROVIDE (__fini_array_start = .)
 *(SORT_BY_NAME(.fini_array.*))
 *(.fini_array*)
 .fini_array    0x08009290        0x4 C:/ST/STM32CubeIDE_2.0.0/STM32CubeIDE/plugins/com.st.stm32cube.ide.mcu.externaltools.gnu-tools-for-stm32.13.3.rel1.win32_1.0.100.202509120712/tools/bin/../lib/gcc/arm-none-eabi/13.3.1/thumb/v7-m/nofp/crtbegin.o
                [!provide]                        PROVIDE (__fini_array_end = .)
                0x08009294                        . = ALIGN (0x4)
                0x08009294                        _sidata = LOADADDR (.data)

.rel.dyn        0x08009294        0x0
 .rel.iplt      0x08009294        0x0 C:/ST/STM32CubeIDE_2.0.0/STM32CubeIDE/plugins/com.st.stm32cube.ide.mcu.externaltools.gnu-tools-for-stm32.13.3.rel1.win32_1.0.100.202509120712/tools/bin/../lib/gcc/arm-none-eabi/13.3.1/thumb/v7-m/nofp/crtbegin.o

.data           0x20000000       0x70 load address 0x08009294
                0x20000000                        . = ALIGN (0x4)
                0x20000000                        _sdata = .
 *(.data)
 *(.data*)
 .data.last_mode_tracked
                0x20000000        0x1 ./Core/Src/app/app.o
 .data.g_mode   0x20000001        0x1 ./Core/Src/app/app.o
 .data.ldr_stream_on
                0x20000002        0x1 ./Core/Src/app/app.o
 *fill*         0x20000003        0x1 
 .data.ldr_rate_ms
                0x20000004        0x4 ./Core/Src/app/app.o
 .data.g_th_low
                0x20000008        0x2 ./Core/Src/app/light_sensor.o
 .data.g_th_high
                0x2000000a        0x2 ./Core/Src/app/light_sensor.o
 .data.g_th_low_default
                0x2000000c        0x2 ./Core/Src/app/light_sensor.o
 .data.g_th_high_default
                0x2000000e        0x2 ./Core/Src/app/light_sensor.o
 .data.Tu       0x20000010        0x4 ./Core/Src/app/morse_decoder.o
 .data.SystemCoreClock
                0x20000014        0x4 ./Core/Src/system_stm32f1xx.o
                0x20000014                SystemCoreClock
 .data.uwTickPrio
                0x20000018        0x4 ./Drivers/STM32F1xx_HAL_Driver/Src/stm32f1xx_hal.o
                0x20000018                uwTickPrio
 .data.uwTickFreq
                0x2000001c        0x1 ./Drivers/STM32F1xx_HAL_Driver/Src/stm32f1xx_hal.o
                0x2000001c                uwTickFreq
 *fill*         0x2000001d        0x3 
 .data._impure_ptr
                0x20000020        0x4 C:/ST/STM32CubeIDE_2.0.0/STM32CubeIDE/plugins/com.st.stm32cube.ide.mcu.externaltools.gnu-tools-for-stm32.13.3.rel1.win32_1.0.100.202509120712/tools/bin/../lib/gcc/arm-none-eabi/13.3.1/../../../../arm-none-eabi/lib/thumb/v7-m/nofp\libc_nano.a(libc_a-impure.o)
                0x20000020                _impure_ptr
 .data._impure_data
                0x20000024       0x4c C:/ST/STM32CubeIDE_2.0.0/STM32CubeIDE/plugins/com.st.stm32cube.ide.mcu.externaltools.gnu-tools-for-stm32.13.3.rel1.win32_1.0.100.202509120712/tools/bin/../lib/gcc/arm-none-eabi/13.3.1/../../../../arm-none-eabi/lib/thumb/v7-m/nofp\libc_nano.a(libc_a-impure.o)
                0x20000024                _impure_data
 *(.RamFunc)
 *(.RamFunc*)
                0x20000070                        . = ALIGN (0x4)
                0x20000070                        _edata = .

.igot.plt       0x20000070        0x0 load address 0x08009304
 .igot.plt      0x20000070        0x0 C:/ST/STM32CubeIDE_2.0.0/STM32CubeIDE/plugins/com.st.stm32cube.ide.mcu.externaltools.gnu-tools-for-stm32.13.3.rel1.win32_1.0.100.202509120712/tools/bin/../lib/gcc/arm-none-eabi/13.3.1/thumb/v7-m/nofp/crtbegin.o
                0x20000070                        . = ALIGN (0x4)

.bss            0x20000070      0xa38 load address 0x08009304
                0x20000070                        _sbss = .
                0x20000070                        __bss_start__ = _sbss
 *(.bss)
 .bss           0x20000070       0x1c C:/ST/STM32CubeIDE_2.0.0/STM32CubeIDE/plugins/com.st.stm32cube.ide.mcu.externaltools.gnu-tools-for-stm32.13.3.rel1.win32_1.0.100.202509120712/tools/bin/../lib/gcc/arm-none-eabi/13.3.1/thumb/v7-m/nofp/crtbegin.o
 *(.bss*)
 .bss.et_val    0x2000008c        0x4 ./Core/Src/app/app.o
 .bss.wcet_val  0x20000090        0x4 ./Core/Src/app/app.o
 .bss.t_last_report
                0x20000094        0x4 ./Core/Src/app/app.o
 .bss.g_huart   0x20000098        0x4 ./Core/Src/app/app.o
 .bss.s_uart_banner_pending
                0x2000009c        0x1 ./Core/Src/app/app.o
 *fill*         0x2000009d        0x3 
 .bss.s_uart_banner_due
                0x200000a0        0x4 ./Core/Src/app/app.o
 .bss.t_last_edge
                0x200000a4        0x4 ./Core/Src/app/app.o
 .bss.prev_level
                0x200000a8        0x1 ./Core/Src/app/app.o
 .bss.ignore_next_edge
                0x200000a9        0x1 ./Core/Src/app/app.o
 *fill*         0x200000aa        0x2 
 .bss.t_mode_sync
                0x200000ac        0x4 ./Core/Src/app/app.o
 .bss.started   0x200000b0        0x1 ./Core/Src/app/app.o
 .bss.letter_timeout_sent
                0x200000b1        0x1 ./Core/Src/app/app.o
 *fill*         0x200000b2        0x2 
 .bss.sym_dbg   0x200000b4       0x10 ./Core/Src/app/app.o
 .bss.sym_len   0x200000c4        0x1 ./Core/Src/app/app.o
 *fill*         0x200000c5        0x3 
 .bss.phrase    0x200000c8       0x40 ./Core/Src/app/app.o
 .bss.phrase_len
                0x20000108        0x1 ./Core/Src/app/app.o
 *fill*         0x20000109        0x3 
 .bss.ultima_frase
                0x2000010c       0x40 ./Core/Src/app/app.o
 .bss.ultima_frase_ok
                0x2000014c        0x1 ./Core/Src/app/app.o
 .bss.space_armed
                0x2000014d        0x1 ./Core/Src/app/app.o
 *fill*         0x2000014e        0x2 
 .bss.t_space_arm
                0x20000150        0x4 ./Core/Src/app/app.o
 .bss.word_has_letters
                0x20000154        0x1 ./Core/Src/app/app.o
 *fill*         0x20000155        0x3 
 .bss.t_last_activity
                0x20000158        0x4 ./Core/Src/app/app.o
 .bss.cli_line  0x2000015c       0x80 ./Core/Src/app/app.o
 .bss.cli_len   0x200001dc        0x2 ./Core/Src/app/app.o
 .bss.cli_ready
                0x200001de        0x1 ./Core/Src/app/app.o
 *fill*         0x200001df        0x1 
 .bss.t_last_ldr_print
                0x200001e0        0x4 ./Core/Src/app/app.o
 .bss.t_last_ldr_sample
                0x200001e4        0x4 ./Core/Src/app/app.o
 .bss.t_last_ldr_sample_mon
                0x200001e8        0x4 ./Core/Src/app/app.o
 .bss.ldr_last_filt
                0x200001ec        0x2 ./Core/Src/app/app.o
 .bss.ldr_last_raw
                0x200001ee        0x2 ./Core/Src/app/app.o
 .bss.ldr_last_pct
                0x200001f0        0x1 ./Core/Src/app/app.o
 .bss.ldr_last_level
                0x200001f1        0x1 ./Core/Src/app/app.o
 *fill*         0x200001f2        0x2 
 .bss.s_cfg     0x200001f4        0x6 ./Core/Src/app/app.o
 .bss.s_bt_raw  0x200001fa        0x1 ./Core/Src/app/app.o
 .bss.s_bt_stable
                0x200001fb        0x1 ./Core/Src/app/app.o
 .bss.s_bt_last_raw_change_ms
                0x200001fc        0x4 ./Core/Src/app/app.o
 .bss.s_bt_connected
                0x20000200        0x1 ./Core/Src/app/app.o
 .bss.s_bt_banner_pending
                0x20000201        0x1 ./Core/Src/app/app.o
 *fill*         0x20000202        0x2 
 .bss.s_bt_banner_due
                0x20000204        0x4 ./Core/Src/app/app.o
 .bss.s_bt_last_banner_ms
                0x20000208        0x4 ./Core/Src/app/app.o
 .bss.s_bt_poll_due
                0x2000020c        0x4 ./Core/Src/app/app.o
 .bss.esc_state.2
                0x20000210        0x1 ./Core/Src/app/app.o
 .bss.last_was_cr.1
                0x20000211        0x1 ./Core/Src/app/app.o
 .bss.s_uart_banner_sent.0
                0x20000212        0x1 ./Core/Src/app/app.o
 *fill*         0x20000213        0x1 
 .bss.s_huart   0x20000214        0x4 ./Core/Src/app/bt_link.o
 .bss.s_enabled
                0x20000218        0x1 ./Core/Src/app/bt_link.o
 *fill*         0x20000219        0x1 
 .bss.s_rx_w    0x2000021a        0x2 ./Core/Src/app/bt_link.o
 .bss.s_rx_r    0x2000021c        0x2 ./Core/Src/app/bt_link.o
 *fill*         0x2000021e        0x2 
 .bss.s_last_symbol
                0x20000220       0x10 ./Core/Src/app/bt_link.o
 .bss.s_last_symbol_valid
                0x20000230        0x1 ./Core/Src/app/bt_link.o
 .bss.stable    0x20000231        0x1 ./Core/Src/app/button_input.o
 .bss.last_raw  0x20000232        0x1 ./Core/Src/app/button_input.o
 *fill*         0x20000233        0x1 
 .bss.t_change  0x20000234        0x4 ./Core/Src/app/button_input.o
 .bss.g_port    0x20000238        0x4 ./Core/Src/app/buzzer.o
 .bss.g_pin     0x2000023c        0x2 ./Core/Src/app/buzzer.o
 .bss.g_on      0x2000023e        0x1 ./Core/Src/app/buzzer.o
 *fill*         0x2000023f        0x1 
 .bss.t_off     0x20000240        0x4 ./Core/Src/app/buzzer.o
 .bss.g_port    0x20000244        0x4 ./Core/Src/app/led_ui.o
 .bss.g_pin     0x20000248        0x2 ./Core/Src/app/led_ui.o
 .bss.g_level   0x2000024a        0x1 ./Core/Src/app/led_ui.o
 .bss.pattern_active
                0x2000024b        0x1 ./Core/Src/app/led_ui.o
 .bss.current_ev
                0x2000024c        0x1 ./Core/Src/app/led_ui.o
 .bss.step      0x2000024d        0x1 ./Core/Src/app/led_ui.o
 *fill*         0x2000024e        0x2 
 .bss.t_next    0x20000250        0x4 ./Core/Src/app/led_ui.o
 .bss.g_level   0x20000254        0x1 ./Core/Src/app/light_sensor.o
 *fill*         0x20000255        0x3 
 .bss.sym_buf   0x20000258        0x8 ./Core/Src/app/morse_decoder.o
 .bss.sym_len   0x20000260        0x1 ./Core/Src/app/morse_decoder.o
 *fill*         0x20000261        0x3 
 .bss.outq      0x20000264       0x10 ./Core/Src/app/morse_decoder.o
 .bss.qh        0x20000274        0x1 ./Core/Src/app/morse_decoder.o
 .bss.qt        0x20000275        0x1 ./Core/Src/app/morse_decoder.o
 *fill*         0x20000276        0x2 
 .bss.s_hspi    0x20000278        0x4 ./Core/Src/app/oled_ui.o
 .bss.s_disp    0x2000027c      0x420 ./Core/Src/app/oled_ui.o
 .bss.s_inited  0x2000069c        0x1 ./Core/Src/app/oled_ui.o
 *fill*         0x2000069d        0x3 
 .bss.s_next_refresh
                0x200006a0        0x4 ./Core/Src/app/oled_ui.o
 .bss.s_snap    0x200006a4       0x60 ./Core/Src/app/oled_ui.o
 .bss.g_huart_setup
                0x20000704        0x4 ./Core/Src/app/setup_btn.o
 .bss.st        0x20000708        0x1 ./Core/Src/app/setup_btn.o
 .bss.prev_btn  0x20000709        0x1 ./Core/Src/app/setup_btn.o
 .bss.g_inited  0x2000070a        0x1 ./Core/Src/drivers/ldr.o
 *fill*         0x2000070b        0x1 
 .bss.g_filt_q8
                0x2000070c        0x4 ./Core/Src/drivers/ldr.o
 .bss.g_last_raw
                0x20000710        0x2 ./Core/Src/drivers/ldr.o
 .bss.g_filt_init
                0x20000712        0x1 ./Core/Src/drivers/ldr.o
 *fill*         0x20000713        0x1 
 .bss.hadc1     0x20000714       0x30 ./Core/Src/main.o
                0x20000714                hadc1
 .bss.hspi1     0x20000744       0x58 ./Core/Src/main.o
                0x20000744                hspi1
 .bss.huart1    0x2000079c       0x48 ./Core/Src/main.o
                0x2000079c                huart1
 .bss.huart2    0x200007e4       0x48 ./Core/Src/main.o
                0x200007e4                huart2
 .bss.uart2_rx_byte
                0x2000082c        0x1 ./Core/Src/main.o
 .bss.uart1_rx_byte
                0x2000082d        0x1 ./Core/Src/main.o
 .bss.rx_w      0x2000082e        0x2 ./Core/Src/main.o
 .bss.rx_r      0x20000830        0x2 ./Core/Src/main.o
 *fill*         0x20000832        0x2 
 .bss.rxq       0x20000834      0x100 ./Core/Src/main.o
 .bss.__sbrk_heap_end
                0x20000934        0x4 ./Core/Src/sysmem.o
 .bss.uwTick    0x20000938        0x4 ./Drivers/STM32F1xx_HAL_Driver/Src/stm32f1xx_hal.o
                0x20000938                uwTick
 *fill*         0x2000093c        0x4 
 .bss.pFlash    0x20000940       0x20 ./Drivers/STM32F1xx_HAL_Driver/Src/stm32f1xx_hal_flash.o
                0x20000940                pFlash
 .bss.__sf      0x20000960      0x138 C:/ST/STM32CubeIDE_2.0.0/STM32CubeIDE/plugins/com.st.stm32cube.ide.mcu.externaltools.gnu-tools-for-stm32.13.3.rel1.win32_1.0.100.202509120712/tools/bin/../lib/gcc/arm-none-eabi/13.3.1/../../../../arm-none-eabi/lib/thumb/v7-m/nofp\libc_nano.a(libc_a-findfp.o)
                0x20000960                __sf
 .bss.errno     0x20000a98        0x4 C:/ST/STM32CubeIDE_2.0.0/STM32CubeIDE/plugins/com.st.stm32cube.ide.mcu.externaltools.gnu-tools-for-stm32.13.3.rel1.win32_1.0.100.202509120712/tools/bin/../lib/gcc/arm-none-eabi/13.3.1/../../../../arm-none-eabi/lib/thumb/v7-m/nofp\libc_nano.a(libc_a-reent.o)
                0x20000a98                errno
 .bss.__lock___malloc_recursive_mutex
                0x20000a9c        0x1 C:/ST/STM32CubeIDE_2.0.0/STM32CubeIDE/plugins/com.st.stm32cube.ide.mcu.externaltools.gnu-tools-for-stm32.13.3.rel1.win32_1.0.100.202509120712/tools/bin/../lib/gcc/arm-none-eabi/13.3.1/../../../../arm-none-eabi/lib/thumb/v7-m/nofp\libc_nano.a(libc_a-lock.o)
                0x20000a9c                __lock___malloc_recursive_mutex
 *fill*         0x20000a9d        0x3 
 .bss.__malloc_sbrk_start
                0x20000aa0        0x4 C:/ST/STM32CubeIDE_2.0.0/STM32CubeIDE/plugins/com.st.stm32cube.ide.mcu.externaltools.gnu-tools-for-stm32.13.3.rel1.win32_1.0.100.202509120712/tools/bin/../lib/gcc/arm-none-eabi/13.3.1/../../../../arm-none-eabi/lib/thumb/v7-m/nofp\libc_nano.a(libc_a-mallocr.o)
                0x20000aa0                __malloc_sbrk_start
 .bss.__malloc_free_list
                0x20000aa4        0x4 C:/ST/STM32CubeIDE_2.0.0/STM32CubeIDE/plugins/com.st.stm32cube.ide.mcu.externaltools.gnu-tools-for-stm32.13.3.rel1.win32_1.0.100.202509120712/tools/bin/../lib/gcc/arm-none-eabi/13.3.1/../../../../arm-none-eabi/lib/thumb/v7-m/nofp\libc_nano.a(libc_a-mallocr.o)
                0x20000aa4                __malloc_free_list
 *(COMMON)
                0x20000aa8                        . = ALIGN (0x4)
                0x20000aa8                        _ebss = .
                0x20000aa8                        __bss_end__ = _ebss

._user_heap_stack
                0x20000aa8      0x600 load address 0x08009304
                0x20000aa8                        . = ALIGN (0x8)
                [!provide]                        PROVIDE (end = .)
                0x20000aa8                        PROVIDE (_end = .)
                0x20000ca8                        . = (. + _Min_Heap_Size)
 *fill*         0x20000aa8      0x200 
                0x200010a8                        . = (. + _Min_Stack_Size)
 *fill*         0x20000ca8      0x400 
                0x200010a8                        . = ALIGN (0x8)

/DISCARD/
 libc.a(*)
 libm.a(*)
 libgcc.a(*)

.ARM.attributes
                0x00000000       0x29
 *(.ARM.attributes)
 .ARM.attributes
                0x00000000       0x1d C:/ST/STM32CubeIDE_2.0.0/STM32CubeIDE/plugins/com.st.stm32cube.ide.mcu.externaltools.gnu-tools-for-stm32.13.3.rel1.win32_1.0.100.202509120712/tools/bin/../lib/gcc/arm-none-eabi/13.3.1/thumb/v7-m/nofp/crti.o
 .ARM.attributes
                0x0000001d       0x2d C:/ST/STM32CubeIDE_2.0.0/STM32CubeIDE/plugins/com.st.stm32cube.ide.mcu.externaltools.gnu-tools-for-stm32.13.3.rel1.win32_1.0.100.202509120712/tools/bin/../lib/gcc/arm-none-eabi/13.3.1/thumb/v7-m/nofp/crtbegin.o
 .ARM.attributes
                0x0000004a       0x2d ./Core/Src/app/app.o
 .ARM.attributes
                0x00000077       0x2d ./Core/Src/app/bt_link.o
 .ARM.attributes
                0x000000a4       0x2d ./Core/Src/app/button_input.o
 .ARM.attributes
                0x000000d1       0x2d ./Core/Src/app/buzzer.o
 .ARM.attributes
                0x000000fe       0x2d ./Core/Src/app/led_ui.o
 .ARM.attributes
                0x0000012b       0x2d ./Core/Src/app/light_sensor.o
 .ARM.attributes
                0x00000158       0x2d ./Core/Src/app/morse_decoder.o
 .ARM.attributes
                0x00000185       0x2d ./Core/Src/app/nv_store.o
 .ARM.attributes
                0x000001b2       0x2d ./Core/Src/app/oled_ui.o
 .ARM.attributes
                0x000001df       0x2d ./Core/Src/app/setup_btn.o
 .ARM.attributes
                0x0000020c       0x2d ./Core/Src/drivers/ldr.o
 .ARM.attributes
                0x00000239       0x2d ./Core/Src/drivers/ssd1306.o
 .ARM.attributes
                0x00000266       0x2d ./Core/Src/main.o
 .ARM.attributes
                0x00000293       0x2d ./Core/Src/stm32f1xx_hal_msp.o
 .ARM.attributes
                0x000002c0       0x2d ./Core/Src/stm32f1xx_it.o
 .ARM.attributes
                0x000002ed       0x2d ./Core/Src/sysmem.o
 .ARM.attributes
                0x0000031a       0x2d ./Core/Src/system_stm32f1xx.o
 .ARM.attributes
                0x00000347       0x21 ./Core/Startup/startup_stm32f103rbtx.o
 .ARM.attributes
                0x00000368       0x2d ./Drivers/STM32F1xx_HAL_Driver/Src/stm32f1xx_hal.o
 .ARM.attributes
                0x00000395       0x2d ./Drivers/STM32F1xx_HAL_Driver/Src/stm32f1xx_hal_adc.o
 .ARM.attributes
                0x000003c2       0x2d ./Drivers/STM32F1xx_HAL_Driver/Src/stm32f1xx_hal_cortex.o
 .ARM.attributes
                0x000003ef       0x2d ./Drivers/STM32F1xx_HAL_Driver/Src/stm32f1xx_hal_dma.o
 .ARM.attributes
                0x0000041c       0x2d ./Drivers/STM32F1xx_HAL_Driver/Src/stm32f1xx_hal_flash.o
 .ARM.attributes
                0x00000449       0x2d ./Drivers/STM32F1xx_HAL_Driver/Src/stm32f1xx_hal_flash_ex.o
 .ARM.attributes
                0x00000476       0x2d ./Drivers/STM32F1xx_HAL_Driver/Src/stm32f1xx_hal_gpio.o
 .ARM.attributes
                0x000004a3       0x2d ./Drivers/STM32F1xx_HAL_Driver/Src/stm32f1xx_hal_rcc.o
 .ARM.attributes
                0x000004d0       0x2d ./Drivers/STM32F1xx_HAL_Driver/Src/stm32f1xx_hal_rcc_ex.o
 .ARM.attributes
                0x000004fd       0x2d ./Drivers/STM32F1xx_HAL_Driver/Src/stm32f1xx_hal_spi.o
 .ARM.attributes
                0x0000052a       0x2d ./Drivers/STM32F1xx_HAL_Driver/Src/stm32f1xx_hal_uart.o
 .ARM.attributes
                0x00000557       0x2d C:/ST/STM32CubeIDE_2.0.0/STM32CubeIDE/plugins/com.st.stm32cube.ide.mcu.externaltools.gnu-tools-for-stm32.13.3.rel1.win32_1.0.100.202509120712/tools/bin/../lib/gcc/arm-none-eabi/13.3.1/../../../../arm-none-eabi/lib/thumb/v7-m/nofp\libc_nano.a(libc_a-strtoul.o)
 .ARM.attributes
                0x00000584       0x2d C:/ST/STM32CubeIDE_2.0.0/STM32CubeIDE/plugins/com.st.stm32cube.ide.mcu.externaltools.gnu-tools-for-stm32.13.3.rel1.win32_1.0.100.202509120712/tools/bin/../lib/gcc/arm-none-eabi/13.3.1/../../../../arm-none-eabi/lib/thumb/v7-m/nofp\libc_nano.a(libc_a-ctype_.o)
 .ARM.attributes
                0x000005b1       0x2d C:/ST/STM32CubeIDE_2.0.0/STM32CubeIDE/plugins/com.st.stm32cube.ide.mcu.externaltools.gnu-tools-for-stm32.13.3.rel1.win32_1.0.100.202509120712/tools/bin/../lib/gcc/arm-none-eabi/13.3.1/../../../../arm-none-eabi/lib/thumb/v7-m/nofp\libc_nano.a(libc_a-findfp.o)
 .ARM.attributes
                0x000005de       0x2d C:/ST/STM32CubeIDE_2.0.0/STM32CubeIDE/plugins/com.st.stm32cube.ide.mcu.externaltools.gnu-tools-for-stm32.13.3.rel1.win32_1.0.100.202509120712/tools/bin/../lib/gcc/arm-none-eabi/13.3.1/../../../../arm-none-eabi/lib/thumb/v7-m/nofp\libc_nano.a(libc_a-snprintf.o)
 .ARM.attributes
                0x0000060b       0x2d C:/ST/STM32CubeIDE_2.0.0/STM32CubeIDE/plugins/com.st.stm32cube.ide.mcu.externaltools.gnu-tools-for-stm32.13.3.rel1.win32_1.0.100.202509120712/tools/bin/../lib/gcc/arm-none-eabi/13.3.1/../../../../arm-none-eabi/lib/thumb/v7-m/nofp\libc_nano.a(libc_a-vsnprintf.o)
 .ARM.attributes
                0x00000638       0x2d C:/ST/STM32CubeIDE_2.0.0/STM32CubeIDE/plugins/com.st.stm32cube.ide.mcu.externaltools.gnu-tools-for-stm32.13.3.rel1.win32_1.0.100.202509120712/tools/bin/../lib/gcc/arm-none-eabi/13.3.1/../../../../arm-none-eabi/lib/thumb/v7-m/nofp\libc_nano.a(libc_a-memset.o)
 .ARM.attributes
                0x00000665       0x2d C:/ST/STM32CubeIDE_2.0.0/STM32CubeIDE/plugins/com.st.stm32cube.ide.mcu.externaltools.gnu-tools-for-stm32.13.3.rel1.win32_1.0.100.202509120712/tools/bin/../lib/gcc/arm-none-eabi/13.3.1/../../../../arm-none-eabi/lib/thumb/v7-m/nofp\libc_nano.a(libc_a-strncmp.o)
 .ARM.attributes
                0x00000692       0x2d C:/ST/STM32CubeIDE_2.0.0/STM32CubeIDE/plugins/com.st.stm32cube.ide.mcu.externaltools.gnu-tools-for-stm32.13.3.rel1.win32_1.0.100.202509120712/tools/bin/../lib/gcc/arm-none-eabi/13.3.1/../../../../arm-none-eabi/lib/thumb/v7-m/nofp\libc_nano.a(libc_a-strncpy.o)
 .ARM.attributes
                0x000006bf       0x2d C:/ST/STM32CubeIDE_2.0.0/STM32CubeIDE/plugins/com.st.stm32cube.ide.mcu.externaltools.gnu-tools-for-stm32.13.3.rel1.win32_1.0.100.202509120712/tools/bin/../lib/gcc/arm-none-eabi/13.3.1/../../../../arm-none-eabi/lib/thumb/v7-m/nofp\libc_nano.a(libc_a-strstr.o)
 .ARM.attributes
                0x000006ec       0x2d C:/ST/STM32CubeIDE_2.0.0/STM32CubeIDE/plugins/com.st.stm32cube.ide.mcu.externaltools.gnu-tools-for-stm32.13.3.rel1.win32_1.0.100.202509120712/tools/bin/../lib/gcc/arm-none-eabi/13.3.1/../../../../arm-none-eabi/lib/thumb/v7-m/nofp\libc_nano.a(libc_a-reent.o)
 .ARM.attributes
                0x00000719       0x2d C:/ST/STM32CubeIDE_2.0.0/STM32CubeIDE/plugins/com.st.stm32cube.ide.mcu.externaltools.gnu-tools-for-stm32.13.3.rel1.win32_1.0.100.202509120712/tools/bin/../lib/gcc/arm-none-eabi/13.3.1/../../../../arm-none-eabi/lib/thumb/v7-m/nofp\libc_nano.a(libc_a-impure.o)
 .ARM.attributes
                0x00000746       0x2d C:/ST/STM32CubeIDE_2.0.0/STM32CubeIDE/plugins/com.st.stm32cube.ide.mcu.externaltools.gnu-tools-for-stm32.13.3.rel1.win32_1.0.100.202509120712/tools/bin/../lib/gcc/arm-none-eabi/13.3.1/../../../../arm-none-eabi/lib/thumb/v7-m/nofp\libc_nano.a(libc_a-errno.o)
 .ARM.attributes
                0x00000773       0x2d C:/ST/STM32CubeIDE_2.0.0/STM32CubeIDE/plugins/com.st.stm32cube.ide.mcu.externaltools.gnu-tools-for-stm32.13.3.rel1.win32_1.0.100.202509120712/tools/bin/../lib/gcc/arm-none-eabi/13.3.1/../../../../arm-none-eabi/lib/thumb/v7-m/nofp\libc_nano.a(libc_a-init.o)
 .ARM.attributes
                0x000007a0       0x2d C:/ST/STM32CubeIDE_2.0.0/STM32CubeIDE/plugins/com.st.stm32cube.ide.mcu.externaltools.gnu-tools-for-stm32.13.3.rel1.win32_1.0.100.202509120712/tools/bin/../lib/gcc/arm-none-eabi/13.3.1/../../../../arm-none-eabi/lib/thumb/v7-m/nofp\libc_nano.a(libc_a-lock.o)
 .ARM.attributes
                0x000007cd       0x1b C:/ST/STM32CubeIDE_2.0.0/STM32CubeIDE/plugins/com.st.stm32cube.ide.mcu.externaltools.gnu-tools-for-stm32.13.3.rel1.win32_1.0.100.202509120712/tools/bin/../lib/gcc/arm-none-eabi/13.3.1/../../../../arm-none-eabi/lib/thumb/v7-m/nofp\libc_nano.a(libc_a-strcmp.o)
 .ARM.attributes
                0x000007e8       0x2d C:/ST/STM32CubeIDE_2.0.0/STM32CubeIDE/plugins/com.st.stm32cube.ide.mcu.externaltools.gnu-tools-for-stm32.13.3.rel1.win32_1.0.100.202509120712/tools/bin/../lib/gcc/arm-none-eabi/13.3.1/../../../../arm-none-eabi/lib/thumb/v7-m/nofp\libc_nano.a(libc_a-memcpy-stub.o)
 .ARM.attributes
                0x00000815       0x17 C:/ST/STM32CubeIDE_2.0.0/STM32CubeIDE/plugins/com.st.stm32cube.ide.mcu.externaltools.gnu-tools-for-stm32.13.3.rel1.win32_1.0.100.202509120712/tools/bin/../lib/gcc/arm-none-eabi/13.3.1/../../../../arm-none-eabi/lib/thumb/v7-m/nofp\libc_nano.a(libc_a-strlen.o)
 .ARM.attributes
                0x0000082c       0x2d C:/ST/STM32CubeIDE_2.0.0/STM32CubeIDE/plugins/com.st.stm32cube.ide.mcu.externaltools.gnu-tools-for-stm32.13.3.rel1.win32_1.0.100.202509120712/tools/bin/../lib/gcc/arm-none-eabi/13.3.1/../../../../arm-none-eabi/lib/thumb/v7-m/nofp\libc_nano.a(libc_a-freer.o)
 .ARM.attributes
                0x00000859       0x2d C:/ST/STM32CubeIDE_2.0.0/STM32CubeIDE/plugins/com.st.stm32cube.ide.mcu.externaltools.gnu-tools-for-stm32.13.3.rel1.win32_1.0.100.202509120712/tools/bin/../lib/gcc/arm-none-eabi/13.3.1/../../../../arm-none-eabi/lib/thumb/v7-m/nofp\libc_nano.a(libc_a-mallocr.o)
 .ARM.attributes
                0x00000886       0x2d C:/ST/STM32CubeIDE_2.0.0/STM32CubeIDE/plugins/com.st.stm32cube.ide.mcu.externaltools.gnu-tools-for-stm32.13.3.rel1.win32_1.0.100.202509120712/tools/bin/../lib/gcc/arm-none-eabi/13.3.1/../../../../arm-none-eabi/lib/thumb/v7-m/nofp\libc_nano.a(libc_a-mlock.o)
 .ARM.attributes
                0x000008b3       0x2d C:/ST/STM32CubeIDE_2.0.0/STM32CubeIDE/plugins/com.st.stm32cube.ide.mcu.externaltools.gnu-tools-for-stm32.13.3.rel1.win32_1.0.100.202509120712/tools/bin/../lib/gcc/arm-none-eabi/13.3.1/../../../../arm-none-eabi/lib/thumb/v7-m/nofp\libc_nano.a(libc_a-nano-svfprintf.o)
 .ARM.attributes
                0x000008e0       0x2d C:/ST/STM32CubeIDE_2.0.0/STM32CubeIDE/plugins/com.st.stm32cube.ide.mcu.externaltools.gnu-tools-for-stm32.13.3.rel1.win32_1.0.100.202509120712/tools/bin/../lib/gcc/arm-none-eabi/13.3.1/../../../../arm-none-eabi/lib/thumb/v7-m/nofp\libc_nano.a(libc_a-nano-vfprintf_i.o)
 .ARM.attributes
                0x0000090d       0x2d C:/ST/STM32CubeIDE_2.0.0/STM32CubeIDE/plugins/com.st.stm32cube.ide.mcu.externaltools.gnu-tools-for-stm32.13.3.rel1.win32_1.0.100.202509120712/tools/bin/../lib/gcc/arm-none-eabi/13.3.1/../../../../arm-none-eabi/lib/thumb/v7-m/nofp\libc_nano.a(libc_a-memmove.o)
 .ARM.attributes
                0x0000093a       0x2d C:/ST/STM32CubeIDE_2.0.0/STM32CubeIDE/plugins/com.st.stm32cube.ide.mcu.externaltools.gnu-tools-for-stm32.13.3.rel1.win32_1.0.100.202509120712/tools/bin/../lib/gcc/arm-none-eabi/13.3.1/../../../../arm-none-eabi/lib/thumb/v7-m/nofp\libc_nano.a(libc_a-sbrkr.o)
 .ARM.attributes
                0x00000967       0x2d C:/ST/STM32CubeIDE_2.0.0/STM32CubeIDE/plugins/com.st.stm32cube.ide.mcu.externaltools.gnu-tools-for-stm32.13.3.rel1.win32_1.0.100.202509120712/tools/bin/../lib/gcc/arm-none-eabi/13.3.1/../../../../arm-none-eabi/lib/thumb/v7-m/nofp\libc_nano.a(libc_a-memchr-stub.o)
 .ARM.attributes
                0x00000994       0x2d C:/ST/STM32CubeIDE_2.0.0/STM32CubeIDE/plugins/com.st.stm32cube.ide.mcu.externaltools.gnu-tools-for-stm32.13.3.rel1.win32_1.0.100.202509120712/tools/bin/../lib/gcc/arm-none-eabi/13.3.1/../../../../arm-none-eabi/lib/thumb/v7-m/nofp\libc_nano.a(libc_a-reallocr.o)
 .ARM.attributes
                0x000009c1       0x2d C:/ST/STM32CubeIDE_2.0.0/STM32CubeIDE/plugins/com.st.stm32cube.ide.mcu.externaltools.gnu-tools-for-stm32.13.3.rel1.win32_1.0.100.202509120712/tools/bin/../lib/gcc/arm-none-eabi/13.3.1/../../../../arm-none-eabi/lib/thumb/v7-m/nofp\libc_nano.a(libc_a-msizer.o)
 .ARM.attributes
                0x000009ee       0x1d C:/ST/STM32CubeIDE_2.0.0/STM32CubeIDE/plugins/com.st.stm32cube.ide.mcu.externaltools.gnu-tools-for-stm32.13.3.rel1.win32_1.0.100.202509120712/tools/bin/../lib/gcc/arm-none-eabi/13.3.1/thumb/v7-m/nofp\libgcc.a(_arm_mulsf3.o)
 .ARM.attributes
                0x00000a0b       0x1d C:/ST/STM32CubeIDE_2.0.0/STM32CubeIDE/plugins/com.st.stm32cube.ide.mcu.externaltools.gnu-tools-for-stm32.13.3.rel1.win32_1.0.100.202509120712/tools/bin/../lib/gcc/arm-none-eabi/13.3.1/thumb/v7-m/nofp\libgcc.a(_arm_addsubsf3.o)
 .ARM.attributes
                0x00000a28       0x1d C:/ST/STM32CubeIDE_2.0.0/STM32CubeIDE/plugins/com.st.stm32cube.ide.mcu.externaltools.gnu-tools-for-stm32.13.3.rel1.win32_1.0.100.202509120712/tools/bin/../lib/gcc/arm-none-eabi/13.3.1/thumb/v7-m/nofp\libgcc.a(_arm_fixunssfsi.o)
 .ARM.attributes
                0x00000a45       0x1d C:/ST/STM32CubeIDE_2.0.0/STM32CubeIDE/plugins/com.st.stm32cube.ide.mcu.externaltools.gnu-tools-for-stm32.13.3.rel1.win32_1.0.100.202509120712/tools/bin/../lib/gcc/arm-none-eabi/13.3.1/thumb/v7-m/nofp/crtn.o
OUTPUT(luz-morse-fw.elf elf32-littlearm)
LOAD linker stubs
LOAD C:/ST/STM32CubeIDE_2.0.0/STM32CubeIDE/plugins/com.st.stm32cube.ide.mcu.externaltools.gnu-tools-for-stm32.13.3.rel1.win32_1.0.100.202509120712/tools/bin/../lib/gcc/arm-none-eabi/13.3.1/../../../../arm-none-eabi/lib/thumb/v7-m/nofp\libc.a
LOAD C:/ST/STM32CubeIDE_2.0.0/STM32CubeIDE/plugins/com.st.stm32cube.ide.mcu.externaltools.gnu-tools-for-stm32.13.3.rel1.win32_1.0.100.202509120712/tools/bin/../lib/gcc/arm-none-eabi/13.3.1/../../../../arm-none-eabi/lib/thumb/v7-m/nofp\libm.a
LOAD C:/ST/STM32CubeIDE_2.0.0/STM32CubeIDE/plugins/com.st.stm32cube.ide.mcu.externaltools.gnu-tools-for-stm32.13.3.rel1.win32_1.0.100.202509120712/tools/bin/../lib/gcc/arm-none-eabi/13.3.1/thumb/v7-m/nofp\libgcc.a

.debug_info     0x00000000    0x10a24
 .debug_info    0x00000000     0x1600 ./Core/Src/app/app.o
 .debug_info    0x00001600      0x9eb ./Core/Src/app/bt_link.o
 .debug_info    0x00001feb      0x202 ./Core/Src/app/button_input.o
 .debug_info    0x000021ed      0x258 ./Core/Src/app/buzzer.o
 .debug_info    0x00002445      0x2e6 ./Core/Src/app/led_ui.o
 .debug_info    0x0000272b      0x29e ./Core/Src/app/light_sensor.o
 .debug_info    0x000029c9      0x34f ./Core/Src/app/morse_decoder.o
 .debug_info    0x00002d18      0x3d1 ./Core/Src/app/nv_store.o
 .debug_info    0x000030e9      0xbff ./Core/Src/app/oled_ui.o
 .debug_info    0x00003ce8      0x942 ./Core/Src/app/setup_btn.o
 .debug_info    0x0000462a      0x669 ./Core/Src/drivers/ldr.o
 .debug_info    0x00004c93      0xd38 ./Core/Src/drivers/ssd1306.o
 .debug_info    0x000059cb     0x11ce ./Core/Src/main.o
 .debug_info    0x00006b99      0xf58 ./Core/Src/stm32f1xx_hal_msp.o
 .debug_info    0x00007af1      0x603 ./Core/Src/stm32f1xx_it.o
 .debug_info    0x000080f4      0x168 ./Core/Src/sysmem.o
 .debug_info    0x0000825c      0x222 ./Core/Src/system_stm32f1xx.o
 .debug_info    0x0000847e       0x30 ./Core/Startup/startup_stm32f103rbtx.o
 .debug_info    0x000084ae      0x704 ./Drivers/STM32F1xx_HAL_Driver/Src/stm32f1xx_hal.o
 .debug_info    0x00008bb2      0xc50 ./Drivers/STM32F1xx_HAL_Driver/Src/stm32f1xx_hal_adc.o
 .debug_info    0x00009802      0xa87 ./Drivers/STM32F1xx_HAL_Driver/Src/stm32f1xx_hal_cortex.o
 .debug_info    0x0000a289      0x6d2 ./Drivers/STM32F1xx_HAL_Driver/Src/stm32f1xx_hal_dma.o
 .debug_info    0x0000a95b      0x4f8 ./Drivers/STM32F1xx_HAL_Driver/Src/stm32f1xx_hal_flash.o
 .debug_info    0x0000ae53      0x777 ./Drivers/STM32F1xx_HAL_Driver/Src/stm32f1xx_hal_flash_ex.o
 .debug_info    0x0000b5ca      0x5ab ./Drivers/STM32F1xx_HAL_Driver/Src/stm32f1xx_hal_gpio.o
 .debug_info    0x0000bb75      0x7d5 ./Drivers/STM32F1xx_HAL_Driver/Src/stm32f1xx_hal_rcc.o
 .debug_info    0x0000c34a      0x3c0 ./Drivers/STM32F1xx_HAL_Driver/Src/stm32f1xx_hal_rcc_ex.o
 .debug_info    0x0000c70a     0x142d ./Drivers/STM32F1xx_HAL_Driver/Src/stm32f1xx_hal_spi.o
 .debug_info    0x0000db37     0x2eed ./Drivers/STM32F1xx_HAL_Driver/Src/stm32f1xx_hal_uart.o

.debug_abbrev   0x00000000     0x390b
 .debug_abbrev  0x00000000      0x393 ./Core/Src/app/app.o
 .debug_abbrev  0x00000393      0x262 ./Core/Src/app/bt_link.o
 .debug_abbrev  0x000005f5      0x138 ./Core/Src/app/button_input.o
 .debug_abbrev  0x0000072d      0x147 ./Core/Src/app/buzzer.o
 .debug_abbrev  0x00000874      0x148 ./Core/Src/app/led_ui.o
 .debug_abbrev  0x000009bc       0xfa ./Core/Src/app/light_sensor.o
 .debug_abbrev  0x00000ab6      0x1ce ./Core/Src/app/morse_decoder.o
 .debug_abbrev  0x00000c84      0x167 ./Core/Src/app/nv_store.o
 .debug_abbrev  0x00000deb      0x250 ./Core/Src/app/oled_ui.o
 .debug_abbrev  0x0000103b      0x239 ./Core/Src/app/setup_btn.o
 .debug_abbrev  0x00001274      0x1cd ./Core/Src/drivers/ldr.o
 .debug_abbrev  0x00001441      0x303 ./Core/Src/drivers/ssd1306.o
 .debug_abbrev  0x00001744      0x2f2 ./Core/Src/main.o
 .debug_abbrev  0x00001a36      0x207 ./Core/Src/stm32f1xx_hal_msp.o
 .debug_abbrev  0x00001c3d      0x178 ./Core/Src/stm32f1xx_it.o
 .debug_abbrev  0x00001db5       0xbc ./Core/Src/sysmem.o
 .debug_abbrev  0x00001e71      0x13f ./Core/Src/system_stm32f1xx.o
 .debug_abbrev  0x00001fb0       0x24 ./Core/Startup/startup_stm32f103rbtx.o
 .debug_abbrev  0x00001fd4      0x201 ./Drivers/STM32F1xx_HAL_Driver/Src/stm32f1xx_hal.o
 .debug_abbrev  0x000021d5      0x225 ./Drivers/STM32F1xx_HAL_Driver/Src/stm32f1xx_hal_adc.o
 .debug_abbrev  0x000023fa      0x2f8 ./Drivers/STM32F1xx_HAL_Driver/Src/stm32f1xx_hal_cortex.o
 .debug_abbrev  0x000026f2      0x20b ./Drivers/STM32F1xx_HAL_Driver/Src/stm32f1xx_hal_dma.o
 .debug_abbrev  0x000028fd      0x250 ./Drivers/STM32F1xx_HAL_Driver/Src/stm32f1xx_hal_flash.o
 .debug_abbrev  0x00002b4d      0x247 ./Drivers/STM32F1xx_HAL_Driver/Src/stm32f1xx_hal_flash_ex.o
 .debug_abbrev  0x00002d94      0x1ca ./Drivers/STM32F1xx_HAL_Driver/Src/stm32f1xx_hal_gpio.o
 .debug_abbrev  0x00002f5e      0x2b3 ./Drivers/STM32F1xx_HAL_Driver/Src/stm32f1xx_hal_rcc.o
 .debug_abbrev  0x00003211      0x188 ./Drivers/STM32F1xx_HAL_Driver/Src/stm32f1xx_hal_rcc_ex.o
 .debug_abbrev  0x00003399      0x27a ./Drivers/STM32F1xx_HAL_Driver/Src/stm32f1xx_hal_spi.o
 .debug_abbrev  0x00003613      0x2f8 ./Drivers/STM32F1xx_HAL_Driver/Src/stm32f1xx_hal_uart.o

.debug_aranges  0x00000000      0xfd0
 .debug_aranges
                0x00000000      0x128 ./Core/Src/app/app.o
 .debug_aranges
                0x00000128       0x78 ./Core/Src/app/bt_link.o
 .debug_aranges
                0x000001a0       0x28 ./Core/Src/app/button_input.o
 .debug_aranges
                0x000001c8       0x30 ./Core/Src/app/buzzer.o
 .debug_aranges
                0x000001f8       0x40 ./Core/Src/app/led_ui.o
 .debug_aranges
                0x00000238       0x70 ./Core/Src/app/light_sensor.o
 .debug_aranges
                0x000002a8       0x58 ./Core/Src/app/morse_decoder.o
 .debug_aranges
                0x00000300       0x48 ./Core/Src/app/nv_store.o
 .debug_aranges
                0x00000348       0x58 ./Core/Src/app/oled_ui.o
 .debug_aranges
                0x000003a0       0x40 ./Core/Src/app/setup_btn.o
 .debug_aranges
                0x000003e0       0x38 ./Core/Src/drivers/ldr.o
 .debug_aranges
                0x00000418       0xb8 ./Core/Src/drivers/ssd1306.o
 .debug_aranges
                0x000004d0       0x70 ./Core/Src/main.o
 .debug_aranges
                0x00000540       0x50 ./Core/Src/stm32f1xx_hal_msp.o
 .debug_aranges
                0x00000590       0x70 ./Core/Src/stm32f1xx_it.o
 .debug_aranges
                0x00000600       0x20 ./Core/Src/sysmem.o
 .debug_aranges
                0x00000620       0x28 ./Core/Src/system_stm32f1xx.o
 .debug_aranges
                0x00000648       0x28 ./Core/Startup/startup_stm32f103rbtx.o
 .debug_aranges
                0x00000670       0xe0 ./Drivers/STM32F1xx_HAL_Driver/Src/stm32f1xx_hal.o
 .debug_aranges
                0x00000750       0xf0 ./Drivers/STM32F1xx_HAL_Driver/Src/stm32f1xx_hal_adc.o
 .debug_aranges
                0x00000840      0x100 ./Drivers/STM32F1xx_HAL_Driver/Src/stm32f1xx_hal_cortex.o
 .debug_aranges
                0x00000940       0x80 ./Drivers/STM32F1xx_HAL_Driver/Src/stm32f1xx_hal_dma.o
 .debug_aranges
                0x000009c0       0x88 ./Drivers/STM32F1xx_HAL_Driver/Src/stm32f1xx_hal_flash.o
 .debug_aranges
                0x00000a48       0x98 ./Drivers/STM32F1xx_HAL_Driver/Src/stm32f1xx_hal_flash_ex.o
 .debug_aranges
                0x00000ae0       0x58 ./Drivers/STM32F1xx_HAL_Driver/Src/stm32f1xx_hal_gpio.o
 .debug_aranges
                0x00000b38       0x90 ./Drivers/STM32F1xx_HAL_Driver/Src/stm32f1xx_hal_rcc.o
 .debug_aranges
                0x00000bc8       0x30 ./Drivers/STM32F1xx_HAL_Driver/Src/stm32f1xx_hal_rcc_ex.o
 .debug_aranges
                0x00000bf8      0x1d0 ./Drivers/STM32F1xx_HAL_Driver/Src/stm32f1xx_hal_spi.o
 .debug_aranges
                0x00000dc8      0x208 ./Drivers/STM32F1xx_HAL_Driver/Src/stm32f1xx_hal_uart.o

.debug_rnglists
                0x00000000      0xc06
 .debug_rnglists
                0x00000000       0xe7 ./Core/Src/app/app.o
 .debug_rnglists
                0x000000e7       0x65 ./Core/Src/app/bt_link.o
 .debug_rnglists
                0x0000014c       0x19 ./Core/Src/app/button_input.o
 .debug_rnglists
                0x00000165       0x1f ./Core/Src/app/buzzer.o
 .debug_rnglists
                0x00000184       0x2c ./Core/Src/app/led_ui.o
 .debug_rnglists
                0x000001b0       0x50 ./Core/Src/app/light_sensor.o
 .debug_rnglists
                0x00000200       0x3e ./Core/Src/app/morse_decoder.o
 .debug_rnglists
                0x0000023e       0x33 ./Core/Src/app/nv_store.o
 .debug_rnglists
                0x00000271       0x41 ./Core/Src/app/oled_ui.o
 .debug_rnglists
                0x000002b2       0x2d ./Core/Src/app/setup_btn.o
 .debug_rnglists
                0x000002df       0x25 ./Core/Src/drivers/ldr.o
 .debug_rnglists
                0x00000304       0x96 ./Core/Src/drivers/ssd1306.o
 .debug_rnglists
                0x0000039a       0x52 ./Core/Src/main.o
 .debug_rnglists
                0x000003ec       0x38 ./Core/Src/stm32f1xx_hal_msp.o
 .debug_rnglists
                0x00000424       0x4f ./Core/Src/stm32f1xx_it.o
 .debug_rnglists
                0x00000473       0x13 ./Core/Src/sysmem.o
 .debug_rnglists
                0x00000486       0x1a ./Core/Src/system_stm32f1xx.o
 .debug_rnglists
                0x000004a0       0x19 ./Core/Startup/startup_stm32f103rbtx.o
 .debug_rnglists
                0x000004b9       0xa3 ./Drivers/STM32F1xx_HAL_Driver/Src/stm32f1xx_hal.o
 .debug_rnglists
                0x0000055c       0xbc ./Drivers/STM32F1xx_HAL_Driver/Src/stm32f1xx_hal_adc.o
 .debug_rnglists
                0x00000618       0xbb ./Drivers/STM32F1xx_HAL_Driver/Src/stm32f1xx_hal_cortex.o
 .debug_rnglists
                0x000006d3       0x64 ./Drivers/STM32F1xx_HAL_Driver/Src/stm32f1xx_hal_dma.o
 .debug_rnglists
                0x00000737       0x66 ./Drivers/STM32F1xx_HAL_Driver/Src/stm32f1xx_hal_flash.o
 .debug_rnglists
                0x0000079d       0x73 ./Drivers/STM32F1xx_HAL_Driver/Src/stm32f1xx_hal_flash_ex.o
 .debug_rnglists
                0x00000810       0x3f ./Drivers/STM32F1xx_HAL_Driver/Src/stm32f1xx_hal_gpio.o
 .debug_rnglists
                0x0000084f       0x6c ./Drivers/STM32F1xx_HAL_Driver/Src/stm32f1xx_hal_rcc.o
 .debug_rnglists
                0x000008bb       0x21 ./Drivers/STM32F1xx_HAL_Driver/Src/stm32f1xx_hal_rcc_ex.o
 .debug_rnglists
                0x000008dc      0x16e ./Drivers/STM32F1xx_HAL_Driver/Src/stm32f1xx_hal_spi.o
 .debug_rnglists
                0x00000a4a      0x1bc ./Drivers/STM32F1xx_HAL_Driver/Src/stm32f1xx_hal_uart.o

.debug_macro    0x00000000    0x19a31
 .debug_macro   0x00000000      0x3bb ./Core/Src/app/app.o
 .debug_macro   0x000003bb      0xacc ./Core/Src/app/app.o
 .debug_macro   0x00000e87       0x22 ./Core/Src/app/app.o
 .debug_macro   0x00000ea9       0x8e ./Core/Src/app/app.o
 .debug_macro   0x00000f37       0x51 ./Core/Src/app/app.o
 .debug_macro   0x00000f88      0x103 ./Core/Src/app/app.o
 .debug_macro   0x0000108b       0x6a ./Core/Src/app/app.o
 .debug_macro   0x000010f5      0x1df ./Core/Src/app/app.o
 .debug_macro   0x000012d4      0x221 ./Core/Src/app/app.o
 .debug_macro   0x000014f5       0x2e ./Core/Src/app/app.o
 .debug_macro   0x00001523       0x22 ./Core/Src/app/app.o
 .debug_macro   0x00001545       0x1c ./Core/Src/app/app.o
 .debug_macro   0x00001561       0x22 ./Core/Src/app/app.o
 .debug_macro   0x00001583       0xbd ./Core/Src/app/app.o
 .debug_macro   0x00001640      0xd23 ./Core/Src/app/app.o
 .debug_macro   0x00002363     0xe09e ./Core/Src/app/app.o