../Core/Src/app/app.c:77:13:uart_tx_mask	16	static
../Core/Src/app/app.c:88:13:uart_tx_raw	16	static
../Core/Src/app/app.c:93:13:uart_vprintf_mask	288	static
../Core/Src/app/app.c:102:13:uart_printf_mask	28	static
../Core/Src/app/app.c:110:13:uart_printf	16	static
../Core/Src/app/app.c:206:13:symdbg_reset	4	static
../Core/Src/app/app.c:212:13:symdbg_push	16	static
../Core/Src/app/app.c:221:13:symdbg_show	8	static
../Core/Src/app/app.c:227:13:phrase_reset	8	static
../Core/Src/app/app.c:241:13:phrase_append	16	static
../Core/Src/app/app.c:256:13:print_char_immediate	16	static
../Core/Src/app/app.c:266:13:App_SyncPrevLevel	24	static
../Core/Src/app/app.c:295:13:phrase_try_print_on_idle	40	static
../Core/Src/app/app.c:335:13:App_ModeBanner	8	static
../Core/Src/app/app.c:353:13:CLI_HandleLine	40	static
../Core/Src/app/app.c:546:13:CLI_PrintHelp	8	static
../Core/Src/app/app.c:565:13:CLI_Task	144	static,ignoring_inline_asm
../Core/Src/app/app.c:587:6:App_OnUartRxByte	24	static
../Core/Src/app/app.c:659:13:App_Task_MorseFromLevel	56	static
../Core/Src/app/app.c:774:13:App_Task_Morse	24	static
../Core/Src/app/app.c:780:13:App_Task_LdrMonitor	72	static
../Core/Src/app/app.c:818:13:App_Task_LightMorse	24	static
../Core/Src/app/app.c:840:13:App_PrintBanner	32	static
../Core/Src/app/app.c:858:23:BtState_Read	8	static
../Core/Src/app/app.c:863:13:BtState_Init	16	static
../Core/Src/app/app.c:887:13:BtState_Task	24	static
../Core/Src/app/app.c:938:6:App_Init	24	static
../Core/Src/app/app.c:986:6:App_Task	64	static
../Core/Src/app/app.c:1060:12:App_GetMode	4	static
../Core/Src/app/app.c:1065:10:App_GetTuMs	8	static
../Core/Src/app/app.c:1070:13:App_GetSymbolDbg	4	static
../Core/Src/app/app.c:1075:13:App_GetLastPhrase	4	static
../Core/Src/app/app.c:1080:9:App_GetBtConnected	4	static
../Core/Src/app/app.c:1085:9:App_GetLdrPct	4	static
