../Core/Src/main.c:62:20:rxq_push_isr	24	static
../Core/Src/main.c:71:12:rxq_pop	24	static,ignoring_inline_asm
../Core/Src/main.c:98:6:HAL_UART_RxCpltCallback	16	static
../Core/Src/main.c:117:5:main	16	static
../Core/Src/main.c:181:6:SystemClock_Config	88	static
../Core/Src/main.c:228:13:MX_ADC1_Init	24	static
../Core/Src/main.c:275:13:MX_SPI1_Init	8	static
../Core/Src/main.c:313:13:MX_USART1_UART_Init	8	static
../Core/Src/main.c:346:13:MX_USART2_UART_Init	8	static
../Core/Src/main.c:379:13:MX_GPIO_Init	40	static
../Core/Src/main.c:447:6:Error_Handler	4	static,ignoring_inline_asm
