Archive member included to satisfy reference by file (symbol)

C:/ST/STM32CubeIDE_2.0.0/STM32CubeIDE/plugins/com.st.stm32cube.ide.mcu.externaltools.gnu-tools-for-stm32.13.3.rel1.win32_1.0.100.202509120712/tools/bin/../lib/gcc/arm-none-eabi/13.3.1/../../../../arm-none-eabi/lib/thumb/v7-m/nofp\libc_nano.a(libc_a-exit.o)
                              C:/ST/STM32CubeIDE_2.0.0/STM32CubeIDE/plugins/com.st.stm32cube.ide.mcu.externaltools.gnu-tools-for-stm32.13.3.rel1.win32_1.0.100.202509120712/tools/bin/../lib/gcc/arm-none-eabi/13.3.1/../../../../arm-none-eabi/lib/thumb/v7-m/nofp/crt0.o (exit)
C:/ST/STM32CubeIDE_2.0.0/STM32CubeIDE/plugins/com.st.stm32cube.ide.mcu.externaltools.gnu-tools-for-stm32.13.3.rel1.win32_1.0.100.202509120712/tools/bin/../lib/gcc/arm-none-eabi/13.3.1/../../../../arm-none-eabi/lib/thumb/v7-m/nofp\libc_nano.a(libc_a-strtoul.o)
                              ./Core/Src/app/app.o (strtoul)
C:/ST/STM32CubeIDE_2.0.0/STM32CubeIDE/plugins/com.st.stm32cube.ide.mcu.externaltools.gnu-tools-for-stm32.13.3.rel1.win32_1.0.100.202509120712/tools/bin/../lib/gcc/arm-none-eabi/13.3.1/../../../../arm-none-eabi/lib/thumb/v7-m/nofp\libc_nano.a(libc_a-ctype_.o)
                              C:/ST/STM32CubeIDE_2.0.0/STM32CubeIDE/plugins/com.st.stm32cube.ide.mcu.externaltools.gnu-tools-for-stm32.13.3.rel1.win32_1.0.100.202509120712/tools/bin/../lib/gcc/arm-none-eabi/13.3.1/../../../../arm-none-eabi/lib/thumb/v7-m/nofp\libc_nano.a(libc_a-strtoul.o) (_ctype_)
C:/ST/STM32CubeIDE_2.0.0/STM32CubeIDE/plugins/com.st.stm32cube.ide.mcu.externaltools.gnu-tools-for-stm32.13.3.rel1.win32_1.0.100.202509120712/tools/bin/../lib/gcc/arm-none-eabi/13.3.1/../../../../arm-none-eabi/lib/thumb/v7-m/nofp\libc_nano.a(libc_a-findfp.o)
                              C:/ST/STM32CubeIDE_2.0.0/STM32CubeIDE/plugins/com.st.stm32cube.ide.mcu.externaltools.gnu-tools-for-stm32.13.3.rel1.win32_1.0.100.202509120712/tools/bin/../lib/gcc/arm-none-eabi/13.3.1/../../../../arm-none-eabi/lib/thumb/v7-m/nofp\libc_nano.a(libc_a-exit.o) (__stdio_exit_handler)
C:/ST/STM32CubeIDE_2.0.0/STM32CubeIDE/plugins/com.st.stm32cube.ide.mcu.externaltools.gnu-tools-for-stm32.13.3.rel1.win32_1.0.100.202509120712/tools/bin/../lib/gcc/arm-none-eabi/13.3.1/../../../../arm-none-eabi/lib/thumb/v7-m/nofp\libc_nano.a(libc_a-fwalk.o)
                              C:/ST/STM32CubeIDE_2.0.0/STM32CubeIDE/plugins/com.st.stm32cube.ide.mcu.externaltools.gnu-tools-for-stm32.13.3.rel1.win32_1.0.100.202509120712/tools/bin/../lib/gcc/arm-none-eabi/13.3.1/../../../../arm-none-eabi/lib/thumb/v7-m/nofp\libc_nano.a(libc_a-findfp.o) (_fwalk_sglue)
C:/ST/STM32CubeIDE_2.0.0/STM32CubeIDE/plugins/com.st.stm32cube.ide.mcu.externaltools.gnu-tools-for-stm32.13.3.rel1.win32_1.0.100.202509120712/tools/bin/../lib/gcc/arm-none-eabi/13.3.1/../../../../arm-none-eabi/lib/thumb/v7-m/nofp\libc_nano.a(libc_a-snprintf.o)
                              ./Core/Src/app/bt_link.o (snprintf)
C:/ST/STM32CubeIDE_2.0.0/STM32CubeIDE/plugins/com.st.stm32cube.ide.mcu.externaltools.gnu-tools-for-stm32.13.3.rel1.win32_1.0.100.202509120712/tools/bin/../lib/gcc/arm-none-eabi/13.3.1/../../../../arm-none-eabi/lib/thumb/v7-m/nofp\libc_nano.a(libc_a-stdio.o)
                              C:/ST/STM32CubeIDE_2.0.0/STM32CubeIDE/plugins/com.st.stm32cube.ide.mcu.externaltools.gnu-tools-for-stm32.13.3.rel1.win32_1.0.100.202509120712/tools/bin/../lib/gcc/arm-none-eabi/13.3.1/../../../../arm-none-eabi/lib/thumb/v7-m/nofp\libc_nano.a(libc_a-findfp.o) (__sread)
C:/ST/STM32CubeIDE_2.0.0/STM32CubeIDE/plugins/com.st.stm32cube.ide.mcu.externaltools.gnu-tools-for-stm32.13.3.rel1.win32_1.0.100.202509120712/tools/bin/../lib/gcc/arm-none-eabi/13.3.1/../../../../arm-none-eabi/lib/thumb/v7-m/nofp\libc_nano.a(libc_a-vsnprintf.o)
                              ./Core/Src/app/app.o (vsnprintf)
C:/ST/STM32CubeIDE_2.0.0/STM32CubeIDE/plugins/com.st.stm32cube.ide.mcu.externaltools.gnu-tools-for-stm32.13.3.rel1.win32_1.0.100.202509120712/tools/bin/../lib/gcc/arm-none-eabi/13.3.1/../../../../arm-none-eabi/lib/thumb/v7-m/nofp\libc_nano.a(libc_a-memset.o)
                              C:/ST/STM32CubeIDE_2.0.0/STM32CubeIDE/plugins/com.st.stm32cube.ide.mcu.externaltools.gnu-tools-for-stm32.13.3.rel1.win32_1.0.100.202509120712/tools/bin/../lib/gcc/arm-none-eabi/13.3.1/../../../../arm-none-eabi/lib/thumb/v7-m/nofp/crt0.o (memset)
C:/ST/STM32CubeIDE_2.0.0/STM32CubeIDE/plugins/com.st.stm32cube.ide.mcu.externaltools.gnu-tools-for-stm32.13.3.rel1.win32_1.0.100.202509120712/tools/bin/../lib/gcc/arm-none-eabi/13.3.1/../../../../arm-none-eabi/lib/thumb/v7-m/nofp\libc_nano.a(libc_a-strncmp.o)
                              ./Core/Src/app/app.o (strncmp)
C:/ST/STM32CubeIDE_2.0.0/STM32CubeIDE/plugins/com.st.stm32cube.ide.mcu.externaltools.gnu-tools-for-stm32.13.3.rel1.win32_1.0.100.202509120712/tools/bin/../lib/gcc/arm-none-eabi/13.3.1/../../../../arm-none-eabi/lib/thumb/v7-m/nofp\libc_nano.a(libc_a-strncpy.o)
                              ./Core/Src/app/app.o (strncpy)
[...]
Memory Configuration

Name             Origin             Length             Attributes
RAM              0x20000000         0x00005000         xrw
FLASH            0x08000000         0x00020000         xr
*default*        0x00000000         0xffffffff

Linker script and memory map

LOAD C:/ST/STM32CubeIDE_2.0.0/STM32CubeIDE/plugins/com.st.stm32cube.ide.mcu.externaltools.gnu-tools-for-stm32.13.3.rel1.win32_1.0.100.202509120712/tools/bin/../lib/gcc/arm-none-eabi/13.3.1/thumb/v7-m/nofp/crti.o
LOAD C:/ST/STM32CubeIDE_2.0.0/STM32CubeIDE/plugins/com.st.stm32cube.ide.mcu.externaltools.gnu-tools-for-stm32.13.3.rel1.win32_1.0.100.202509120712/tools/bin/../lib/gcc/arm-none-eabi/13.3.1/thumb/v7-m/nofp/crtbegin.o
LOAD C:/ST/STM32CubeIDE_2.0.0/STM32CubeIDE/plugins/com.st.stm32cube.ide.mcu.externaltools.gnu-tools-for-stm32.13.3.rel1.win32_1.0.100.202509120712/tools/bin/../lib/gcc/arm-none-eabi/13.3.1/../../../../arm-none-eabi/lib/thumb/v7-m/nofp/crt0.o
LOAD ./Core/Src/app/app.o
LOAD ./Core/Src/app/bt_link.o
LOAD ./Core/Src/app/button_input.o
LOAD ./Core/Src/app/buzzer.o
LOAD ./Core/Src/app/led_ui.o
LOAD ./Core/Src/app/light_sensor.o
LOAD ./Core/Src/app/morse_decoder.o
LOAD ./Core/Src/app/nv_store.o
LOAD ./Core/Src/app/oled_ui.o
LOAD ./Core/Src/app/setup_btn.o
LOAD ./Core/Src/drivers/ldr.o
LOAD ./Core/Src/drivers/ssd1306.o
LOAD ./Core/Src/main.o
LOAD ./Core/Src/stm32f1xx_hal_msp.o
LOAD ./Core/Src/stm32f1xx_it.o
LOAD ./Core/Src/syscalls.o
LOAD ./Core/Src/sysmem.o
LOAD ./Core/Src/system_stm32f1xx.o
LOAD ./Core/Startup/startup_stm32f103rbtx.o
LOAD ./Drivers/STM32F1xx_HAL_Driver/Src/stm32f1xx_hal.o
LOAD ./Drivers/STM32F1xx_HAL_Driver/Src/stm32f1xx_hal_adc.o
LOAD ./Drivers/STM32F1xx_HAL_Driver/Src/stm32f1xx_hal_adc_ex.o
LOAD ./Drivers/STM32F1xx_HAL_Driver/Src/stm32f1xx_hal_cortex.o
LOAD ./Drivers/STM32F1xx_HAL_Driver/Src/stm32f1xx_hal_dma.o
LOAD ./Drivers/STM32F1xx_HAL_Driver/Src/stm32f1xx_hal_exti.o
LOAD ./Drivers/STM32F1xx_HAL_Driver/Src/stm32f1xx_hal_flash.o
LOAD ./Drivers/STM32F1xx_HAL_Driver/Src/stm32f1xx_hal_flash_ex.o
LOAD ./Drivers/STM32F1xx_HAL_Driver/Src/stm32f1xx_hal_gpio.o
LOAD ./Drivers/STM32F1xx_HAL_Driver/Src/stm32f1xx_hal_gpio_ex.o
LOAD ./Drivers/STM32F1xx_HAL_Driver/Src/stm32f1xx_hal_pwr.o
LOAD ./Drivers/STM32F1xx_HAL_Driver/Src/stm32f1xx_hal_rcc.o
LOAD ./Drivers/STM32F1xx_HAL_Driver/Src/stm32f1xx_hal_rcc_ex.o
LOAD ./Drivers/STM32F1xx_HAL_Driver/Src/stm32f1xx_hal_spi.o
LOAD ./Drivers/STM32F1xx_HAL_Driver/Src/stm32f1xx_hal_uart.o
START GROUP
LOAD C:/ST/STM32CubeIDE_2.0.0/STM32CubeIDE/plugins/com.st.stm32cube.ide.mcu.externaltools.gnu-tools-for-stm32.13.3.rel1.win32_1.0.100.202509120712/tools/bin/../lib/gcc/arm-none-eabi/13.3.1/../../../../arm-none-eabi/lib/thumb/v7-m/nofp\libc_nano.a
LOAD C:/ST/STM32CubeIDE_2.0.0/STM32CubeIDE/plugins/com.st.stm32cube.ide.mcu.externaltools.gnu-tools-for-stm32.13.3.rel1.win32_1.0.100.202509120712/tools/bin/../lib/gcc/arm-none-eabi/13.3.1/../../../../arm-none-eabi/lib/thumb/v7-m/nofp\libm.a
END GROUP
START GROUP
LOAD C:/ST/STM32CubeIDE_2.0.0/STM32CubeIDE/plugins/com.st.stm32cube.ide.mcu.externaltools.gnu-tools-for-stm32.13.3.rel1.win32_1.0.100.202509120712/tools/bin/../lib/gcc/arm-none-eabi/13.3.1/thumb/v7-m/nofp\libgcc.a
LOAD C:/ST/STM32CubeIDE_2.0.0/STM32CubeIDE/plugins/com.st.stm32cube.ide.mcu.externaltools.gnu-tools-for-stm32.13.3.rel1.win32_1.0.100.202509120712/tools/bin/../lib/gcc/arm-none-eabi/13.3.1/../../../../arm-none-eabi/lib/thumb/v7-m/nofp\libc_nano.a
END GROUP
START GROUP
LOAD C:/ST/STM32CubeIDE_2.0.0/STM32CubeIDE/plugins/com.st.stm32cube.ide.mcu.externaltools.gnu-tools-for-stm32.13.3.rel1.win32_1.0.100.202509120712/tools/bin/../lib/gcc/arm-none-eabi/13.3.1/thumb/v7-m/nofp\libgcc.a
LOAD C:/ST/STM32CubeIDE_2.0.0/STM32CubeIDE/plugins/com.st.stm32cube.ide.mcu.externaltools.gnu-tools-for-stm32.13.3.rel1.win32_1.0.100.202509120712/tools/bin/../lib/gcc/arm-none-eabi/13.3.1/../../../../arm-none-eabi/lib/thumb/v7-m/nofp\libc_nano.a
LOAD C:/ST/STM32CubeIDE_2.0.0/STM32CubeIDE/plugins/com.st.stm32cube.ide.mcu.externaltools.gnu-tools-for-stm32.13.3.rel1.win32_1.0.100.202509120712/tools/bin/../lib/gcc/arm-none-eabi/13.3.1/../../../../arm-none-eabi/lib/thumb/v7-m/nofp\libnosys.a
END GROUP
START GROUP
LOAD C:/ST/STM32CubeIDE_2.0.0/STM32CubeIDE/plugins/com.st.stm32cube.ide.mcu.externaltools.gnu-tools-for-stm32.13.3.rel1.win32_1.0.100.202509120712/tools/bin/../lib/gcc/arm-none-eabi/13.3.1/thumb/v7-m/nofp\libgcc.a
LOAD C:/ST/STM32CubeIDE_2.0.0/STM32CubeIDE/plugins/com.st.stm32cube.ide.mcu.externaltools.gnu-tools-for-stm32.13.3.rel1.win32_1.0.100.202509120712/tools/bin/../lib/gcc/arm-none-eabi/13.3.1/../../../../arm-none-eabi/lib/thumb/v7-m/nofp\libc_nano.a
LOAD C:/ST/STM32CubeIDE_2.0.0/STM32CubeIDE/plugins/com.st.stm32cube.ide.mcu.externaltools.gnu-tools-for-stm32.13.3.rel1.win32_1.0.100.202509120712/tools/bin/../lib/gcc/arm-none-eabi/13.3.1/../../../../arm-none-eabi/lib/thumb/v7-m/nofp\libnosys.a
END GROUP
LOAD C:/ST/STM32CubeIDE_2.0.0/STM32CubeIDE/plugins/com.st.stm32cube.ide.mcu.externaltools.gnu-tools-for-stm32.13.3.rel1.win32_1.0.100.202509120712/tools/bin/../lib/gcc/arm-none-eabi/13.3.1/thumb/v7-m/nofp/crtend.o
LOAD C:/ST/STM32CubeIDE_2.0.0/STM32CubeIDE/plugins/com.st.stm32cube.ide.mcu.externaltools.gnu-tools-for-stm32.13.3.rel1.win32_1.0.100.202509120712/tools/bin/../lib/gcc/arm-none-eabi/13.3.1/thumb/v7-m/nofp/crtn.o
                0x20005000                        _estack = (ORIGIN (RAM) + LENGTH (RAM))
                0x00000200                        _Min_Heap_Size = 0x200
                0x00000400                        _Min_Stack_Size = 0x400

.isr_vector     0x08000000      0x10c
                0x08000000                        . = ALIGN (0x4)
 *(.isr_vector)
 .isr_vector    0x08000000      0x10c ./Core/Startup/startup_stm32f103rbtx.o
                0x08000000                g_pfnVectors
                0x0800010c                        . = ALIGN (0x4)

.text           0x0800010c     0x50b4
                0x0800010c                        . = ALIGN (0x4)
 *(.text)
 .text          0x0800010c       0x40 C:/ST/STM32CubeIDE_2.0.0/STM32CubeIDE/plugins/com.st.stm32cube.ide.mcu.externaltools.gnu-tools-for-stm32.13.3.rel1.win32_1.0.100.202509120712/tools/bin/../lib/gcc/arm-none-eabi/13.3.1/thumb/v7-m/nofp/crtbegin.o
 .text          0x0800014c       0x14 C:/ST/STM32CubeIDE_2.0.0/STM32CubeIDE/plugins/com.st.stm32cube.ide.mcu.externaltools.gnu-tools-for-stm32.13.3.rel1.win32_1.0.100.202509120712/tools/bin/../lib/gcc/arm-none-eabi/13.3.1/../../../../arm-none-eabi/lib/thumb/v7-m/nofp\libc_nano.a(libc_a-strcmp.o)
                0x0800014c                strcmp
 .text          0x08000160       0x10 C:/ST/STM32CubeIDE_2.0.0/STM32CubeIDE/plugins/com.st.stm32cube.ide.mcu.externaltools.gnu-tools-for-stm32.13.3.rel1.win32_1.0.100.202509120712/tools/bin/../lib/gcc/arm-none-eabi/13.3.1/../../../../arm-none-eabi/lib/thumb/v7-m/nofp\libc_nano.a(libc_a-strlen.o)
                0x08000160                strlen
 .text          0x08000170      0x168 C:/ST/STM32CubeIDE_2.0.0/STM32CubeIDE/plugins/com.st.stm32cube.ide.mcu.externaltools.gnu-tools-for-stm32.13.3.rel1.win32_1.0.100.202509120712/tools/bin/../lib/gcc/arm-none-eabi/13.3.1/thumb/v7-m/nofp\libgcc.a(_arm_mulsf3.o)
                0x08000170                __aeabi_fmul
                0x08000170                __mulsf3
 .text          0x080002d8      0x21c C:/ST/STM32CubeIDE_2.0.0/STM32CubeIDE/plugins/com.st.stm32cube.ide.mcu.externaltools.gnu-tools-for-stm32.13.3.rel1.win32_1.0.100.202509120712/tools/bin/../lib/gcc/arm-none-eabi/13.3.1/thumb/v7-m/nofp\libgcc.a(_arm_addsubsf3.o)
                0x080002d8                __aeabi_frsub
                0x080002e0                __subsf3
                0x080002e0                __aeabi_fsub
                0x080002e4                __aeabi_fadd
                0x080002e4                __addsf3
                0x08000444                __aeabi_ui2f
                0x08000444                __floatunsisf
                0x0800044c                __aeabi_i2f
                0x0800044c                __floatsisf
                0x08000468                __aeabi_ul2f
                0x08000468                __floatundisf
                0x08000478                __aeabi_l2f
                0x08000478                __floatdisf
 .text          0x080004f4       0x40 C:/ST/STM32CubeIDE_2.0.0/STM32CubeIDE/plugins/com.st.stm32cube.ide.mcu.externaltools.gnu-tools-for-stm32.13.3.rel1.win32_1.0.100.202509120712/tools/bin/../lib/gcc/arm-none-eabi/13.3.1/thumb/v7-m/nofp\libgcc.a(_arm_fixunssfsi.o)
                0x080004f4                __fixunssfsi
                0x080004f4                __aeabi_f2uiz
 *(.text*)
 .text.symdbg_reset
                0x08000534       0x14 ./Core/Src/app/app.o
 .text.phrase_reset
                0x08000548       0x38 ./Core/Src/app/app.o
 .text.phrase_append
                0x08000580       0x34 ./Core/Src/app/app.o
 .text.App_SyncPrevLevel
                0x080005b4       0x5c ./Core/Src/app/app.o
 .text.uart_vprintf_mask
                0x08000610       0x50 ./Core/Src/app/app.o
 .text.uart_printf
                0x08000660       0x1c ./Core/Src/app/app.o
 .text.uart_printf_mask.constprop.0
                0x0800067c       0x1c ./Core/Src/app/app.o
 .text.App_PrintBanner
                0x08000698       0x2c ./Core/Src/app/app.o
 .text.App_Task_MorseFromLevel
                0x080006c4      0x2a0 ./Core/Src/app/app.o
 .text.App_OnUartRxByte
                0x08000964      0x11c ./Core/Src/app/app.o
                0x08000964                App_OnUartRxByte
 .text.App_Init
                0x08000a80      0x118 ./Core/Src/app/app.o
                0x08000a80                App_Init
 .text.App_Task
                0x08000b98      0x7f0 ./Core/Src/app/app.o
                0x08000b98                App_Task
 .text.bt_tx_raw
                0x08001388       0x2c ./Core/Src/app/bt_link.o
 .text.BtLink_Write.part.0
                0x080013b4       0x94 ./Core/Src/app/bt_link.o
 .text.BtLink_Init
                0x08001448       0x3c ./Core/Src/app/bt_link.o
                0x08001448                BtLink_Init
 .text.BtLink_SetEnabled
                0x08001484       0x10 ./Core/Src/app/bt_link.o
                0x08001484                BtLink_SetEnabled
 .text.BtLink_IsEnabled
                0x08001494       0x1c ./Core/Src/app/bt_link.o
                0x08001494                BtLink_IsEnabled
 .text.BtLink_Write
                0x080014b0       0xd4 ./Core/Src/app/bt_link.o
                0x080014b0                BtLink_Write
 .text.ButtonInput_Init
                0x08001584       0x34 ./Core/Src/app/button_input.o
                0x08001584                ButtonInput_Init
 .text.ButtonInput_GetStable
                0x080015b8       0x48 ./Core/Src/app/button_input.o
                0x080015b8                ButtonInput_GetStable
 .text.Buzzer_Init
                0x08001600       0x30 ./Core/Src/app/buzzer.o
                0x08001600                Buzzer_Init
 .text.Buzzer_Beep
                0x08001630       0x38 ./Core/Src/app/buzzer.o
                0x08001630                Buzzer_Beep
 .text.Buzzer_Task
                0x08001668       0x3c ./Core/Src/app/buzzer.o
                0x08001668                Buzzer_Task
 .text.led_write
                0x080016a4       0x1c ./Core/Src/app/led_ui.o
 .text.LedUI_Init
                0x080016c0       0x40 ./Core/Src/app/led_ui.o
                0x080016c0                LedUI_Init
 .text.LedUI_SetLevel
                0x08001700       0x20 ./Core/Src/app/led_ui.o
                0x08001700                LedUI_SetLevel
 .text.LedUI_Event
                0x08001720       0x2c ./Core/Src/app/led_ui.o
                0x08001720                LedUI_Event
 .text.LedUI_Task
                0x0800174c       0xac ./Core/Src/app/led_ui.o
                0x0800174c                LedUI_Task
 .text.LightSensor_Init
                0x080017f8       0x2c ./Core/Src/app/light_sensor.o
                0x080017f8                LightSensor_Init
 .text.LightSensor_GetThLow
                0x08001824        0xc ./Core/Src/app/light_sensor.o
                0x08001824                LightSensor_GetThLow
 .text.LightSensor_GetThHigh
                0x08001830        0xc ./Core/Src/app/light_sensor.o
                0x08001830                LightSensor_GetThHigh
 .text.LightSensor_GetLevel
                0x0800183c        0xc ./Core/Src/app/light_sensor.o
                0x0800183c                LightSensor_GetLevel
 .text.LightSensor_UpdateLevel
                0x08001848       0x30 ./Core/Src/app/light_sensor.o
                0x08001848                LightSensor_UpdateLevel
 .text.LightSensor_ComputePercent
                0x08001878       0x50 ./Core/Src/app/light_sensor.o
                0x08001878                LightSensor_ComputePercent
 .text.LightSensor_SyncLevel
                0x080018c8       0x2c ./Core/Src/app/light_sensor.o
                0x080018c8                LightSensor_SyncLevel
 .text.LightSensor_CalibSetLow
                0x080018f4       0x20 ./Core/Src/app/light_sensor.o
                0x080018f4                LightSensor_CalibSetLow
 .text.LightSensor_CalibSetHigh
                0x08001914       0x20 ./Core/Src/app/light_sensor.o
                0x08001914                LightSensor_CalibSetHigh
 .text.qpush    0x08001934       0x28 ./Core/Src/app/morse_decoder.o
 .text.decode_symbol.constprop.0
                0x0800195c       0x30 ./Core/Src/app/morse_decoder.o
 .text.Morse_Init
                0x0800198c       0x30 ./Core/Src/app/morse_decoder.o
                0x0800198c                Morse_Init
 .text.Morse_GetTu
                0x080019bc        0xc ./Core/Src/app/morse_decoder.o
                0x080019bc                Morse_GetTu
 .text.Morse_OnPulse
                0x080019c8       0x34 ./Core/Src/app/morse_decoder.o
                0x080019c8                Morse_OnPulse
 .text.Morse_OffGap
                0x080019fc       0x8c ./Core/Src/app/morse_decoder.o
                0x080019fc                Morse_OffGap
 .text.Morse_PopChar
                0x08001a88       0x30 ./Core/Src/app/morse_decoder.o
                0x08001a88                Morse_PopChar
 .text.NvStore_Clear
                0x08001ab8       0x44 ./Core/Src/app/nv_store.o
                0x08001ab8                NvStore_Clear
 .text.NvStore_Save
                0x08001afc       0xa0 ./Core/Src/app/nv_store.o
                0x08001afc                NvStore_Save
 .text.NvStore_Load
                0x08001b9c       0x88 ./Core/Src/app/nv_store.o
                0x08001b9c                NvStore_Load
 .text.draw_line.part.0
                0x08001c24       0x24 ./Core/Src/app/oled_ui.o
 .text.OledUI_Init
                0x08001c48       0x44 ./Core/Src/app/oled_ui.o
                0x08001c48                OledUI_Init
 .text.OledUI_SetSnapshot
                0x08001c8c       0x78 ./Core/Src/app/oled_ui.o
                0x08001c8c                OledUI_SetSnapshot
 .text.OledUI_Task
                0x08001d04      0x1d4 ./Core/Src/app/oled_ui.o
                0x08001d04                OledUI_Task
 .text.setup_printf
                0x08001ed8       0x48 ./Core/Src/app/setup_btn.o
 .text.SetupBtn_Init
                0x08001f20       0x24 ./Core/Src/app/setup_btn.o
                0x08001f20                SetupBtn_Init
 .text.SetupBtn_Start
                0x08001f44       0x40 ./Core/Src/app/setup_btn.o
                0x08001f44                SetupBtn_Start
 .text.SetupBtn_Task
                0x08001f84      0x158 ./Core/Src/app/setup_btn.o
                0x08001f84                SetupBtn_Task
 .text.LDR_Init
                0x080020dc       0x28 ./Core/Src/drivers/ldr.o
                0x080020dc                LDR_Init
 .text.LDR_ReadRaw
                0x08002104       0x40 ./Core/Src/drivers/ldr.o
                0x08002104                LDR_ReadRaw
 .text.LDR_ReadFiltered
                0x08002144       0x40 ./Core/Src/drivers/ldr.o
                0x08002144                LDR_ReadFiltered
 .text.LDR_GetLastRaw
                0x08002184        0xc ./Core/Src/drivers/ldr.o
                0x08002184                LDR_GetLastRaw
 .text.cs_high  0x08002190        0xa ./Core/Src/drivers/ssd1306.o
 .text.dc_cmd   0x0800219a        0xa ./Core/Src/drivers/ssd1306.o
 .text.cs_low   0x080021a4        0xa ./Core/Src/drivers/ssd1306.o
 .text.write_cmd2
                0x080021ae       0x30 ./Core/Src/drivers/ssd1306.o
 .text.write_cmd1
                0x080021de       0x2e ./Core/Src/drivers/ssd1306.o
 .text.write_cmd3
                0x0800220c       0x34 ./Core/Src/drivers/ssd1306.o
 .text.SSD1306_Clear
                0x08002240       0x18 ./Core/Src/drivers/ssd1306.o
                0x08002240                SSD1306_Clear
 .text.SSD1306_Update
                0x08002258       0x62 ./Core/Src/drivers/ssd1306.o
                0x08002258                SSD1306_Update
 .text.SSD1306_Init
                0x080022ba      0x180 ./Core/Src/drivers/ssd1306.o
                0x080022ba                SSD1306_Init
 .text.SSD1306_DrawPixel
                0x0800243a       0x3a ./Core/Src/drivers/ssd1306.o
                0x0800243a                SSD1306_DrawPixel
 .text.SSD1306_SetCursor
                0x08002474        0x8 ./Core/Src/drivers/ssd1306.o
                0x08002474                SSD1306_SetCursor
 .text.SSD1306_DrawChar5x7
                0x0800247c       0x84 ./Core/Src/drivers/ssd1306.o
                0x0800247c                SSD1306_DrawChar5x7
 .text.SSD1306_DrawString5x7
                0x08002500       0x52 ./Core/Src/drivers/ssd1306.o
                0x08002500                SSD1306_DrawString5x7
 *fill*         0x08002552        0x2 
 .text.rxq_push_isr
                0x08002554       0x3c ./Core/Src/main.o
 .text.HAL_UART_RxCpltCallback
                0x08002590       0x54 ./Core/Src/main.o
                0x08002590                HAL_UART_RxCpltCallback
 .text.SystemClock_Config
                0x080025e4       0x82 ./Core/Src/main.o
                0x080025e4                SystemClock_Config
 *fill*         0x08002666        0x2 
 .text.startup.main
                0x08002668      0x258 ./Core/Src/main.o
                0x08002668                main
 .text.HAL_MspInit
                0x080028c0       0x44 ./Core/Src/stm32f1xx_hal_msp.o
                0x080028c0                HAL_MspInit
 .text.HAL_ADC_MspInit
                0x08002904       0x5c ./Core/Src/stm32f1xx_hal_msp.o
                0x08002904                HAL_ADC_MspInit
 .text.HAL_SPI_MspInit
                0x08002960       0x60 ./Core/Src/stm32f1xx_hal_msp.o
                0x08002960                HAL_SPI_MspInit
 .text.HAL_UART_MspInit
                0x080029c0       0xdc ./Core/Src/stm32f1xx_hal_msp.o
                0x080029c0                HAL_UART_MspInit
 .text.NMI_Handler
                0x08002a9c        0x2 ./Core/Src/stm32f1xx_it.o
                0x08002a9c                NMI_Handler
 .text.HardFault_Handler
                0x08002a9e        0x2 ./Core/Src/stm32f1xx_it.o
                0x08002a9e                HardFault_Handler
 .text.MemManage_Handler
                0x08002aa0        0x2 ./Core/Src/stm32f1xx_it.o
                0x08002aa0                MemManage_Handler
 .text.BusFault_Handler
                0x08002aa2        0x2 ./Core/Src/stm32f1xx_it.o
                0x08002aa2                BusFault_Handler
 .text.UsageFault_Handler
                0x08002aa4        0x2 ./Core/Src/stm32f1xx_it.o
                0x08002aa4                UsageFault_Handler
 .text.SVC_Handler
                0x08002aa6        0x2 ./Core/Src/stm32f1xx_it.o
                0x08002aa6                SVC_Handler
 .text.DebugMon_Handler
                0x08002aa8        0x2 ./Core/Src/stm32f1xx_it.o
                0x08002aa8                DebugMon_Handler
 .text.PendSV_Handler
                0x08002aaa        0x2 ./Core/Src/stm32f1xx_it.o
                0x08002aaa                PendSV_Handler
 .text.SysTick_Handler
                0x08002aac        0x4 ./Core/Src/stm32f1xx_it.o
                0x08002aac                SysTick_Handler
 .text.USART1_IRQHandler
                0x08002ab0        0xc ./Core/Src/stm32f1xx_it.o
                0x08002ab0                USART1_IRQHandler
 .text.USART2_IRQHandler
                0x08002abc        0xc ./Core/Src/stm32f1xx_it.o
                0x08002abc                USART2_IRQHandler
 .text._sbrk    0x08002ac8       0x40 ./Core/Src/sysmem.o
                0x08002ac8                _sbrk
 .text.SystemInit
                0x08002b08        0x2 ./Core/Src/system_stm32f1xx.o
                0x08002b08                SystemInit
 *fill*         0x08002b0a        0x2 
 .text.Reset_Handler
                0x08002b0c       0x48 ./Core/Startup/startup_stm32f103rbtx.o
                0x08002b0c                Reset_Handler
 .text.Default_Handler
                0x08002b54        0x2 ./Core/Startup/startup_stm32f103rbtx.o
                0x08002b54                RTC_Alarm_IRQHandler
                0x08002b54                EXTI2_IRQHandler
                0x08002b54                TIM1_CC_IRQHandler
                0x08002b54                PVD_IRQHandler
                0x08002b54                EXTI3_IRQHandler
                0x08002b54                EXTI0_IRQHandler
                0x08002b54                I2C2_EV_IRQHandler
                0x08002b54                ADC1_2_IRQHandler
                0x08002b54                SPI1_IRQHandler
                0x08002b54                TAMPER_IRQHandler
                0x08002b54                DMA1_Channel4_IRQHandler
                0x08002b54                USART3_IRQHandler
                0x08002b54                RTC_IRQHandler
                0x08002b54                DMA1_Channel7_IRQHandler
                0x08002b54                CAN1_RX1_IRQHandler
                0x08002b54                TIM4_IRQHandler
                0x08002b54                I2C1_EV_IRQHandler
                0x08002b54                DMA1_Channel6_IRQHandler
                0x08002b54                TIM3_IRQHandler
                0x08002b54                RCC_IRQHandler
                0x08002b54                TIM1_TRG_COM_IRQHandler
                0x08002b54                DMA1_Channel1_IRQHandler
                0x08002b54                Default_Handler
                0x08002b54                EXTI15_10_IRQHandler
                0x08002b54                EXTI9_5_IRQHandler
                0x08002b54                SPI2_IRQHandler
                0x08002b54                DMA1_Channel5_IRQHandler
                0x08002b54                EXTI4_IRQHandler
                0x08002b54                USB_LP_CAN1_RX0_IRQHandler
                0x08002b54                USB_HP_CAN1_TX_IRQHandler
                0x08002b54                DMA1_Channel3_IRQHandler
                0x08002b54                TIM1_UP_IRQHandler
                0x08002b54                WWDG_IRQHandler
                0x08002b54                TIM2_IRQHandler
                0x08002b54                TIM1_BRK_IRQHandler
                0x08002b54                EXTI1_IRQHandler
                0x08002b54                I2C2_ER_IRQHandler
                0x08002b54                DMA1_Channel2_IRQHandler
                0x08002b54                CAN1_SCE_IRQHandler
                0x08002b54                FLASH_IRQHandler
                0x08002b54                I2C1_ER_IRQHandler
                0x08002b54                USBWakeUp_IRQHandler
 *fill*         0x08002b56        0x2 
 .text.HAL_InitTick
                0x08002b58       0x48 ./Drivers/STM32F1xx_HAL_Driver/Src/stm32f1xx_hal.o
                0x08002b58                HAL_InitTick
 .text.HAL_Init
                0x08002ba0       0x24 ./Drivers/STM32F1xx_HAL_Driver/Src/stm32f1xx_hal.o
                0x08002ba0                HAL_Init
 .text.HAL_IncTick
                0x08002bc4       0x18 ./Drivers/STM32F1xx_HAL_Driver/Src/stm32f1xx_hal.o
                0x08002bc4                HAL_IncTick
 .text.HAL_GetTick
                0x08002bdc        0xc ./Drivers/STM32F1xx_HAL_Driver/Src/stm32f1xx_hal.o
                0x08002bdc                HAL_GetTick
 .text.HAL_Delay
                0x08002be8       0x24 ./Drivers/STM32F1xx_HAL_Driver/Src/stm32f1xx_hal.o
                0x08002be8                HAL_Delay
 .text.HAL_ADC_PollForConversion
                0x08002c0c      0x148 ./Drivers/STM32F1xx_HAL_Driver/Src/stm32f1xx_hal_adc.o
                0x08002c0c                HAL_ADC_PollForConversion
 .text.HAL_ADC_GetValue
                0x08002d54        0x6 ./Drivers/STM32F1xx_HAL_Driver/Src/stm32f1xx_hal_adc.o
                0x08002d54                HAL_ADC_GetValue
 *fill*         0x08002d5a        0x2 
 .text.HAL_ADC_ConfigChannel
                0x08002d5c       0xfc ./Drivers/STM32F1xx_HAL_Driver/Src/stm32f1xx_hal_adc.o
                0x08002d5c                HAL_ADC_ConfigChannel
 .text.ADC_Enable
                0x08002e58       0x78 ./Drivers/STM32F1xx_HAL_Driver/Src/stm32f1xx_hal_adc.o
                0x08002e58                ADC_Enable
 .text.HAL_ADC_Start
                0x08002ed0       0xc4 ./Drivers/STM32F1xx_HAL_Driver/Src/stm32f1xx_hal_adc.o
                0x08002ed0                HAL_ADC_Start
 .text.ADC_ConversionStop_Disable
                0x08002f94       0x4c ./Drivers/STM32F1xx_HAL_Driver/Src/stm32f1xx_hal_adc.o
                0x08002f94                ADC_ConversionStop_Disable
 .text.HAL_ADC_Init
                0x08002fe0       0xfc ./Drivers/STM32F1xx_HAL_Driver/Src/stm32f1xx_hal_adc.o
                0x08002fe0                HAL_ADC_Init
 .text.HAL_ADC_Stop
                0x080030dc       0x34 ./Drivers/STM32F1xx_HAL_Driver/Src/stm32f1xx_hal_adc.o
                0x080030dc                HAL_ADC_Stop
 .text.HAL_NVIC_SetPriorityGrouping
                0x08003110       0x24 ./Drivers/STM32F1xx_HAL_Driver/Src/stm32f1xx_hal_cortex.o
                0x08003110                HAL_NVIC_SetPriorityGrouping
 .text.HAL_NVIC_SetPriority
                0x08003134       0x60 ./Drivers/STM32F1xx_HAL_Driver/Src/stm32f1xx_hal_cortex.o
                0x08003134                HAL_NVIC_SetPriority
 .text.HAL_NVIC_EnableIRQ
                0x08003194       0x1c ./Drivers/STM32F1xx_HAL_Driver/Src/stm32f1xx_hal_cortex.o
                0x08003194                HAL_NVIC_EnableIRQ
 .text.HAL_SYSTICK_Config
                0x080031b0       0x28 ./Drivers/STM32F1xx_HAL_Driver/Src/stm32f1xx_hal_cortex.o
                0x080031b0                HAL_SYSTICK_Config
 .text.HAL_DMA_Abort
                0x080031d8       0x3e ./Drivers/STM32F1xx_HAL_Driver/Src/stm32f1xx_hal_dma.o
                0x080031d8                HAL_DMA_Abort
 *fill*         0x08003216        0x2 
 .text.HAL_DMA_Abort_IT
                0x08003218       0x8c ./Drivers/STM32F1xx_HAL_Driver/Src/stm32f1xx_hal_dma.o
                0x08003218                HAL_DMA_Abort_IT
 .text.FLASH_SetErrorCode
                0x080032a4       0x50 ./Drivers/STM32F1xx_HAL_Driver/Src/stm32f1xx_hal_flash.o
 .text.HAL_FLASH_Unlock
                0x080032f4       0x24 ./Drivers/STM32F1xx_HAL_Driver/Src/stm32f1xx_hal_flash.o
                0x080032f4                HAL_FLASH_Unlock
 .text.HAL_FLASH_Lock
                0x08003318       0x14 ./Drivers/STM32F1xx_HAL_Driver/Src/stm32f1xx_hal_flash.o
                0x08003318                HAL_FLASH_Lock
 .text.FLASH_WaitForLastOperation
                0x0800332c       0x54 ./Drivers/STM32F1xx_HAL_Driver/Src/stm32f1xx_hal_flash.o
                0x0800332c                FLASH_WaitForLastOperation
 .text.HAL_FLASH_Program
                0x08003380       0xa4 ./Drivers/STM32F1xx_HAL_Driver/Src/stm32f1xx_hal_flash.o
                0x08003380                HAL_FLASH_Program
 .text.FLASH_PageErase
                0x08003424       0x24 ./Drivers/STM32F1xx_HAL_Driver/Src/stm32f1xx_hal_flash_ex.o
                0x08003424                FLASH_PageErase
 .text.HAL_FLASHEx_Erase
                0x08003448       0xa8 ./Drivers/STM32F1xx_HAL_Driver/Src/stm32f1xx_hal_flash_ex.o
                0x08003448                HAL_FLASHEx_Erase
 .text.HAL_GPIO_Init
                0x080034f0      0x1a8 ./Drivers/STM32F1xx_HAL_Driver/Src/stm32f1xx_hal_gpio.o
                0x080034f0                HAL_GPIO_Init
 .text.HAL_GPIO_ReadPin
                0x08003698        0xc ./Drivers/STM32F1xx_HAL_Driver/Src/stm32f1xx_hal_gpio.o
                0x08003698                HAL_GPIO_ReadPin
 .text.HAL_GPIO_WritePin
                0x080036a4        0xa ./Drivers/STM32F1xx_HAL_Driver/Src/stm32f1xx_hal_gpio.o
                0x080036a4                HAL_GPIO_WritePin
 *fill*         0x080036ae        0x2 
 .text.HAL_RCC_OscConfig
                0x080036b0      0x338 ./Drivers/STM32F1xx_HAL_Driver/Src/stm32f1xx_hal_rcc.o
                0x080036b0                HAL_RCC_OscConfig
 .text.HAL_RCC_GetSysClockFreq
                0x080039e8       0x4c ./Drivers/STM32F1xx_HAL_Driver/Src/stm32f1xx_hal_rcc.o
                0x080039e8                HAL_RCC_GetSysClockFreq
 .text.HAL_RCC_ClockConfig
                0x08003a34      0x138 ./Drivers/STM32F1xx_HAL_Driver/Src/stm32f1xx_hal_rcc.o
                0x08003a34                HAL_RCC_ClockConfig
 .text.HAL_RCC_GetPCLK1Freq
                0x08003b6c       0x20 ./Drivers/STM32F1xx_HAL_Driver/Src/stm32f1xx_hal_rcc.o
                0x08003b6c                HAL_RCC_GetPCLK1Freq
 .text.HAL_RCC_GetPCLK2Freq
                0x08003b8c       0x20 ./Drivers/STM32F1xx_HAL_Driver/Src/stm32f1xx_hal_rcc.o
                0x08003b8c                HAL_RCC_GetPCLK2Freq
 .text.HAL_RCCEx_PeriphCLKConfig
                0x08003bac       0xf4 ./Drivers/STM32F1xx_HAL_Driver/Src/stm32f1xx_hal_rcc_ex.o
                0x08003bac                HAL_RCCEx_PeriphCLKConfig
 .text.HAL_RCCEx_GetPeriphCLKFreq
                0x08003ca0       0xbc ./Drivers/STM32F1xx_HAL_Driver/Src/stm32f1xx_hal_rcc_ex.o
                0x08003ca0                HAL_RCCEx_GetPeriphCLKFreq
 .text.SPI_WaitFlagStateUntilTimeout
                0x08003d5c       0xb8 ./Drivers/STM32F1xx_HAL_Driver/Src/stm32f1xx_hal_spi.o
 .text.SPI_EndRxTxTransaction
                0x08003e14       0x38 ./Drivers/STM32F1xx_HAL_Driver/Src/stm32f1xx_hal_spi.o
 .text.HAL_SPI_Init
                0x08003e4c       0xb0 ./Drivers/STM32F1xx_HAL_Driver/Src/stm32f1xx_hal_spi.o
                0x08003e4c                HAL_SPI_Init
 .text.HAL_SPI_Transmit
                0x08003efc      0x160 ./Drivers/STM32F1xx_HAL_Driver/Src/stm32f1xx_hal_spi.o
                0x08003efc                HAL_SPI_Transmit
 .text.UART_EndRxTransfer
                0x0800405c       0x5c ./Drivers/STM32F1xx_HAL_Driver/Src/stm32f1xx_hal_uart.o
 .text.UART_SetConfig
                0x080040b8       0x74 ./Drivers/STM32F1xx_HAL_Driver/Src/stm32f1xx_hal_uart.o
 .text.UART_WaitOnFlagUntilTimeout.constprop.0
                0x0800412c       0x64 ./Drivers/STM32F1xx_HAL_Driver/Src/stm32f1xx_hal_uart.o
 .text.HAL_UART_Init
                0x08004190       0x5e ./Drivers/STM32F1xx_HAL_Driver/Src/stm32f1xx_hal_uart.o
                0x08004190                HAL_UART_Init
 .text.HAL_UART_Transmit
                0x080041ee       0x9c ./Drivers/STM32F1xx_HAL_Driver/Src/stm32f1xx_hal_uart.o
                0x080041ee                HAL_UART_Transmit
 .text.HAL_UART_TxCpltCallback
                0x0800428a        0x2 ./Drivers/STM32F1xx_HAL_Driver/Src/stm32f1xx_hal_uart.o
                0x0800428a                HAL_UART_TxCpltCallback
 .text.HAL_UART_ErrorCallback
                0x0800428c        0x2 ./Drivers/STM32F1xx_HAL_Driver/Src/stm32f1xx_hal_uart.o
                0x0800428c                HAL_UART_ErrorCallback
 .text.UART_DMAAbortOnError
                0x0800428e       0x10 ./Drivers/STM32F1xx_HAL_Driver/Src/stm32f1xx_hal_uart.o
 .text.HAL_UARTEx_RxEventCallback
                0x0800429e        0x2 ./Drivers/STM32F1xx_HAL_Driver/Src/stm32f1xx_hal_uart.o
                0x0800429e                HAL_UARTEx_RxEventCallback
 .text.UART_Receive_IT.isra.0
                0x080042a0       0xb6 ./Drivers/STM32F1xx_HAL_Driver/Src/stm32f1xx_hal_uart.o
 *fill*         0x08004356        0x2 
 .text.HAL_UART_IRQHandler
                0x08004358      0x294 ./Drivers/STM32F1xx_HAL_Driver/Src/stm32f1xx_hal_uart.o
                0x08004358                HAL_UART_IRQHandler
 .text.UART_Start_Receive_IT
                0x080045ec       0x32 ./Drivers/STM32F1xx_HAL_Driver/Src/stm32f1xx_hal_uart.o
                0x080045ec                UART_Start_Receive_IT
 .text.HAL_UART_Receive_IT
                0x0800461e       0x22 ./Drivers/STM32F1xx_HAL_Driver/Src/stm32f1xx_hal_uart.o
                0x0800461e                HAL_UART_Receive_IT
 .text._strtoul_l.isra.0
                0x08004640       0xdc C:/ST/STM32CubeIDE_2.0.0/STM32CubeIDE/plugins/com.st.stm32cube.ide.mcu.externaltools.gnu-tools-for-stm32.13.3.rel1.win32_1.0.100.202509120712/tools/bin/../lib/gcc/arm-none-eabi/13.3.1/../../../../arm-none-eabi/lib/thumb/v7-m/nofp\libc_nano.a(libc_a-strtoul.o)
 .text.strtoul  0x0800471c       0x14 C:/ST/STM32CubeIDE_2.0.0/STM32CubeIDE/plugins/com.st.stm32cube.ide.mcu.externaltools.gnu-tools-for-stm32.13.3.rel1.win32_1.0.100.202509120712/tools/bin/../lib/gcc/arm-none-eabi/13.3.1/../../../../arm-none-eabi/lib/thumb/v7-m/nofp\libc_nano.a(libc_a-strtoul.o)
                0x0800471c                strtoul
 .text.snprintf
                0x08004730       0x6c C:/ST/STM32CubeIDE_2.0.0/STM32CubeIDE/plugins/com.st.stm32cube.ide.mcu.externaltools.gnu-tools-for-stm32.13.3.rel1.win32_1.0.100.202509120712/tools/bin/../lib/gcc/arm-none-eabi/13.3.1/../../../../arm-none-eabi/lib/thumb/v7-m/nofp\libc_nano.a(libc_a-snprintf.o)
                0x08004730                sniprintf
                0x08004730                snprintf
 .text._vsnprintf_r
                0x0800479c       0x5c C:/ST/STM32CubeIDE_2.0.0/STM32CubeIDE/plugins/com.st.stm32cube.ide.mcu.externaltools.gnu-tools-for-stm32.13.3.rel1.win32_1.0.100.202509120712/tools/bin/../lib/gcc/arm-none-eabi/13.3.1/../../../../arm-none-eabi/lib/thumb/v7-m/nofp\libc_nano.a(libc_a-vsnprintf.o)
                0x0800479c                _vsniprintf_r
                0x0800479c                _vsnprintf_r
 .text.vsnprintf
                0x080047f8       0x1c C:/ST/STM32CubeIDE_2.0.0/STM32CubeIDE/plugins/com.st.stm32cube.ide.mcu.externaltools.gnu-tools-for-stm32.13.3.rel1.win32_1.0.100.202509120712/tools/bin/../lib/gcc/arm-none-eabi/13.3.1/../../../../arm-none-eabi/lib/thumb/v7-m/nofp\libc_nano.a(libc_a-vsnprintf.o)
                0x080047f8                vsniprintf
                0x080047f8                vsnprintf
 .text.memset   0x08004814       0x10 C:/ST/STM32CubeIDE_2.0.0/STM32CubeIDE/plugins/com.st.stm32cube.ide.mcu.externaltools.gnu-tools-for-stm32.13.3.rel1.win32_1.0.100.202509120712/tools/bin/../lib/gcc/arm-none-eabi/13.3.1/../../../../arm-none-eabi/lib/thumb/v7-m/nofp\libc_nano.a(libc_a-memset.o)
                0x08004814                memset
 .text.strncmp  0x08004824       0x24 C:/ST/STM32CubeIDE_2.0.0/STM32CubeIDE/plugins/com.st.stm32cube.ide.mcu.externaltools.gnu-tools-for-stm32.13.3.rel1.win32_1.0.100.202509120712/tools/bin/../lib/gcc/arm-none-eabi/13.3.1/../../../../arm-none-eabi/lib/thumb/v7-m/nofp\libc_nano.a(libc_a-strncmp.o)
                0x08004824                strncmp
 .text.strncpy  0x08004848       0x26 C:/ST/STM32CubeIDE_2.0.0/STM32CubeIDE/plugins/com.st.stm32cube.ide.mcu.externaltools.gnu-tools-for-stm32.13.3.rel1.win32_1.0.100.202509120712/tools/bin/../lib/gcc/arm-none-eabi/13.3.1/../../../../arm-none-eabi/lib/thumb/v7-m/nofp\libc_nano.a(libc_a-strncpy.o)
                0x08004848                strncpy
 .text.strstr   0x0800486e       0x2c C:/ST/STM32CubeIDE_2.0.0/STM32CubeIDE/plugins/com.st.stm32cube.ide.mcu.externaltools.gnu-tools-for-stm32.13.3.rel1.win32_1.0.100.202509120712/tools/bin/../lib/gcc/arm-none-eabi/13.3.1/../../../../arm-none-eabi/lib/thumb/v7-m/nofp\libc_nano.a(libc_a-strstr.o)
                0x0800486e                strstr
 *fill*         0x0800489a        0x2 
 .text.__errno  0x0800489c        0xc C:/ST/STM32CubeIDE_2.0.0/STM32CubeIDE/plugins/com.st.stm32cube.ide.mcu.externaltools.gnu-tools-for-stm32.13.3.rel1.win32_1.0.100.202509120712/tools/bin/../lib/gcc/arm-none-eabi/13.3.1/../../../../arm-none-eabi/lib/thumb/v7-m/nofp\libc_nano.a(libc_a-errno.o)
                0x0800489c                __errno
 .text.__libc_init_array
                0x080048a8       0x48 C:/ST/STM32CubeIDE_2.0.0/STM32CubeIDE/plugins/com.st.stm32cube.ide.mcu.externaltools.gnu-tools-for-stm32.13.3.rel1.win32_1.0.100.202509120712/tools/bin/../lib/gcc/arm-none-eabi/13.3.1/../../../../arm-none-eabi/lib/thumb/v7-m/nofp\libc_nano.a(libc_a-init.o)
                0x080048a8                __libc_init_array
 .text.__retarget_lock_acquire_recursive
                0x080048f0        0x2 C:/ST/STM32CubeIDE_2.0.0/STM32CubeIDE/plugins/com.st.stm32cube.ide.mcu.externaltools.gnu-tools-for-stm32.13.3.rel1.win32_1.0.100.202509120712/tools/bin/../lib/gcc/arm-none-eabi/13.3.1/../../../../arm-none-eabi/lib/thumb/v7-m/nofp\libc_nano.a(libc_a-lock.o)
                0x080048f0                __retarget_lock_acquire_recursive
 .text.__retarget_lock_release_recursive
                0x080048f2        0x2 C:/ST/STM32CubeIDE_2.0.0/STM32CubeIDE/plugins/com.st.stm32cube.ide.mcu.externaltools.gnu-tools-for-stm32.13.3.rel1.win32_1.0.100.202509120712/tools/bin/../lib/gcc/arm-none-eabi/13.3.1/../../../../arm-none-eabi/lib/thumb/v7-m/nofp\libc_nano.a(libc_a-lock.o)
                0x080048f2                __retarget_lock_release_recursive
 .text.memcpy   0x080048f4       0x1c C:/ST/STM32CubeIDE_2.0.0/STM32CubeIDE/plugins/com.st.stm32cube.ide.mcu.externaltools.gnu-tools-for-stm32.13.3.rel1.win32_1.0.100.202509120712/tools/bin/../lib/gcc/arm-none-eabi/13.3.1/../../../../arm-none-eabi/lib/thumb/v7-m/nofp\libc_nano.a(libc_a-memcpy-stub.o)
                0x080048f4                memcpy
 .text._free_r  0x08004910       0x90 C:/ST/STM32CubeIDE_2.0.0/STM32CubeIDE/plugins/com.st.stm32cube.ide.mcu.externaltools.gnu-tools-for-stm32.13.3.rel1.win32_1.0.100.202509120712/tools/bin/../lib/gcc/arm-none-eabi/13.3.1/../../../../arm-none-eabi/lib/thumb/v7-m/nofp\libc_nano.a(libc_a-freer.o)
                0x08004910                _free_r
 .text.sbrk_aligned
                0x080049a0       0x44 C:/ST/STM32CubeIDE_2.0.0/STM32CubeIDE/plugins/com.st.stm32cube.ide.mcu.externaltools.gnu-tools-for-stm32.13.3.rel1.win32_1.0.100.202509120712/tools/bin/../lib/gcc/arm-none-eabi/13.3.1/../../../../arm-none-eabi/lib/thumb/v7-m/nofp\libc_nano.a(libc_a-mallocr.o)
 .text._malloc_r
                0x080049e4      0x100 C:/ST/STM32CubeIDE_2.0.0/STM32CubeIDE/plugins/com.st.stm32cube.ide.mcu.externaltools.gnu-tools-for-stm32.13.3.rel1.win32_1.0.100.202509120712/tools/bin/../lib/gcc/arm-none-eabi/13.3.1/../../../../arm-none-eabi/lib/thumb/v7-m/nofp\libc_nano.a(libc_a-mallocr.o)
                0x080049e4                _malloc_r
 .text.__malloc_lock
                0x08004ae4        0xc C:/ST/STM32CubeIDE_2.0.0/STM32CubeIDE/plugins/com.st.stm32cube.ide.mcu.externaltools.gnu-tools-for-stm32.13.3.rel1.win32_1.0.100.202509120712/tools/bin/../lib/gcc/arm-none-eabi/13.3.1/../../../../arm-none-eabi/lib/thumb/v7-m/nofp\libc_nano.a(libc_a-mlock.o)
                0x08004ae4                __malloc_lock
 .text.__malloc_unlock
                0x08004af0        0xc C:/ST/STM32CubeIDE_2.0.0/STM32CubeIDE/plugins/com.st.stm32cube.ide.mcu.externaltools.gnu-tools-for-stm32.13.3.rel1.win32_1.0.100.202509120712/tools/bin/../lib/gcc/arm-none-eabi/13.3.1/../../../../arm-none-eabi/lib/thumb/v7-m/nofp\libc_nano.a(libc_a-mlock.o)
                0x08004af0                __malloc_unlock
 .text.__ssputs_r
                0x08004afc       0xb6 C:/ST/STM32CubeIDE_2.0.0/STM32CubeIDE/plugins/com.st.stm32cube.ide.mcu.externaltools.gnu-tools-for-stm32.13.3.rel1.win32_1.0.100.202509120712/tools/bin/../lib/gcc/arm-none-eabi/13.3.1/../../../../arm-none-eabi/lib/thumb/v7-m/nofp\libc_nano.a(libc_a-nano-svfprintf.o)
                0x08004afc                __ssputs_r
 *fill*         0x08004bb2        0x2 
 .text._svfprintf_r
                0x08004bb4      0x1f8 C:/ST/STM32CubeIDE_2.0.0/STM32CubeIDE/plugins/com.st.stm32cube.ide.mcu.externaltools.gnu-tools-for-stm32.13.3.rel1.win32_1.0.100.202509120712/tools/bin/../lib/gcc/arm-none-eabi/13.3.1/../../../../arm-none-eabi/lib/thumb/v7-m/nofp\libc_nano.a(libc_a-nano-svfprintf.o)
                0x08004bb4                _svfiprintf_r
                0x08004bb4                _svfprintf_r
 .text._printf_common
                0x08004dac       0xe4 C:/ST/STM32CubeIDE_2.0.0/STM32CubeIDE/plugins/com.st.stm32cube.ide.mcu.externaltools.gnu-tools-for-stm32.13.3.rel1.win32_1.0.100.202509120712/tools/bin/../lib/gcc/arm-none-eabi/13.3.1/../../../../arm-none-eabi/lib/thumb/v7-m/nofp\libc_nano.a(libc_a-nano-vfprintf_i.o)
                0x08004dac                _printf_common
 .text._printf_i
                0x08004e90      0x23c C:/ST/STM32CubeIDE_2.0.0/STM32CubeIDE/plugins/com.st.stm32cube.ide.mcu.externaltools.gnu-tools-for-stm32.13.3.rel1.win32_1.0.100.202509120712/tools/bin/../lib/gcc/arm-none-eabi/13.3.1/../../../../arm-none-eabi/lib/thumb/v7-m/nofp\libc_nano.a(libc_a-nano-vfprintf_i.o)
                0x08004e90                _printf_i
 .text.memmove  0x080050cc       0x34 C:/ST/STM32CubeIDE_2.0.0/STM32CubeIDE/plugins/com.st.stm32cube.ide.mcu.externaltools.gnu-tools-for-stm32.13.3.rel1.win32_1.0.100.202509120712/tools/bin/../lib/gcc/arm-none-eabi/13.3.1/../../../../arm-none-eabi/lib/thumb/v7-m/nofp\libc_nano.a(libc_a-memmove.o)
                0x080050cc                memmove
 .text._sbrk_r  0x08005100       0x20 C:/ST/STM32CubeIDE_2.0.0/STM32CubeIDE/plugins/com.st.stm32cube.ide.mcu.externaltools.gnu-tools-for-stm32.13.3.rel1.win32_1.0.100.202509120712/tools/bin/../lib/gcc/arm-none-eabi/13.3.1/../../../../arm-none-eabi/lib/thumb/v7-m/nofp\libc_nano.a(libc_a-sbrkr.o)
                0x08005100                _sbrk_r
 .text.memchr   0x08005120       0x1c C:/ST/STM32CubeIDE_2.0.0/STM32CubeIDE/plugins/com.st.stm32cube.ide.mcu.externaltools.gnu-tools-for-stm32.13.3.rel1.win32_1.0.100.202509120712/tools/bin/../lib/gcc/arm-none-eabi/13.3.1/../../../../arm-none-eabi/lib/thumb/v7-m/nofp\libc_nano.a(libc_a-memchr-stub.o)
                0x08005120                memchr
 .text._realloc_r
                0x0800513c       0x5c C:/ST/STM32CubeIDE_2.0.0/STM32CubeIDE/plugins/com.st.stm32cube.ide.mcu.externaltools.gnu-tools-for-stm32.13.3.rel1.win32_1.0.100.202509120712/tools/bin/../lib/gcc/arm-none-eabi/13.3.1/../../../../arm-none-eabi/lib/thumb/v7-m/nofp\libc_nano.a(libc_a-reallocr.o)
                0x0800513c                _realloc_r
 .text._malloc_usable_size_r
                0x08005198       0x10 C:/ST/STM32CubeIDE_2.0.0/STM32CubeIDE/plugins/com.st.stm32cube.ide.mcu.externaltools.gnu-tools-for-stm32.13.3.rel1.win32_1.0.100.202509120712/tools/bin/../lib/gcc/arm-none-eabi/13.3.1/../../../../arm-none-eabi/lib/thumb/v7-m/nofp\libc_nano.a(libc_a-msizer.o)
                0x08005198                _malloc_usable_size_r
 *(.glue_7)
 .glue_7        0x080051a8        0x0 linker stubs
 *(.glue_7t)
 .glue_7t       0x080051a8        0x0 linker stubs
 *(.eh_frame)
 .eh_frame      0x080051a8        0x0 C:/ST/STM32CubeIDE_2.0.0/STM32CubeIDE/plugins/com.st.stm32cube.ide.mcu.externaltools.gnu-tools-for-stm32.13.3.rel1.win32_1.0.100.202509120712/tools/bin/../lib/gcc/arm-none-eabi/13.3.1/thumb/v7-m/nofp/crtbegin.o
 *(.init)
 .init          0x080051a8        0x4 C:/ST/STM32CubeIDE_2.0.0/STM32CubeIDE/plugins/com.st.stm32cube.ide.mcu.externaltools.gnu-tools-for-stm32.13.3.rel1.win32_1.0.100.202509120712/tools/bin/../lib/gcc/arm-none-eabi/13.3.1/thumb/v7-m/nofp/crti.o
                0x080051a8                _init
 .init          0x080051ac        0x8 C:/ST/STM32CubeIDE_2.0.0/STM32CubeIDE/plugins/com.st.stm32cube.ide.mcu.externaltools.gnu-tools-for-stm32.13.3.rel1.win32_1.0.100.202509120712/tools/bin/../lib/gcc/arm-none-eabi/13.3.1/thumb/v7-m/nofp/crtn.o
 *(.fini)
 .fini          0x080051b4        0x4 C:/ST/STM32CubeIDE_2.0.0/STM32CubeIDE/plugins/com.st.stm32cube.ide.mcu.externaltools.gnu-tools-for-stm32.13.3.rel1.win32_1.0.100.202509120712/tools/bin/../lib/gcc/arm-none-eabi/13.3.1/thumb/v7-m/nofp/crti.o
                0x080051b4                _fini
 .fini          0x080051b8        0x8 C:/ST/STM32CubeIDE_2.0.0/STM32CubeIDE/plugins/com.st.stm32cube.ide.mcu.externaltools.gnu-tools-for-stm32.13.3.rel1.win32_1.0.100.202509120712/tools/bin/../lib/gcc/arm-none-eabi/13.3.1/thumb/v7-m/nofp/crtn.o
                0x080051c0                        . = ALIGN (0x4)
                0x080051c0                        _etext = .

.vfp11_veneer   0x080051c0        0x0
 .vfp11_veneer  0x080051c0        0x0 linker stubs

.v4_bx          0x080051c0        0x0
 .v4_bx         0x080051c0        0x0 linker stubs

.iplt           0x080051c0        0x0
 .iplt          0x080051c0        0x0 C:/ST/STM32CubeIDE_2.0.0/STM32CubeIDE/plugins/com.st.stm32cube.ide.mcu.externaltools.gnu-tools-for-stm32.13.3.rel1.win32_1.0.100.202509120712/tools/bin/../lib/gcc/arm-none-eabi/13.3.1/thumb/v7-m/nofp/crtbegin.o

.rodata         0x080051c0     0x1100
                0x080051c0                        . = ALIGN (0x4)
 *(.rodata)
 *(.rodata*)
 .rodata.uart_printf_mask.constprop.0.str1.1
                0x080051c0      0xcae ./Core/Src/app/app.o
                                 0xb8 (size before relaxing)
 .rodata.App_Task_MorseFromLevel.str1.1
                0x08005e6e        0x0 ./Core/Src/app/app.o
                                 0x3b (size before relaxing)
 .rodata.App_OnUartRxByte.str1.1
                0x08005e6e        0x0 ./Core/Src/app/app.o
                                 0x28 (size before relaxing)
 .rodata.App_Task.str1.1
                0x08005e6e        0x0 ./Core/Src/app/app.o
                                0x7f6 (size before relaxing)
 .rodata.BtLink_Write.part.0.str1.1
                0x08005e6e        0x0 ./Core/Src/app/bt_link.o
                                  0xe (size before relaxing)
 .rodata.BtLink_Write.str1.1
                0x08005e6e        0x0 ./Core/Src/app/bt_link.o
                                  0x9 (size before relaxing)
 .rodata.str1.1
                0x08005e6e        0x0 ./Core/Src/app/morse_decoder.o
                                 0xa8 (size before relaxing)
 *fill*         0x08005e6e        0x2 
 .rodata.table  0x08005e70      0x120 ./Core/Src/app/morse_decoder.o
 .rodata.OledUI_Init.str1.1
                0x08005f90        0x0 ./Core/Src/app/oled_ui.o
                                  0x1 (size before relaxing)
 .rodata.OledUI_Task.str1.1
                0x08005f90        0x0 ./Core/Src/app/oled_ui.o
                                 0x4c (size before relaxing)
 .rodata.str1.1
                0x08005f90        0x0 ./Core/Src/app/oled_ui.o
                                 0x1b (size before relaxing)
 .rodata.CSWTCH.12
                0x08005f90       0x18 ./Core/Src/app/oled_ui.o
 .rodata.SetupBtn_Start.str1.1
                0x08005fa8        0x0 ./Core/Src/app/setup_btn.o
                                 0xb6 (size before relaxing)
 .rodata.SetupBtn_Task.str1.1
                0x08005fa8        0x0 ./Core/Src/app/setup_btn.o
                                0x1f8 (size before relaxing)
 .rodata.font5x7
                0x08005fa8      0x1db ./Core/Src/drivers/ssd1306.o
 .rodata.APBPrescTable
                0x08006183        0x8 ./Core/Src/system_stm32f1xx.o
                0x08006183                APBPrescTable
 .rodata.AHBPrescTable
                0x0800618b       0x10 ./Core/Src/system_stm32f1xx.o
                0x0800618b                AHBPrescTable
 .rodata.aPredivFactorTable.0
                0x0800619b        0x2 ./Drivers/STM32F1xx_HAL_Driver/Src/stm32f1xx_hal_rcc.o
 .rodata.aPLLMULFactorTable.1
                0x0800619d       0x10 ./Drivers/STM32F1xx_HAL_Driver/Src/stm32f1xx_hal_rcc.o
 .rodata.aPredivFactorTable.0
                0x080061ad        0x2 ./Drivers/STM32F1xx_HAL_Driver/Src/stm32f1xx_hal_rcc_ex.o
 .rodata.aPLLMULFactorTable.1
                0x080061af       0x10 ./Drivers/STM32F1xx_HAL_Driver/Src/stm32f1xx_hal_rcc_ex.o
 .rodata._ctype_
                0x080061bf      0x101 C:/ST/STM32CubeIDE_2.0.0/STM32CubeIDE/plugins/com.st.stm32cube.ide.mcu.externaltools.gnu-tools-for-stm32.13.3.rel1.win32_1.0.100.202509120712/tools/bin/../lib/gcc/arm-none-eabi/13.3.1/../../../../arm-none-eabi/lib/thumb/v7-m/nofp\libc_nano.a(libc_a-ctype_.o)
                0x080061bf                _ctype_
 .rodata._svfprintf_r.str1.1
                0x080062c0        0x0 C:/ST/STM32CubeIDE_2.0.0/STM32CubeIDE/plugins/com.st.stm32cube.ide.mcu.externaltools.gnu-tools-for-stm32.13.3.rel1.win32_1.0.100.202509120712/tools/bin/../lib/gcc/arm-none-eabi/13.3.1/../../../../arm-none-eabi/lib/thumb/v7-m/nofp\libc_nano.a(libc_a-nano-svfprintf.o)
                                 0x11 (size before relaxing)
 .rodata._printf_i.str1.1
                0x080062c0        0x0 C:/ST/STM32CubeIDE_2.0.0/STM32CubeIDE/plugins/com.st.stm32cube.ide.mcu.externaltools.gnu-tools-for-stm32.13.3.rel1.win32_1.0.100.202509120712/tools/bin/../lib/gcc/arm-none-eabi/13.3.1/../../../../arm-none-eabi/lib/thumb/v7-m/nofp\libc_nano.a(libc_a-nano-vfprintf_i.o)
                                 0x22 (size before relaxing)
                0x080062c0                        . = ALIGN (0x4)

.ARM.extab      0x080062c0        0x0
                0x080062c0                        . = ALIGN (0x4)
 *(.ARM.extab* .gnu.linkonce.armextab.*)
                0x080062c0                        . = ALIGN (0x4)

.ARM            0x080062c0        0x8
                0x080062c0                        . = ALIGN (0x4)
                0x080062c0                        __exidx_start = .
 *(.ARM.exidx*)
 .ARM.exidx     0x080062c0        0x8 C:/ST/STM32CubeIDE_2.0.0/STM32CubeIDE/plugins/com.st.stm32cube.ide.mcu.externaltools.gnu-tools-for-stm32.13.3.rel1.win32_1.0.100.202509120712/tools/bin/../lib/gcc/arm-none-eabi/13.3.1/../../../../arm-none-eabi/lib/thumb/v7-m/nofp\libc_nano.a(libc_a-strcmp.o)
 .ARM.exidx     0x080062c8        0x0 C:/ST/STM32CubeIDE_2.0.0/STM32CubeIDE/plugins/com.st.stm32cube.ide.mcu.externaltools.gnu-tools-for-stm32.13.3.rel1.win32_1.0.100.202509120712/tools/bin/../lib/gcc/arm-none-eabi/13.3.1/../../../../arm-none-eabi/lib/thumb/v7-m/nofp\libc_nano.a(libc_a-strlen.o)
                                  0x8 (size before relaxing)
                0x080062c8                        __exidx_end = .
                0x080062c8                        . = ALIGN (0x4)

.preinit_array  0x080062c8        0x0
                0x080062c8                        . = ALIGN (0x4)
                0x080062c8                        PROVIDE (__preinit_array_start = .)
 *(.preinit_array*)
                0x080062c8                        PROVIDE (__preinit_array_end = .)
                0x080062c8                        . = ALIGN (0x4)

.init_array     0x080062c8        0x4
                0x080062c8                        . = ALIGN (0x4)
                0x080062c8                        PROVIDE (__init_array_start = .)
 *(SORT_BY_NAME(.init_array.*))
 *(.init_array*)
 .init_array    0x080062c8        0x4 C:/ST/STM32CubeIDE_2.0.0/STM32CubeIDE/plugins/com.st.stm32cube.ide.mcu.externaltools.gnu-tools-for-stm32.13.3.rel1.win32_1.0.100.202509120712/tools/bin/../lib/gcc/arm-none-eabi/13.3.1/thumb/v7-m/nofp/crtbegin.o
                0x080062cc                        PROVIDE (__init_array_end = .)
                0x080062cc                        . = ALIGN (0x4)

.fini_array     0x080062cc        0x4
                0x080062cc                        . = ALIGN (0x4)
                [!provide]                        PROVIDE (__fini_array_start = .)
 *(SORT_BY_NAME(.fini_array.*))
 *(.fini_array*)
 .fini_array    0x080062cc        0x4 C:/ST/STM32CubeIDE_2.0.0/STM32CubeIDE/plugins/com.st.stm32cube.ide.mcu.externaltools.gnu-tools-for-stm32.13.3.rel1.win32_1.0.100.202509120712/tools/bin/../lib/gcc/arm-none-eabi/13.3.1/thumb/v7-m/nofp/crtbegin.o
                [!provide]                        PROVIDE (__fini_array_end = .)
                0x080062d0                        . = ALIGN (0x4)
                0x080062d0                        _sidata = LOADADDR (.data)

.rel.dyn        0x080062d0        0x0
 .rel.iplt      0x080062d0        0x0 C:/ST/STM32CubeIDE_2.0.0/STM32CubeIDE/plugins/com.st.stm32cube.ide.mcu.externaltools.gnu-tools-for-stm32.13.3.rel1.win32_1.0.100.202509120712/tools/bin/../lib/gcc/arm-none-eabi/13.3.1/thumb/v7-m/nofp/crtbegin.o

.data           0x20000000       0x70 load address 0x080062d0
                0x20000000                        . = ALIGN (0x4)
                0x20000000                        _sdata = .
 *(.data)
 *(.data*)
 .data.ldr_rate_ms
                0x20000000        0x4 ./Core/Src/app/app.o
 .data.ldr_stream_on
                0x20000004        0x1 ./Core/Src/app/app.o
 .data.g_mode   0x20000005        0x1 ./Core/Src/app/app.o
 .data.last_mode_tracked
                0x20000006        0x1 ./Core/Src/app/app.o
 *fill*         0x20000007        0x1 
 .data.g_th_high_default
                0x20000008        0x2 ./Core/Src/app/light_sensor.o
 .data.g_th_low_default
                0x2000000a        0x2 ./Core/Src/app/light_sensor.o
 .data.g_th_high
                0x2000000c        0x2 ./Core/Src/app/light_sensor.o
 .data.g_th_low
                0x2000000e        0x2 ./Core/Src/app/light_sensor.o
 .data.Tu       0x20000010        0x4 ./Core/Src/app/morse_decoder.o
 .data.SystemCoreClock
                0x20000014        0x4 ./Core/Src/system_stm32f1xx.o
                0x20000014                SystemCoreClock
 .data.uwTickFreq
                0x20000018        0x1 ./Drivers/STM32F1xx_HAL_Driver/Src/stm32f1xx_hal.o
                0x20000018                uwTickFreq
 *fill*         0x20000019        0x3 
 .data.uwTickPrio
                0x2000001c        0x4 ./Drivers/STM32F1xx_HAL_Driver/Src/stm32f1xx_hal.o
                0x2000001c                uwTickPrio
 .data._impure_ptr
                0x20000020        0x4 C:/ST/STM32CubeIDE_2.0.0/STM32CubeIDE/plugins/com.st.stm32cube.ide.mcu.externaltools.gnu-tools-for-stm32.13.3.rel1.win32_1.0.100.202509120712/tools/bin/../lib/gcc/arm-none-eabi/13.3.1/../../../../arm-none-eabi/lib/thumb/v7-m/nofp\libc_nano.a(libc_a-impure.o)
                0x20000020                _impure_ptr
 .data._impure_data
                0x20000024       0x4c C:/ST/STM32CubeIDE_2.0.0/STM32CubeIDE/plugins/com.st.stm32cube.ide.mcu.externaltools.gnu-tools-for-stm32.13.3.rel1.win32_1.0.100.202509120712/tools/bin/../lib/gcc/arm-none-eabi/13.3.1/../../../../arm-none-eabi/lib/thumb/v7-m/nofp\libc_nano.a(libc_a-impure.o)
                0x20000024                _impure_data
 *(.RamFunc)
 *(.RamFunc*)
                0x20000070                        . = ALIGN (0x4)
                0x20000070                        _edata = .

.igot.plt       0x20000070        0x0 load address 0x08006340
 .igot.plt      0x20000070        0x0 C:/ST/STM32CubeIDE_2.0.0/STM32CubeIDE/plugins/com.st.stm32cube.ide.mcu.externaltools.gnu-tools-for-stm32.13.3.rel1.win32_1.0.100.202509120712/tools/bin/../lib/gcc/arm-none-eabi/13.3.1/thumb/v7-m/nofp/crtbegin.o
                0x20000070                        . = ALIGN (0x4)

.bss            0x20000070      0xa20 load address 0x08006340
                0x20000070                        _sbss = .
                0x20000070                        __bss_start__ = _sbss
 *(.bss)
 .bss           0x20000070       0x1c C:/ST/STM32CubeIDE_2.0.0/STM32CubeIDE/plugins/com.st.stm32cube.ide.mcu.externaltools.gnu-tools-for-stm32.13.3.rel1.win32_1.0.100.202509120712/tools/bin/../lib/gcc/arm-none-eabi/13.3.1/thumb/v7-m/nofp/crtbegin.o
 *(.bss*)
 .bss.s_uart_banner_sent.0
                0x2000008c        0x1 ./Core/Src/app/app.o
 .bss.last_was_cr.1
                0x2000008d        0x1 ./Core/Src/app/app.o
 .bss.esc_state.2
                0x2000008e        0x1 ./Core/Src/app/app.o
 *fill*         0x2000008f        0x1 
 .bss.s_bt_poll_due
                0x20000090        0x4 ./Core/Src/app/app.o
 .bss.s_bt_last_banner_ms
                0x20000094        0x4 ./Core/Src/app/app.o
 .bss.s_bt_banner_due
                0x20000098        0x4 ./Core/Src/app/app.o
 .bss.s_bt_banner_pending
                0x2000009c        0x1 ./Core/Src/app/app.o
 .bss.s_bt_connected
                0x2000009d        0x1 ./Core/Src/app/app.o
 *fill*         0x2000009e        0x2 
 .bss.s_bt_last_raw_change_ms
                0x200000a0        0x4 ./Core/Src/app/app.o
 .bss.s_bt_stable
                0x200000a4        0x1 ./Core/Src/app/app.o
 .bss.s_bt_raw  0x200000a5        0x1 ./Core/Src/app/app.o
 .bss.s_cfg     0x200000a6        0x6 ./Core/Src/app/app.o
 .bss.ldr_last_level
                0x200000ac        0x1 ./Core/Src/app/app.o
 .bss.ldr_last_pct
                0x200000ad        0x1 ./Core/Src/app/app.o
 .bss.ldr_last_raw
                0x200000ae        0x2 ./Core/Src/app/app.o
 .bss.ldr_last_filt
                0x200000b0        0x2 ./Core/Src/app/app.o
 *fill*         0x200000b2        0x2 
 .bss.t_last_ldr_sample_mon
                0x200000b4        0x4 ./Core/Src/app/app.o
 .bss.t_last_ldr_sample
                0x200000b8        0x4 ./Core/Src/app/app.o
 .bss.t_last_ldr_print
                0x200000bc        0x4 ./Core/Src/app/app.o
 .bss.cli_ready
                0x200000c0        0x1 ./Core/Src/app/app.o
 *fill*         0x200000c1        0x1 
 .bss.cli_len   0x200000c2        0x2 ./Core/Src/app/app.o
 .bss.cli_line  0x200000c4       0x80 ./Core/Src/app/app.o
 .bss.t_last_activity
                0x20000144        0x4 ./Core/Src/app/app.o
 .bss.word_has_letters
                0x20000148        0x1 ./Core/Src/app/app.o
 *fill*         0x20000149        0x3 
 .bss.t_space_arm
                0x2000014c        0x4 ./Core/Src/app/app.o
 .bss.space_armed
                0x20000150        0x1 ./Core/Src/app/app.o
 .bss.ultima_frase_ok
                0x20000151        0x1 ./Core/Src/app/app.o
 .bss.ultima_frase
                0x20000152       0x40 ./Core/Src/app/app.o
 .bss.phrase_len
                0x20000192        0x1 ./Core/Src/app/app.o
 .bss.phrase    0x20000193       0x40 ./Core/Src/app/app.o
 .bss.sym_len   0x200001d3        0x1 ./Core/Src/app/app.o
 .bss.sym_dbg   0x200001d4       0x10 ./Core/Src/app/app.o
 .bss.letter_timeout_sent
                0x200001e4        0x1 ./Core/Src/app/app.o
 .bss.started   0x200001e5        0x1 ./Core/Src/app/app.o
 *fill*         0x200001e6        0x2 
 .bss.t_mode_sync
                0x200001e8        0x4 ./Core/Src/app/app.o
 .bss.ignore_next_edge
                0x200001ec        0x1 ./Core/Src/app/app.o
 .bss.prev_level
                0x200001ed        0x1 ./Core/Src/app/app.o
 *fill*         0x200001ee        0x2 
 .bss.t_last_edge
                0x200001f0        0x4 ./Core/Src/app/app.o
 .bss.s_uart_banner_due
                0x200001f4        0x4 ./Core/Src/app/app.o
 .bss.s_uart_banner_pending
                0x200001f8        0x1 ./Core/Src/app/app.o
 *fill*         0x200001f9        0x3 
 .bss.g_huart   0x200001fc        0x4 ./Core/Src/app/app.o
 .bss.t_last_report
                0x20000200        0x4 ./Core/Src/app/app.o
 .bss.wcet_val  0x20000204        0x4 ./Core/Src/app/app.o
 .bss.s_last_symbol_valid
                0x20000208        0x1 ./Core/Src/app/bt_link.o
 .bss.s_last_symbol
                0x20000209       0x10 ./Core/Src/app/bt_link.o
 *fill*         0x20000219        0x1 
 .bss.s_rx_r    0x2000021a        0x2 ./Core/Src/app/bt_link.o
 .bss.s_rx_w    0x2000021c        0x2 ./Core/Src/app/bt_link.o
 .bss.s_enabled
                0x2000021e        0x1 ./Core/Src/app/bt_link.o
 *fill*         0x2000021f        0x1 
 .bss.s_huart   0x20000220        0x4 ./Core/Src/app/bt_link.o
 .bss.t_change  0x20000224        0x4 ./Core/Src/app/button_input.o
 .bss.last_raw  0x20000228        0x1 ./Core/Src/app/button_input.o
 .bss.stable    0x20000229        0x1 ./Core/Src/app/button_input.o
 *fill*         0x2000022a        0x2 
 .bss.t_off     0x2000022c        0x4 ./Core/Src/app/buzzer.o
 .bss.g_on      0x20000230        0x1 ./Core/Src/app/buzzer.o
 *fill*         0x20000231        0x1 
 .bss.g_pin     0x20000232        0x2 ./Core/Src/app/buzzer.o
 .bss.g_port    0x20000234        0x4 ./Core/Src/app/buzzer.o
 .bss.t_next    0x20000238        0x4 ./Core/Src/app/led_ui.o
 .bss.step      0x2000023c        0x1 ./Core/Src/app/led_ui.o
 .bss.current_ev
                0x2000023d        0x1 ./Core/Src/app/led_ui.o
 .bss.pattern_active
                0x2000023e        0x1 ./Core/Src/app/led_ui.o
 .bss.g_level   0x2000023f        0x1 ./Core/Src/app/led_ui.o
 .bss.g_pin     0x20000240        0x2 ./Core/Src/app/led_ui.o
 *fill*         0x20000242        0x2 
 .bss.g_port    0x20000244        0x4 ./Core/Src/app/led_ui.o
 .bss.g_level   0x20000248        0x1 ./Core/Src/app/light_sensor.o
 .bss.qt        0x20000249        0x1 ./Core/Src/app/morse_decoder.o
 .bss.qh        0x2000024a        0x1 ./Core/Src/app/morse_decoder.o
 .bss.outq      0x2000024b       0x10 ./Core/Src/app/morse_decoder.o
 .bss.sym_len   0x2000025b        0x1 ./Core/Src/app/morse_decoder.o
 .bss.sym_buf   0x2000025c        0x8 ./Core/Src/app/morse_decoder.o
 .bss.s_snap    0x20000264       0x60 ./Core/Src/app/oled_ui.o
 .bss.s_next_refresh
                0x200002c4        0x4 ./Core/Src/app/oled_ui.o
 .bss.s_inited  0x200002c8        0x1 ./Core/Src/app/oled_ui.o
 *fill*         0x200002c9        0x3 
 .bss.s_disp    0x200002cc      0x420 ./Core/Src/app/oled_ui.o
 .bss.s_hspi    0x200006ec        0x4 ./Core/Src/app/oled_ui.o
 .bss.prev_btn  0x200006f0        0x1 ./Core/Src/app/setup_btn.o
 .bss.st        0x200006f1        0x1 ./Core/Src/app/setup_btn.o
 *fill*         0x200006f2        0x2 
 .bss.g_huart_setup
                0x200006f4        0x4 ./Core/Src/app/setup_btn.o
 .bss.g_filt_init
                0x200006f8        0x1 ./Core/Src/drivers/ldr.o
 *fill*         0x200006f9        0x1 
 .bss.g_last_raw
                0x200006fa        0x2 ./Core/Src/drivers/ldr.o
 .bss.g_filt_q8
                0x200006fc        0x4 ./Core/Src/drivers/ldr.o
 .bss.g_inited  0x20000700        0x1 ./Core/Src/drivers/ldr.o
 .bss.rxq       0x20000701      0x100 ./Core/Src/main.o
 *fill*         0x20000801        0x1 
 .bss.rx_r      0x20000802        0x2 ./Core/Src/main.o
 .bss.rx_w      0x20000804        0x2 ./Core/Src/main.o
 .bss.uart1_rx_byte
                0x20000806        0x1 ./Core/Src/main.o
 .bss.uart2_rx_byte
                0x20000807        0x1 ./Core/Src/main.o
 .bss.huart2    0x20000808       0x48 ./Core/Src/main.o
                0x20000808                huart2
 .bss.huart1    0x20000850       0x48 ./Core/Src/main.o
                0x20000850                huart1
 .bss.hspi1     0x20000898       0x58 ./Core/Src/main.o
                0x20000898                hspi1
 .bss.hadc1     0x200008f0       0x30 ./Core/Src/main.o
                0x200008f0                hadc1
 .bss.__sbrk_heap_end
                0x20000920        0x4 ./Core/Src/sysmem.o
 .bss.uwTick    0x20000924        0x4 ./Drivers/STM32F1xx_HAL_Driver/Src/stm32f1xx_hal.o
                0x20000924                uwTick
 .bss.pFlash    0x20000928       0x20 ./Drivers/STM32F1xx_HAL_Driver/Src/stm32f1xx_hal_flash.o
                0x20000928                pFlash
 .bss.__sf      0x20000948      0x138 C:/ST/STM32CubeIDE_2.0.0/STM32CubeIDE/plugins/com.st.stm32cube.ide.mcu.externaltools.gnu-tools-for-stm32.13.3.rel1.win32_1.0.100.202509120712/tools/bin/../lib/gcc/arm-none-eabi/13.3.1/../../../../arm-none-eabi/lib/thumb/v7-m/nofp\libc_nano.a(libc_a-findfp.o)
                0x20000948                __sf
 .bss.errno     0x20000a80        0x4 C:/ST/STM32CubeIDE_2.0.0/STM32CubeIDE/plugins/com.st.stm32cube.ide.mcu.externaltools.gnu-tools-for-stm32.13.3.rel1.win32_1.0.100.202509120712/tools/bin/../lib/gcc/arm-none-eabi/13.3.1/../../../../arm-none-eabi/lib/thumb/v7-m/nofp\libc_nano.a(libc_a-reent.o)
                0x20000a80                errno
 .bss.__lock___malloc_recursive_mutex
                0x20000a84        0x1 C:/ST/STM32CubeIDE_2.0.0/STM32CubeIDE/plugins/com.st.stm32cube.ide.mcu.externaltools.gnu-tools-for-stm32.13.3.rel1.win32_1.0.100.202509120712/tools/bin/../lib/gcc/arm-none-eabi/13.3.1/../../../../arm-none-eabi/lib/thumb/v7-m/nofp\libc_nano.a(libc_a-lock.o)
                0x20000a84                __lock___malloc_recursive_mutex
 *fill*         0x20000a85        0x3 
 .bss.__malloc_sbrk_start
                0x20000a88        0x4 C:/ST/STM32CubeIDE_2.0.0/STM32CubeIDE/plugins/com.st.stm32cube.ide.mcu.externaltools.gnu-tools-for-stm32.13.3.rel1.win32_1.0.100.202509120712/tools/bin/../lib/gcc/arm-none-eabi/13.3.1/../../../../arm-none-eabi/lib/thumb/v7-m/nofp\libc_nano.a(libc_a-mallocr.o)
                0x20000a88                __malloc_sbrk_start
 .bss.__malloc_free_list
                0x20000a8c        0x4 C:/ST/STM32CubeIDE_2.0.0/STM32CubeIDE/plugins/com.st.stm32cube.ide.mcu.externaltools.gnu-tools-for-stm32.13.3.rel1.win32_1.0.100.202509120712/tools/bin/../lib/gcc/arm-none-eabi/13.3.1/../../../../arm-none-eabi/lib/thumb/v7-m/nofp\libc_nano.a(libc_a-mallocr.o)
                0x20000a8c                __malloc_free_list
 *(COMMON)
                0x20000a90                        . = ALIGN (0x4)
                0x20000a90                        _ebss = .
                0x20000a90                        __bss_end__ = _ebss

._user_heap_stack
                0x20000a90      0x600 load address 0x08006340
                0x20000a90                        . = ALIGN (0x8)
                [!provide]                        PROVIDE (end = .)
                0x20000a90                        PROVIDE (_end = .)
                0x20000c90                        . = (. + _Min_Heap_Size)
 *fill*         0x20000a90      0x200 
                0x20001090                        . = (. + _Min_Stack_Size)
 *fill*         0x20000c90      0x400 
                0x20001090                        . = ALIGN (0x8)

/DISCARD/
 libc.a(*)
 libm.a(*)
 libgcc.a(*)

.ARM.attributes
                0x00000000       0x29
 *(.ARM.attributes)
 .ARM.attributes
                0x00000000       0x1d C:/ST/STM32CubeIDE_2.0.0/STM32CubeIDE/plugins/com.st.stm32cube.ide.mcu.externaltools.gnu-tools-for-stm32.13.3.rel1.win32_1.0.100.202509120712/tools/bin/../lib/gcc/arm-none-eabi/13.3.1/thumb/v7-m/nofp/crti.o
 .ARM.attributes
                0x0000001d       0x2d C:/ST/STM32CubeIDE_2.0.0/STM32CubeIDE/plugins/com.st.stm32cube.ide.mcu.externaltools.gnu-tools-for-stm32.13.3.rel1.win32_1.0.100.202509120712/tools/bin/../lib/gcc/arm-none-eabi/13.3.1/thumb/v7-m/nofp/crtbegin.o
 .ARM.attributes
                0x0000004a       0x2d ./Core/Src/app/app.o
 .ARM.attributes
                0x00000077       0x2d ./Core/Src/app/bt_link.o
 .ARM.attributes
                0x000000a4       0x2d ./Core/Src/app/button_input.o
 .ARM.attributes
                0x000000d1       0x2d ./Core/Src/app/buzzer.o
 .ARM.attributes
                0x000000fe       0x2d ./Core/Src/app/led_ui.o
 .ARM.attributes
                0x0000012b       0x2d ./Core/Src/app/light_sensor.o
 .ARM.attributes
                0x00000158       0x2d ./Core/Src/app/morse_decoder.o
 .ARM.attributes
                0x00000185       0x2d ./Core/Src/app/nv_store.o
 .ARM.attributes
                0x000001b2       0x2d ./Core/Src/app/oled_ui.o
 .ARM.attributes
                0x000001df       0x2d ./Core/Src/app/setup_btn.o
 .ARM.attributes
                0x0000020c       0x2d ./Core/Src/drivers/ldr.o
 .ARM.attributes
                0x00000239       0x2d ./Core/Src/drivers/ssd1306.o
 .ARM.attributes
                0x00000266       0x2d ./Core/Src/main.o
 .ARM.attributes
                0x00000293       0x2d ./Core/Src/stm32f1xx_hal_msp.o
 .ARM.attributes
                0x000002c0       0x2d ./Core/Src/stm32f1xx_it.o
 .ARM.attributes
                0x000002ed       0x2d ./Core/Src/sysmem.o
 .ARM.attributes
                0x0000031a       0x2d ./Core/Src/system_stm32f1xx.o
 .ARM.attributes
                0x00000347       0x21 ./Core/Startup/startup_stm32f103rbtx.o
 .ARM.attributes
                0x00000368       0x2d ./Drivers/STM32F1xx_HAL_Driver/Src/stm32f1xx_hal.o
 .ARM.attributes
                0x00000395       0x2d ./Drivers/STM32F1xx_HAL_Driver/Src/stm32f1xx_hal_adc.o
 .ARM.attributes
                0x000003c2       0x2d ./Drivers/STM32F1xx_HAL_Driver/Src/stm32f1xx_hal_cortex.o
 .ARM.attributes
                0x000003ef       0x2d ./Drivers/STM32F1xx_HAL_Driver/Src/stm32f1xx_hal_dma.o
 .ARM.attributes
                0x0000041c       0x2d ./Drivers/STM32F1xx_HAL_Driver/Src/stm32f1xx_hal_flash.o
 .ARM.attributes
                0x00000449       0x2d ./Drivers/STM32F1xx_HAL_Driver/Src/stm32f1xx_hal_flash_ex.o
 .ARM.attributes
                0x00000476       0x2d ./Drivers/STM32F1xx_HAL_Driver/Src/stm32f1xx_hal_gpio.o
 .ARM.attributes
                0x000004a3       0x2d ./Drivers/STM32F1xx_HAL_Driver/Src/stm32f1xx_hal_rcc.o
 .ARM.attributes
                0x000004d0       0x2d ./Drivers/STM32F1xx_HAL_Driver/Src/stm32f1xx_hal_rcc_ex.o
 .ARM.attributes
                0x000004fd       0x2d ./Drivers/STM32F1xx_HAL_Driver/Src/stm32f1xx_hal_spi.o
 .ARM.attributes
                0x0000052a       0x2d ./Drivers/STM32F1xx_HAL_Driver/Src/stm32f1xx_hal_uart.o
 .ARM.attributes
                0x00000557       0x2d C:/ST/STM32CubeIDE_2.0.0/STM32CubeIDE/plugins/com.st.stm32cube.ide.mcu.externaltools.gnu-tools-for-stm32.13.3.rel1.win32_1.0.100.202509120712/tools/bin/../lib/gcc/arm-none-eabi/13.3.1/../../../../arm-none-eabi/lib/thumb/v7-m/nofp\libc_nano.a(libc_a-strtoul.o)
 .ARM.attributes
                0x00000584       0x2d C:/ST/STM32CubeIDE_2.0.0/STM32CubeIDE/plugins/com.st.stm32cube.ide.mcu.externaltools.gnu-tools-for-stm32.13.3.rel1.win32_1.0.100.202509120712/tools/bin/../lib/gcc/arm-none-eabi/13.3.1/../../../../arm-none-eabi/lib/thumb/v7-m/nofp\libc_nano.a(libc_a-ctype_.o)
 .ARM.attributes
                0x000005b1       0x2d C:/ST/STM32CubeIDE_2.0.0/STM32CubeIDE/plugins/com.st.stm32cube.ide.mcu.externaltools.gnu-tools-for-stm32.13.3.rel1.win32_1.0.100.202509120712/tools/bin/../lib/gcc/arm-none-eabi/13.3.1/../../../../arm-none-eabi/lib/thumb/v7-m/nofp\libc_nano.a(libc_a-findfp.o)
 .ARM.attributes
                0x000005de       0x2d C:/ST/STM32CubeIDE_2.0.0/STM32CubeIDE/plugins/com.st.stm32cube.ide.mcu.externaltools.gnu-tools-for-stm32.13.3.rel1.win32_1.0.100.202509120712/tools/bin/../lib/gcc/arm-none-eabi/13.3.1/../../../../arm-none-eabi/lib/thumb/v7-m/nofp\libc_nano.a(libc_a-snprintf.o)
 .ARM.attributes
                0x0000060b       0x2d C:/ST/STM32CubeIDE_2.0.0/STM32CubeIDE/plugins/com.st.stm32cube.ide.mcu.externaltools.gnu-tools-for-stm32.13.3.rel1.win32_1.0.100.202509120712/tools/bin/../lib/gcc/arm-none-eabi/13.3.1/../../../../arm-none-eabi/lib/thumb/v7-m/nofp\libc_nano.a(libc_a-vsnprintf.o)
 .ARM.attributes
                0x00000638       0x2d C:/ST/STM32CubeIDE_2.0.0/STM32CubeIDE/plugins/com.st.stm32cube.ide.mcu.externaltools.gnu-tools-for-stm32.13.3.rel1.win32_1.0.100.202509120712/tools/bin/../lib/gcc/arm-none-eabi/13.3.1/../../../../arm-none-eabi/lib/thumb/v7-m/nofp\libc_nano.a(libc_a-memset.o)
 .ARM.attributes
                0x00000665       0x2d C:/ST/STM32CubeIDE_2.0.0/STM32CubeIDE/plugins/com.st.stm32cube.ide.mcu.externaltools.gnu-tools-for-stm32.13.3.rel1.win32_1.0.100.202509120712/tools/bin/../lib/gcc/arm-none-eabi/13.3.1/../../../../arm-none-eabi/lib/thumb/v7-m/nofp\libc_nano.a(libc_a-strncmp.o)
 .ARM.attributes
                0x00000692       0x2d C:/ST/STM32CubeIDE_2.0.0/STM32CubeIDE/plugins/com.st.stm32cube.ide.mcu.externaltools.gnu-tools-for-stm32.13.3.rel1.win32_1.0.100.202509120712/tools/bin/../lib/gcc/arm-none-eabi/13.3.1/../../../../arm-none-eabi/lib/thumb/v7-m/nofp\libc_nano.a(libc_a-strncpy.o)
 .ARM.attributes
                0x000006bf       0x2d C:/ST/STM32CubeIDE_2.0.0/STM32CubeIDE/plugins/com.st.stm32cube.ide.mcu.externaltools.gnu-tools-for-stm32.13.3.rel1.win32_1.0.100.202509120712/tools/bin/../lib/gcc/arm-none-eabi/13.3.1/../../../../arm-none-eabi/lib/thumb/v7-m/nofp\libc_nano.a(libc_a-strstr.o)
 .ARM.attributes
                0x000006ec       0x2d C:/ST/STM32CubeIDE_2.0.0/STM32CubeIDE/plugins/com.st.stm32cube.ide.mcu.externaltools.gnu-tools-for-stm32.13.3.rel1.win32_1.0.100.202509120712/tools/bin/../lib/gcc/arm-none-eabi/13.3.1/../../../../arm-none-eabi/lib/thumb/v7-m/nofp\libc_nano.a(libc_a-reent.o)
 .ARM.attributes
                0x00000719       0x2d C:/ST/STM32CubeIDE_2.0.0/STM32CubeIDE/plugins/com.st.stm32cube.ide.mcu.externaltools.gnu-tools-for-stm32.13.3.rel1.win32_1.0.100.202509120712/tools/bin/../lib/gcc/arm-none-eabi/13.3.1/../../../../arm-none-eabi/lib/thumb/v7-m/nofp\libc_nano.a(libc_a-impure.o)
 .ARM.attributes
                0x00000746       0x2d C:/ST/STM32CubeIDE_2.0.0/STM32CubeIDE/plugins/com.st.stm32cube.ide.mcu.externaltools.gnu-tools-for-stm32.13.3.rel1.win32_1.0.100.202509120712/tools/bin/../lib/gcc/arm-none-eabi/13.3.1/../../../../arm-none-eabi/lib/thumb/v7-m/nofp\libc_nano.a(libc_a-errno.o)
 .ARM.attributes
                0x00000773       0x2d C:/ST/STM32CubeIDE_2.0.0/STM32CubeIDE/plugins/com.st.stm32cube.ide.mcu.externaltools.gnu-tools-for-stm32.13.3.rel1.win32_1.0.100.202509120712/tools/bin/../lib/gcc/arm-none-eabi/13.3.1/../../../../arm-none-eabi/lib/thumb/v7-m/nofp\libc_nano.a(libc_a-init.o)
 .ARM.attributes
                0x000007a0       0x2d C:/ST/STM32CubeIDE_2.0.0/STM32CubeIDE/plugins/com.st.stm32cube.ide.mcu.externaltools.gnu-tools-for-stm32.13.3.rel1.win32_1.0.100.202509120712/tools/bin/../lib/gcc/arm-none-eabi/13.3.1/../../../../arm-none-eabi/lib/thumb/v7-m/nofp\libc_nano.a(libc_a-lock.o)
 .ARM.attributes
                0x000007cd       0x1b C:/ST/STM32CubeIDE_2.0.0/STM32CubeIDE/plugins/com.st.stm32cube.ide.mcu.externaltools.gnu-tools-for-stm32.13.3.rel1.win32_1.0.100.202509120712/tools/bin/../lib/gcc/arm-none-eabi/13.3.1/../../../../arm-none-eabi/lib/thumb/v7-m/nofp\libc_nano.a(libc_a-strcmp.o)
 .ARM.attributes
                0x000007e8       0x2d C:/ST/STM32CubeIDE_2.0.0/STM32CubeIDE/plugins/com.st.stm32cube.ide.mcu.externaltools.gnu-tools-for-stm32.13.3.rel1.win32_1.0.100.202509120712/tools/bin/../lib/gcc/arm-none-eabi/13.3.1/../../../../arm-none-eabi/lib/thumb/v7-m/nofp\libc_nano.a(libc_a-memcpy-stub.o)
 .ARM.attributes
                0x00000815       0x17 C:/ST/STM32CubeIDE_2.0.0/STM32CubeIDE/plugins/com.st.stm32cube.ide.mcu.externaltools.gnu-tools-for-stm32.13.3.rel1.win32_1.0.100.202509120712/tools/bin/../lib/gcc/arm-none-eabi/13.3.1/../../../../arm-none-eabi/lib/thumb/v7-m/nofp\libc_nano.a(libc_a-strlen.o)
 .ARM.attributes
                0x0000082c       0x2d C:/ST/STM32CubeIDE_2.0.0/STM32CubeIDE/plugins/com.st.stm32cube.ide.mcu.externaltools.gnu-tools-for-stm32.13.3.rel1.win32_1.0.100.202509120712/tools/bin/../lib/gcc/arm-none-eabi/13.3.1/../../../../arm-none-eabi/lib/thumb/v7-m/nofp\libc_nano.a(libc_a-freer.o)
 .ARM.attributes
                0x00000859       0x2d C:/ST/STM32CubeIDE_2.0.0/STM32CubeIDE/plugins/com.st.stm32cube.ide.mcu.externaltools.gnu-tools-for-stm32.13.3.rel1.win32_1.0.100.202509120712/tools/bin/../lib/gcc/arm-none-eabi/13.3.1/../../../../arm-none-eabi/lib/thumb/v7-m/nofp\libc_nano.a(libc_a-mallocr.o)
 .ARM.attributes
                0x00000886       0x2d C:/ST/STM32CubeIDE_2.0.0/STM32CubeIDE/plugins/com.st.stm32cube.ide.mcu.externaltools.gnu-tools-for-stm32.13.3.rel1.win32_1.0.100.202509120712/tools/bin/../lib/gcc/arm-none-eabi/13.3.1/../../../../arm-none-eabi/lib/thumb/v7-m/nofp\libc_nano.a(libc_a-mlock.o)
 .ARM.attributes
                0x000008b3       0x2d C:/ST/STM32CubeIDE_2.0.0/STM32CubeIDE/plugins/com.st.stm32cube.ide.mcu.externaltools.gnu-tools-for-stm32.13.3.rel1.win32_1.0.100.202509120712/tools/bin/../lib/gcc/arm-none-eabi/13.3.1/../../../../arm-none-eabi/lib/thumb/v7-m/nofp\libc_nano.a(libc_a-nano-svfprintf.o)
 .ARM.attributes
                0x000008e0       0x2d C:/ST/STM32CubeIDE_2.0.0/STM32CubeIDE/plugins/com.st.stm32cube.ide.mcu.externaltools.gnu-tools-for-stm32.13.3.rel1.win32_1.0.100.202509120712/tools/bin/../lib/gcc/arm-none-eabi/13.3.1/../../../../arm-none-eabi/lib/thumb/v7-m/nofp\libc_nano.a(libc_a-nano-vfprintf_i.o)
 .ARM.attributes
                0x0000090d       0x2d C:/ST/STM32CubeIDE_2.0.0/STM32CubeIDE/plugins/com.st.stm32cube.ide.mcu.externaltools.gnu-tools-for-stm32.13.3.rel1.win32_1.0.100.202509120712/tools/bin/../lib/gcc/arm-none-eabi/13.3.1/../../../../arm-none-eabi/lib/thumb/v7-m/nofp\libc_nano.a(libc_a-memmove.o)
 .ARM.attributes
                0x0000093a       0x2d C:/ST/STM32CubeIDE_2.0.0/STM32CubeIDE/plugins/com.st.stm32cube.ide.mcu.externaltools.gnu-tools-for-stm32.13.3.rel1.win32_1.0.100.202509120712/tools/bin/../lib/gcc/arm-none-eabi/13.3.1/../../../../arm-none-eabi/lib/thumb/v7-m/nofp\libc_nano.a(libc_a-sbrkr.o)
 .ARM.attributes
                0x00000967       0x2d C:/ST/STM32CubeIDE_2.0.0/STM32CubeIDE/plugins/com.st.stm32cube.ide.mcu.externaltools.gnu-tools-for-stm32.13.3.rel1.win32_1.0.100.202509120712/tools/bin/../lib/gcc/arm-none-eabi/13.3.1/../../../../arm-none-eabi/lib/thumb/v7-m/nofp\libc_nano.a(libc_a-memchr-stub.o)
 .ARM.attributes
                0x00000994       0x2d C:/ST/STM32CubeIDE_2.0.0/STM32CubeIDE/plugins/com.st.stm32cube.ide.mcu.externaltools.gnu-tools-for-stm32.13.3.rel1.win32_1.0.100.202509120712/tools/bin/../lib/gcc/arm-none-eabi/13.3.1/../../../../arm-none-eabi/lib/thumb/v7-m/nofp\libc_nano.a(libc_a-reallocr.o)
 .ARM.attributes
                0x000009c1       0x2d C:/ST/STM32CubeIDE_2.0.0/STM32CubeIDE/plugins/com.st.stm32cube.ide.mcu.externaltools.gnu-tools-for-stm32.13.3.rel1.win32_1.0.100.202509120712/tools/bin/../lib/gcc/arm-none-eabi/13.3.1/../../../../arm-none-eabi/lib/thumb/v7-m/nofp\libc_nano.a(libc_a-msizer.o)
 .ARM.attributes
                0x000009ee       0x1d C:/ST/STM32CubeIDE_2.0.0/STM32CubeIDE/plugins/com.st.stm32cube.ide.mcu.externaltools.gnu-tools-for-stm32.13.3.rel1.win32_1.0.100.202509120712/tools/bin/../lib/gcc/arm-none-eabi/13.3.1/thumb/v7-m/nofp\libgcc.a(_arm_mulsf3.o)
 .ARM.attributes
                0x00000a0b       0x1d C:/ST/STM32CubeIDE_2.0.0/STM32CubeIDE/plugins/com.st.stm32cube.ide.mcu.externaltools.gnu-tools-for-stm32.13.3.rel1.win32_1.0.100.202509120712/tools/bin/../lib/gcc/arm-none-eabi/13.3.1/thumb/v7-m/nofp\libgcc.a(_arm_addsubsf3.o)
 .ARM.attributes
                0x00000a28       0x1d C:/ST/STM32CubeIDE_2.0.0/STM32CubeIDE/plugins/com.st.stm32cube.ide.mcu.externaltools.gnu-tools-for-stm32.13.3.rel1.win32_1.0.100.202509120712/tools/bin/../lib/gcc/arm-none-eabi/13.3.1/thumb/v7-m/nofp\libgcc.a(_arm_fixunssfsi.o)
 .ARM.attributes
                0x00000a45       0x1d C:/ST/STM32CubeIDE_2.0.0/STM32CubeIDE/plugins/com.st.stm32cube.ide.mcu.externaltools.gnu-tools-for-stm32.13.3.rel1.win32_1.0.100.202509120712/tools/bin/../lib/gcc/arm-none-eabi/13.3.1/thumb/v7-m/nofp/crtn.o
OUTPUT(luz-morse-fw.elf elf32-littlearm)
LOAD linker stubs
LOAD C:/ST/STM32CubeIDE_2.0.0/STM32CubeIDE/plugins/com.st.stm32cube.ide.mcu.externaltools.gnu-tools-for-stm32.13.3.rel1.win32_1.0.100.202509120712/tools/bin/../lib/gcc/arm-none-eabi/13.3.1/../../../../arm-none-eabi/lib/thumb/v7-m/nofp\libc.a
LOAD C:/ST/STM32CubeIDE_2.0.0/STM32CubeIDE/plugins/com.st.stm32cube.ide.mcu.externaltools.gnu-tools-for-stm32.13.3.rel1.win32_1.0.100.202509120712/tools/bin/../lib/gcc/arm-none-eabi/13.3.1/../../../../arm-none-eabi/lib/thumb/v7-m/nofp\libm.a
LOAD C:/ST/STM32CubeIDE_2.0.0/STM32CubeIDE/plugins/com.st.stm32cube.ide.mcu.externaltools.gnu-tools-for-stm32.13.3.rel1.win32_1.0.100.202509120712/tools/bin/../lib/gcc/arm-none-eabi/13.3.1/thumb/v7-m/nofp\libgcc.a

.comment        0x00000000       0x43
 .comment       0x00000000       0x43 ./Core/Src/app/app.o
                                 0x44 (size before relaxing)
 .comment       0x00000043        0x0 ./Core/Src/app/bt_link.o
                                 0x44 (size before relaxing)
 .comment       0x00000043        0x0 ./Core/Src/app/button_input.o
                                 0x44 (size before relaxing)
 .comment       0x00000043        0x0 ./Core/Src/app/buzzer.o
                                 0x44 (size before relaxing)
 .comment       0x00000043        0x0 ./Core/Src/app/led_ui.o
                                 0x44 (size before relaxing)
 .comment       0x00000043        0x0 ./Core/Src/app/light_sensor.o
                                 0x44 (size before relaxing)
 .comment       0x00000043        0x0 ./Core/Src/app/morse_decoder.o
                                 0x44 (size before relaxing)
 .comment       0x00000043        0x0 ./Core/Src/app/nv_store.o
                                 0x44 (size before relaxing)
 .comment       0x00000043        0x0 ./Core/Src/app/oled_ui.o
                                 0x44 (size before relaxing)
 .comment       0x00000043        0x0 ./Core/Src/app/setup_btn.o
                                 0x44 (size before relaxing)
 .comment       0x00000043        0x0 ./Core/Src/drivers/ldr.o
                                 0x44 (size before relaxing)
 .comment       0x00000043        0x0 ./Core/Src/drivers/ssd1306.o
                                 0x44 (size before relaxing)
 .comment       0x00000043        0x0 ./Core/Src/main.o
                                 0x44 (size before relaxing)
 .comment       0x00000043        0x0 ./Core/Src/stm32f1xx_hal_msp.o
                                 0x44 (size before relaxing)
 .comment       0x00000043        0x0 ./Core/Src/stm32f1xx_it.o
                                 0x44 (size before relaxing)
 .comment       0x00000043        0x0 ./Core/Src/sysmem.o
                                 0x44 (size before relaxing)
 .comment       0x00000043        0x0 ./Core/Src/system_stm32f1xx.o
                                 0x44 (size before relaxing)
 .comment       0x00000043        0x0 ./Drivers/STM32F1xx_HAL_Driver/Src/stm32f1xx_hal.o
                                 0x44 (size before relaxing)
 .comment       0x00000043        0x0 ./Drivers/STM32F1xx_HAL_Driver/Src/stm32f1xx_hal_adc.o
                                 0x44 (size before relaxing)
 .comment       0x00000043        0x0 ./Drivers/STM32F1xx_HAL_Driver/Src/stm32f1xx_hal_cortex.o
                                 0x44 (size before relaxing)
 .comment       0x00000043        0x0 ./Drivers/STM32F1xx_HAL_Driver/Src/stm32f1xx_hal_dma.o
                                 0x44 (size before relaxing)
 .comment       0x00000043        0x0 ./Drivers/STM32F1xx_HAL_Driver/Src/stm32f1xx_hal_flash.o
                                 0x44 (size before relaxing)
 .comment       0x00000043        0x0 ./Drivers/STM32F1xx_HAL_Driver/Src/stm32f1xx_hal_flash_ex.o
                                 0x44 (size before relaxing)
 .comment       0x00000043        0x0 ./Drivers/STM32F1xx_HAL_Driver/Src/stm32f1xx_hal_gpio.o
                                 0x44 (size before relaxing)
 .comment       0x00000043        0x0 ./Drivers/STM32F1xx_HAL_Driver/Src/stm32f1xx_hal_rcc.o
                                 0x44 (size before relaxing)
 .comment       0x00000043        0x0 ./Drivers/STM32F1xx_HAL_Driver/Src/stm32f1xx_hal_rcc_ex.o
                                 0x44 (size before relaxing)
 .comment       0x00000043        0x0 ./Drivers/STM32F1xx_HAL_Driver/Src/stm32f1xx_hal_spi.o
                                 0x44 (size before relaxing)
 .comment       0x00000043        0x0 ./Drivers/STM32F1xx_HAL_Driver/Src/stm32f1xx_hal_uart.o
                                 0x44 (size before relaxing)

.debug_frame    0x00000000      0x79c
 .debug_frame   0x00000000       0x64 C:/ST/STM32CubeIDE_2.0.0/STM32CubeIDE/plugins/com.st.stm32cube.ide.mcu.externaltools.gnu-tools-for-stm32.13.3.rel1.win32_1.0.100.202509120712/tools/bin/../lib/gcc/arm-none-eabi/13.3.1/../../../../arm-none-eabi/lib/thumb/v7-m/nofp\libc_nano.a(libc_a-strtoul.o)
 .debug_frame   0x00000064      0x144 C:/ST/STM32CubeIDE_2.0.0/STM32CubeIDE/plugins/com.st.stm32cube.ide.mcu.externaltools.gnu-tools-for-stm32.13.3.rel1.win32_1.0.100.202509120712/tools/bin/../lib/gcc/arm-none-eabi/13.3.1/../../../../arm-none-eabi/lib/thumb/v7-m/nofp\libc_nano.a(libc_a-findfp.o)
 .debug_frame   0x000001a8       0x7c C:/ST/STM32CubeIDE_2.0.0/STM32CubeIDE/plugins/com.st.stm32cube.ide.mcu.externaltools.gnu-tools-for-stm32.13.3.rel1.win32_1.0.100.202509120712/tools/bin/../lib/gcc/arm-none-eabi/13.3.1/../../../../arm-none-eabi/lib/thumb/v7-m/nofp\libc_nano.a(libc_a-snprintf.o)
 .debug_frame   0x00000224       0x4c C:/ST/STM32CubeIDE_2.0.0/STM32CubeIDE/plugins/com.st.stm32cube.ide.mcu.externaltools.gnu-tools-for-stm32.13.3.rel1.win32_1.0.100.202509120712/tools/bin/../lib/gcc/arm-none-eabi/13.3.1/../../../../arm-none-eabi/lib/thumb/v7-m/nofp\libc_nano.a(libc_a-vsnprintf.o)
 .debug_frame   0x00000270       0x20 C:/ST/STM32CubeIDE_2.0.0/STM32CubeIDE/plugins/com.st.stm32cube.ide.mcu.externaltools.gnu-tools-for-stm32.13.3.rel1.win32_1.0.100.202509120712/tools/bin/../lib/gcc/arm-none-eabi/13.3.1/../../../../arm-none-eabi/lib/thumb/v7-m/nofp\libc_nano.a(libc_a-memset.o)
 .debug_frame   0x00000290       0x28 C:/ST/STM32CubeIDE_2.0.0/STM32CubeIDE/plugins/com.st.stm32cube.ide.mcu.externaltools.gnu-tools-for-stm32.13.3.rel1.win32_1.0.100.202509120712/tools/bin/../lib/gcc/arm-none-eabi/13.3.1/../../../../arm-none-eabi/lib/thumb/v7-m/nofp\libc_nano.a(libc_a-strncmp.o)
 .debug_frame   0x000002b8       0x28 C:/ST/STM32CubeIDE_2.0.0/STM32CubeIDE/plugins/com.st.stm32cube.ide.mcu.externaltools.gnu-tools-for-stm32.13.3.rel1.win32_1.0.100.202509120712/tools/bin/../lib/gcc/arm-none-eabi/13.3.1/../../../../arm-none-eabi/lib/thumb/v7-m/nofp\libc_nano.a(libc_a-strncpy.o)
 .debug_frame   0x000002e0       0x2c C:/ST/STM32CubeIDE_2.0.0/STM32CubeIDE/plugins/com.st.stm32cube.ide.mcu.externaltools.gnu-tools-for-stm32.13.3.rel1.win32_1.0.100.202509120712/tools/bin/../lib/gcc/arm-none-eabi/13.3.1/../../../../arm-none-eabi/lib/thumb/v7-m/nofp\libc_nano.a(libc_a-strstr.o)
 .debug_frame   0x0000030c       0x38 C:/ST/STM32CubeIDE_2.0.0/STM32CubeIDE/plugins/com.st.stm32cube.ide.mcu.externaltools.gnu-tools-for-stm32.13.3.rel1.win32_1.0.100.202509120712/tools/bin/../lib/gcc/arm-none-eabi/13.3.1/../../../../arm-none-eabi/lib/thumb/v7-m/nofp\libc_nano.a(libc_a-reent.o)
 .debug_frame   0x00000344       0x20 C:/ST/STM32CubeIDE_2.0.0/STM32CubeIDE/plugins/com.st.stm32cube.ide.mcu.externaltools.gnu-tools-for-stm32.13.3.rel1.win32_1.0.100.202509120712/tools/bin/../lib/gcc/arm-none-eabi/13.3.1/../../../../arm-none-eabi/lib/thumb/v7-m/nofp\libc_nano.a(libc_a-errno.o)
 .debug_frame   0x00000364       0x2c C:/ST/STM32CubeIDE_2.0.0/STM32CubeIDE/plugins/com.st.stm32cube.ide.mcu.externaltools.gnu-tools-for-stm32.13.3.rel1.win32_1.0.100.202509120712/tools/bin/../lib/gcc/arm-none-eabi/13.3.1/../../../../arm-none-eabi/lib/thumb/v7-m/nofp\libc_nano.a(libc_a-init.o)
 .debug_frame   0x00000390       0xb0 C:/ST/STM32CubeIDE_2.0.0/STM32CubeIDE/plugins/com.st.stm32cube.ide.mcu.externaltools.gnu-tools-for-stm32.13.3.rel1.win32_1.0.100.202509120712/tools/bin/../lib/gcc/arm-none-eabi/13.3.1/../../../../arm-none-eabi/lib/thumb/v7-m/nofp\libc_nano.a(libc_a-lock.o)
 .debug_frame   0x00000440       0x20 C:/ST/STM32CubeIDE_2.0.0/STM32CubeIDE/plugins/com.st.stm32cube.ide.mcu.externaltools.gnu-tools-for-stm32.13.3.rel1.win32_1.0.100.202509120712/tools/bin/../lib/gcc/arm-none-eabi/13.3.1/../../../../arm-none-eabi/lib/thumb/v7-m/nofp\libc_nano.a(libc_a-strcmp.o)
 .debug_frame   0x00000460       0x28 C:/ST/STM32CubeIDE_2.0.0/STM32CubeIDE/plugins/com.st.stm32cube.ide.mcu.externaltools.gnu-tools-for-stm32.13.3.rel1.win32_1.0.100.202509120712/tools/bin/../lib/gcc/arm-none-eabi/13.3.1/../../../../arm-none-eabi/lib/thumb/v7-m/nofp\libc_nano.a(libc_a-memcpy-stub.o)
 .debug_frame   0x00000488       0x38 C:/ST/STM32CubeIDE_2.0.0/STM32CubeIDE/plugins/com.st.stm32cube.ide.mcu.externaltools.gnu-tools-for-stm32.13.3.rel1.win32_1.0.100.202509120712/tools/bin/../lib/gcc/arm-none-eabi/13.3.1/../../../../arm-none-eabi/lib/thumb/v7-m/nofp\libc_nano.a(libc_a-freer.o)
 .debug_frame   0x000004c0       0x50 C:/ST/STM32CubeIDE_2.0.0/STM32CubeIDE/plugins/com.st.stm32cube.ide.mcu.externaltools.gnu-tools-for-stm32.13.3.rel1.win32_1.0.100.202509120712/tools/bin/../lib/gcc/arm-none-eabi/13.3.1/../../../../arm-none-eabi/lib/thumb/v7-m/nofp\libc_nano.a(libc_a-mallocr.o)
 .debug_frame   0x00000510       0x30 C:/ST/STM32CubeIDE_2.0.0/STM32CubeIDE/plugins/com.st.stm32cube.ide.mcu.externaltools.gnu-tools-for-stm32.13.3.rel1.win32_1.0.100.202509120712/tools/bin/../lib/gcc/arm-none-eabi/13.3.1/../../../../arm-none-eabi/lib/thumb/v7-m/nofp\libc_nano.a(libc_a-mlock.o)
 .debug_frame   0x00000540       0x90 C:/ST/STM32CubeIDE_2.0.0/STM32CubeIDE/plugins/com.st.stm32cube.ide.mcu.externaltools.gnu-tools-for-stm32.13.3.rel1.win32_1.0.100.202509120712/tools/bin/../lib/gcc/arm-none-eabi/13.3.1/../../../../arm-none-eabi/lib/thumb/v7-m/nofp\libc_nano.a(libc_a-nano-svfprintf.o)
 .debug_frame   0x000005d0       0x60 C:/ST/STM32CubeIDE_2.0.0/STM32CubeIDE/plugins/com.st.stm32cube.ide.mcu.externaltools.gnu-tools-for-stm32.13.3.rel1.win32_1.0.100.202509120712/tools/bin/../lib/gcc/arm-none-eabi/13.3.1/../../../../arm-none-eabi/lib/thumb/v7-m/nofp\libc_nano.a(libc_a-nano-vfprintf_i.o)
 .debug_frame   0x00000630       0x28 C:/ST/STM32CubeIDE_2.0.0/STM32CubeIDE/plugins/com.st.stm32cube.ide.mcu.externaltools.gnu-tools-for-stm32.13.3.rel1.win32_1.0.100.202509120712/tools/bin/../lib/gcc/arm-none-eabi/13.3.1/../../../../arm-none-eabi/lib/thumb/v7-m/nofp\libc_nano.a(libc_a-memmove.o)
 .debug_frame   0x00000658       0x2c C:/ST/STM32CubeIDE_2.0.0/STM32CubeIDE/plugins/com.st.stm32cube.ide.mcu.externaltools.gnu-tools-for-stm32.13.3.rel1.win32_1.0.100.202509120712/tools/bin/../lib/gcc/arm-none-eabi/13.3.1/../../../../arm-none-eabi/lib/thumb/v7-m/nofp\libc_nano.a(libc_a-sbrkr.o)
 .debug_frame   0x00000684       0x28 C:/ST/STM32CubeIDE_2.0.0/STM32CubeIDE/plugins/com.st.stm32cube.ide.mcu.externaltools.gnu-tools-for-stm32.13.3.rel1.win32_1.0.100.202509120712/tools/bin/../lib/gcc/arm-none-eabi/13.3.1/../../../../arm-none-eabi/lib/thumb/v7-m/nofp\libc_nano.a(libc_a-memchr-stub.o)
 .debug_frame   0x000006ac       0x3c C:/ST/STM32CubeIDE_2.0.0/STM32CubeIDE/plugins/com.st.stm32cube.ide.mcu.externaltools.gnu-tools-for-stm32.13.3.rel1.win32_1.0.100.202509120712/tools/bin/../lib/gcc/arm-none-eabi/13.3.1/../../../../arm-none-eabi/lib/thumb/v7-m/nofp\libc_nano.a(libc_a-reallocr.o)
 .debug_frame   0x000006e8       0x20 C:/ST/STM32CubeIDE_2.0.0/STM32CubeIDE/plugins/com.st.stm32cube.ide.mcu.externaltools.gnu-tools-for-stm32.13.3.rel1.win32_1.0.100.202509120712/tools/bin/../lib/gcc/arm-none-eabi/13.3.1/../../../../arm-none-eabi/lib/thumb/v7-m/nofp\libc_nano.a(libc_a-msizer.o)
 .debug_frame   0x00000708       0x24 C:/ST/STM32CubeIDE_2.0.0/STM32CubeIDE/plugins/com.st.stm32cube.ide.mcu.externaltools.gnu-tools-for-stm32.13.3.rel1.win32_1.0.100.202509120712/tools/bin/../lib/gcc/arm-none-eabi/13.3.1/thumb/v7-m/nofp\libgcc.a(_arm_mulsf3.o)
 .debug_frame   0x0000072c       0x4c C:/ST/STM32CubeIDE_2.0.0/STM32CubeIDE/plugins/com.st.stm32cube.ide.mcu.externaltools.gnu-tools-for-stm32.13.3.rel1.win32_1.0.100.202509120712/tools/bin/../lib/gcc/arm-none-eabi/13.3.1/thumb/v7-m/nofp\libgcc.a(_arm_addsubsf3.o)
 .debug_frame   0x00000778       0x24 C:/ST/STM32CubeIDE_2.0.0/STM32CubeIDE/plugins/com.st.stm32cube.ide.mcu.externaltools.gnu-tools-for-stm32.13.3.rel1.win32_1.0.100.202509120712/tools/bin/../lib/gcc/arm-none-eabi/13.3.1/thumb/v7-m/nofp\libgcc.a(_arm_fixunssfsi.o)
