../Core/Src/drivers/ssd1306.c:13:20:cs_low	16	static
../Core/Src/drivers/ssd1306.c:14:20:cs_high	16	static
../Core/Src/drivers/ssd1306.c:16:20:dc_cmd	16	static
../Core/Src/drivers/ssd1306.c:17:20:dc_data	16	static
../Core/Src/drivers/ssd1306.c:19:20:res_low	16	static
../Core/Src/drivers/ssd1306.c:20:20:res_high	16	static
../Core/Src/drivers/ssd1306.c:128:26:spi_tx	24	static
../Core/Src/drivers/ssd1306.c:133:26:write_cmd1	24	static
../Core/Src/drivers/ssd1306.c:142:26:write_cmd2	24	static
../Core/Src/drivers/ssd1306.c:152:26:write_cmd3	24	static
../Core/Src/drivers/ssd1306.c:162:26:write_data	32	static
../Core/Src/drivers/ssd1306.c:171:13:hw_reset	16	static
../Core/Src/drivers/ssd1306.c:182:19:SSD1306_Init	24	static
../Core/Src/drivers/ssd1306.c:257:6:SSD1306_Clear	16	static
../Core/Src/drivers/ssd1306.c:265:6:SSD1306_Fill	16	static
../Core/Src/drivers/ssd1306.c:271:19:SSD1306_Update	24	static
../Core/Src/drivers/ssd1306.c:288:6:SSD1306_DrawPixel	24	static
../Core/Src/drivers/ssd1306.c:300:6:SSD1306_SetCursor	16	static
../Core/Src/drivers/ssd1306.c:307:6:SSD1306_DrawChar5x7	32	static
../Core/Src/drivers/ssd1306.c:338:6:SSD1306_DrawString5x7	24	static
