../Core/Src/drivers/ssd1306.c:14:20:cs_high	0	static
../Core/Src/drivers/ssd1306.c:16:20:dc_cmd	0	static
../Core/Src/drivers/ssd1306.c:13:20:cs_low	0	static
../Core/Src/drivers/ssd1306.c:142:26:write_cmd2	24	static
../Core/Src/drivers/ssd1306.c:133:26:write_cmd1	24	static
../Core/Src/drivers/ssd1306.c:152:26:write_cmd3	24	static
../Core/Src/drivers/ssd1306.c:257:6:SSD1306_Clear	8	static
../Core/Src/drivers/ssd1306.c:265:6:SSD1306_Fill	0	static
../Core/Src/drivers/ssd1306.c:271:19:SSD1306_Update	16	static
../Core/Src/drivers/ssd1306.c:182:19:SSD1306_Init	40	static
../Core/Src/drivers/ssd1306.c:288:6:SSD1306_DrawPixel	16	static
../Core/Src/drivers/ssd1306.c:300:6:SSD1306_SetCursor	0	static
../Core/Src/drivers/ssd1306.c:307:6:SSD1306_DrawChar5x7	40	static
../Core/Src/drivers/ssd1306.c:338:6:SSD1306_DrawString5x7	16	static
